<html>
<body>
<pre>
<h1>µVision Build Log</h1>
<h2>Tool Versions:</h2>
IDE-Version: ¦ÌVision V5.24.2.0
Copyright (C) 2017 ARM Ltd and ARM Germany GmbH. All rights reserved.
License Information: a AMEzero, a, LIC=03C6R-KW236-63NMB-2B1AY-15VI9-IETGA
 
Tool Versions:
Toolchain:       MDK-ARM Plus  Version: 5.24.1
Toolchain Path:  D:\keilMDK\ARM\Version5.06\Bin
C Compiler:      Armcc.exe V5.06 update 7 (build 960)
Assembler:       Armasm.exe V5.06 update 7 (build 960)
Linker/Locator:  ArmLink.exe V5.06 update 7 (build 960)
Library Manager: ArmAr.exe V5.06 update 7 (build 960)
Hex Converter:   FromElf.exe V5.06 update 7 (build 960)
CPU DLL:         SARMCM3.DLL V5.24.1
Dialog DLL:      DCM.DLL V1.16.0.0
Target DLL:      CMSIS_AGDI.dll V1.28.3.0
Dialog DLL:      TCM.DLL V1.32.0.0
 
<h2>Project:</h2>
C:\Users\AMEzero\Desktop\µ×ÅÌv2\vison-main\Engineer\MDK-ARM\Engineer.uvprojx
Project File Date:  04/24/2026

<h2>Output:</h2>
*** Using Compiler 'V5.06 update 7 (build 960)', folder: 'D:\keilMDK\ARM\Version5.06\Bin'
Build target 'Engineer'
compiling nac.c...
nac.h(107): warning:  #1295-D: Deprecated declaration NacSend - give arg types
  void NacSend();
nac.h(117): warning:  #1-D: last line of file ends without a newline
  #endif
nac.c: 2 warnings, 0 errors
compiling remote.c...
compiling arm.c...
../APPLICATION/nac.h(107): warning:  #1295-D: Deprecated declaration NacSend - give arg types
  void NacSend();
../APPLICATION/nac.h(117): warning:  #1-D: last line of file ends without a newline
  #endif
..\APPLICATION\arm\arm.c: 2 warnings, 0 errors
compiling robot_cmd.c...
../APPLICATION/nac.h(107): warning:  #1295-D: Deprecated declaration NacSend - give arg types
  void NacSend();
../APPLICATION/nac.h(117): warning:  #1-D: last line of file ends without a newline
  #endif
..\APPLICATION\cmd\robot_cmd.c: 2 warnings, 0 errors
compiling Test.c...
../APPLICATION/nac.h(107): warning:  #1295-D: Deprecated declaration NacSend - give arg types
  void NacSend();
../APPLICATION/nac.h(117): warning:  #1-D: last line of file ends without a newline
  #endif
..\APPLICATION\Test.h(5): warning:  #1295-D: Deprecated declaration all_init_Task - give arg types
  void all_init_Task();
..\APPLICATION\Test.h(6): warning:  #1295-D: Deprecated declaration all_cmd_Task - give arg types
  void all_cmd_Task();
..\APPLICATION\Test.c(44): warning:  #223-D: function "ChassisTest_OldVersion" declared implicitly
  	ChassisTest_OldVersion();
..\APPLICATION\Test.c: 5 warnings, 0 errors
compiling shoot.c...
../APPLICATION/nac.h(107): warning:  #1295-D: Deprecated declaration NacSend - give arg types
  void NacSend();
../APPLICATION/nac.h(117): warning:  #1-D: last line of file ends without a newline
  #endif
..\APPLICATION\shoot\shoot.c(44): warning:  #188-D: enumerated type mixed with another type
          .Improve           = PID_Trapezoid_Intergral | PID_DerivativeFilter | PID_DerivativeFilter | PID_Derivative_On_Measurement | PID_Integral_Limit | PID_Derivative_On_Measurement,
..\APPLICATION\shoot\shoot.c(62): warning:  #188-D: enumerated type mixed with another type
  								.Improve= PID_Trapezoid_Intergral | PID_Integral_Limit | PID_Derivative_On_Measurement,
..\APPLICATION\shoot\shoot.c(79): warning:  #188-D: enumerated type mixed with another type
              .close_loop_type       = CURRENT_LOOP | SPEED_LOOP  ,
..\APPLICATION\shoot\shoot.c(107): warning:  #188-D: enumerated type mixed with another type
                  .Improve           = PID_Trapezoid_Intergral | PID_Integral_Limit | PID_Derivative_On_Measurement | PID_DerivativeFilter | PID_ErrorHandle,
..\APPLICATION\shoot\shoot.c(118): warning:  #188-D: enumerated type mixed with another type
  							.Improve       = PID_Trapezoid_Intergral | PID_Integral_Limit | PID_Derivative_On_Measurement,
..\APPLICATION\shoot\shoot.c(137): warning:  #188-D: enumerated type mixed with another type
  					.close_loop_type       = CURRENT_LOOP | SPEED_LOOP |ANGLE_LOOP,
..\APPLICATION\shoot\shoot.c(198): warning:  #1035-D: single-precision operand implicitly converted to double-precision
  	motor->motor_controller.speed_PID.Kp  = (motor->motor_controller.speed_PID.Kp < gains_pid.Kp)? motor->motor_controller.speed_PID.Kp*0.9+gains_pid.Kp*0.1 : gains_pid.Kp;
..\APPLICATION\shoot\shoot.c(198): warning:  #1035-D: single-precision operand implicitly converted to double-precision
  	motor->motor_controller.speed_PID.Kp  = (motor->motor_controller.speed_PID.Kp < gains_pid.Kp)? motor->motor_controller.speed_PID.Kp*0.9+gains_pid.Kp*0.1 : gains_pid.Kp;
..\APPLICATION\shoot\shoot.c(199): warning:  #1035-D: single-precision operand implicitly converted to double-precision
  	motor->motor_controller.speed_PID.Ki =(motor->motor_controller.speed_PID.Ki < gains_pid.Ki)? motor->motor_controller.speed_PID.Ki*0.9+gains_pid.Ki*0.1:gains_pid.Ki;
..\APPLICATION\shoot\shoot.c(199): warning:  #1035-D: single-precision operand implicitly converted to double-precision
  	motor->motor_controller.speed_PID.Ki =(motor->motor_controller.speed_PID.Ki < gains_pid.Ki)? motor->motor_controller.speed_PID.Ki*0.9+gains_pid.Ki*0.1:gains_pid.Ki;
..\APPLICATION\shoot\shoot.c(200): warning:  #1035-D: single-precision operand implicitly converted to double-precision
  	motor->motor_controller.speed_PID.Kd =(motor->motor_controller.speed_PID.Kd < gains_pid.Kd)?motor->motor_controller.speed_PID.Kd*0.9+gains_pid.Kd*0.1:gains_pid.Kd;
..\APPLICATION\shoot\shoot.c(200): warning:  #1035-D: single-precision operand implicitly converted to double-precision
  	motor->motor_controller.speed_PID.Kd =(motor->motor_controller.speed_PID.Kd < gains_pid.Kd)?motor->motor_controller.speed_PID.Kd*0.9+gains_pid.Kd*0.1:gains_pid.Kd;
..\APPLICATION\shoot\shoot.c(203): warning:  #1035-D: single-precision operand implicitly converted to double-precision
  		motor->motor_controller.speed_PID.Kp = (motor->motor_controller.speed_PID.Kp >4)     ? (motor->motor_controller.speed_PID.Kp  -  0.1* gains_pid.Kp)/0.9 : 4;
..\APPLICATION\shoot\shoot.c(204): warning:  #1035-D: single-precision operand implicitly converted to double-precision
  		motor->motor_controller.speed_PID.Ki = (motor->motor_controller.speed_PID.Ki >0.025) ? (motor->motor_controller.speed_PID.Ki  -  0.1* gains_pid.Ki)/0.9 : 0.025;
..\APPLICATION\shoot\shoot.c(204): warning:  #1035-D: single-precision operand implicitly converted to double-precision
  		motor->motor_controller.speed_PID.Ki = (motor->motor_controller.speed_PID.Ki >0.025) ? (motor->motor_controller.speed_PID.Ki  -  0.1* gains_pid.Ki)/0.9 : 0.025;
..\APPLICATION\shoot\shoot.c(205): warning:  #1035-D: single-precision operand implicitly converted to double-precision
  		motor->motor_controller.speed_PID.Kd = (motor->motor_controller.speed_PID.Kd >0.02)  ? (motor->motor_controller.speed_PID.Kd  -  0.1* gains_pid.Kd)/0.9 : 0.0;	
..\APPLICATION\shoot\shoot.c(205): warning:  #1035-D: single-precision operand implicitly converted to double-precision
  		motor->motor_controller.speed_PID.Kd = (motor->motor_controller.speed_PID.Kd >0.02)  ? (motor->motor_controller.speed_PID.Kd  -  0.1* gains_pid.Kd)/0.9 : 0.0;	
..\APPLICATION\shoot\shoot.c(234): warning:  #177-D: function "ShootangleInit"  was declared but never referenced
  static void ShootangleInit(){
..\APPLICATION\shoot\shoot.c(13): warning:  #550-D: variable "motor_3508_4"  was set but never used
  static DJIMotor_Instance *motor_3508_1, *motor_3508_2, *motor_3508_3,*motor_3508_4;
..\APPLICATION\shoot\shoot.c(14): warning:  #177-D: variable "totalangle_1"  was declared but never referenced
  static float totalangle_1 = 0;
..\APPLICATION\shoot\shoot.c(17): warning:  #177-D: variable "is_init"  was declared but never referenced
  static int8_t is_init = 0;
..\APPLICATION\shoot\shoot.c(18): warning:  #177-D: variable "angle"  was declared but never referenced
  static float angle = 100;
..\APPLICATION\shoot\shoot.c(20): warning:  #177-D: variable "Ang"  was declared but never referenced
  static float Ang,Vec,control = 0 ;
..\APPLICATION\shoot\shoot.c(20): warning:  #177-D: variable "control"  was declared but never referenced
  static float Ang,Vec,control = 0 ;
..\APPLICATION\shoot\shoot.c(218): warning:  #177-D: function "MinmizeRotation"  was declared but never referenced
  static void MinmizeRotation(int *angle, uint16_t *last_angle, float *speed)
..\APPLICATION\shoot\shoot.c: 27 warnings, 0 errors
compiling main.c...
../APPLICATION/nac.h(107): warning:  #1295-D: Deprecated declaration NacSend - give arg types
  void NacSend();
../APPLICATION/nac.h(117): warning:  #1-D: last line of file ends without a newline
  #endif
../APPLICATION/Test.h(5): warning:  #1295-D: Deprecated declaration all_init_Task - give arg types
  void all_init_Task();
../APPLICATION/Test.h(6): warning:  #1295-D: Deprecated declaration all_cmd_Task - give arg types
  void all_cmd_Task();
../Core/Src/main.c: 4 warnings, 0 errors
compiling freertos.c...
../APPLICATION/nac.h(107): warning:  #1295-D: Deprecated declaration NacSend - give arg types
  void NacSend();
../APPLICATION/nac.h(117): warning:  #1-D: last line of file ends without a newline
  #endif
../APPLICATION/Test.h(5): warning:  #1295-D: Deprecated declaration all_init_Task - give arg types
  void all_init_Task();
../APPLICATION/Test.h(6): warning:  #1295-D: Deprecated declaration all_cmd_Task - give arg types
  void all_cmd_Task();
../Core/Src/freertos.c: 4 warnings, 0 errors
compiling chassis.c...
../APPLICATION/nac.h(107): warning:  #1295-D: Deprecated declaration NacSend - give arg types
  void NacSend();
../APPLICATION/nac.h(117): warning:  #1-D: last line of file ends without a newline
  #endif
..\APPLICATION\chassis\chassis.c(123): warning:  #188-D: enumerated type mixed with another type
                  .Improve       = PID_Trapezoid_Intergral | PID_Integral_Limit | PID_Derivative_On_Measurement,
..\APPLICATION\chassis\chassis.c(131): warning:  #188-D: enumerated type mixed with another type
                  .Improve       = PID_Trapezoid_Intergral | PID_Integral_Limit | PID_Derivative_On_Measurement,
..\APPLICATION\chassis\chassis.c(139): warning:  #188-D: enumerated type mixed with another type
              .close_loop_type       = CURRENT_LOOP | SPEED_LOOP,
..\APPLICATION\chassis\chassis.c(171): warning:  #188-D: enumerated type mixed with another type
                  .Improve           = PID_Trapezoid_Intergral | PID_Integral_Limit | PID_Derivative_On_Measurement | PID_DerivativeFilter | PID_ChangingIntegrationRate,
..\APPLICATION\chassis\chassis.c(181): warning:  #188-D: enumerated type mixed with another type
                  .Improve       = PID_Integral_Limit | PID_Derivative_On_Measurement | PID_ChangingIntegrationRate | PID_OutputFilter,
..\APPLICATION\chassis\chassis.c(212): warning:  #188-D: enumerated type mixed with another type
              .close_loop_type       = SPEED_LOOP | ANGLE_LOOP,
..\APPLICATION\chassis\chassis.c(233): warning:  #188-D: enumerated type mixed with another type
          .Improve           = PID_Trapezoid_Intergral | PID_DerivativeFilter | PID_DerivativeFilter | PID_Derivative_On_Measurement | PID_Integral_Limit | PID_Derivative_On_Measurement,
..\APPLICATION\chassis\chassis.c(285): warning:  #546-D: transfer of control bypasses initialization of:
            variable "target_error"  (declared at line 312)
      switch(chassis_ctrl_cmd.correct_mode)
      ^
..\APPLICATION\chassis\chassis.c(361): warning:  #177-D: function "SteeringWheelCalculate"  was declared but never referenced
  static void SteeringWheelCalculate()
..\APPLICATION\chassis\chassis.c: 11 warnings, 0 errors
linking...
Program Size: Code=64292 RO-data=3856 RW-data=1372 ZI-data=97384  
FromELF: creating hex file...
"Engineer\Engineer.axf" - 0 Error(s), 57 Warning(s).

<h2>Software Packages used:</h2>

Package Vendor: ARM
                http://www.keil.com/pack/ARM.CMSIS.5.6.0.pack
                ARM.CMSIS.5.6.0
                CMSIS (Cortex Microcontroller Software Interface Standard)
   * Component: CORE Version: 5.3.0

Package Vendor: Keil
                https://www.keil.com/pack/Keil.STM32F4xx_DFP.2.17.0.pack
                Keil.STM32F4xx_DFP.2.17.0
                STMicroelectronics STM32F4 Series Device Support, Drivers and Examples

<h2>Collection of Component include folders:</h2>
  .\RTE\_Engineer
  D:\keilMDK\ARM\PACK\ARM\CMSIS\5.6.0\CMSIS\Core\Include
  D:\keilMDK\ARM\PACK\Keil\STM32F4xx_DFP\2.17.0\Drivers\CMSIS\Device\ST\STM32F4xx\Include

<h2>Collection of Component Files used:</h2>

   * Component: ARM::CMSIS:CORE:5.3.0
Build Time Elapsed:  00:00:04
</pre>
</body>
</html>
