Component: ARM Compiler 5.06 update 7 (build 960) Tool: armlink [4d3601]

==============================================================================

Section Cross References

    startup_stm32f407xx.o(STACK) refers (Special) to heapauxi.o(.text) for __use_two_region_memory
    startup_stm32f407xx.o(HEAP) refers (Special) to heapauxi.o(.text) for __use_two_region_memory
    startup_stm32f407xx.o(RESET) refers (Special) to heapauxi.o(.text) for __use_two_region_memory
    startup_stm32f407xx.o(RESET) refers to startup_stm32f407xx.o(STACK) for __initial_sp
    startup_stm32f407xx.o(RESET) refers to startup_stm32f407xx.o(.text) for Reset_Handler
    startup_stm32f407xx.o(RESET) refers to stm32f4xx_it.o(i.NMI_Handler) for NMI_Handler
    startup_stm32f407xx.o(RESET) refers to stm32f4xx_it.o(i.HardFault_Handler) for HardFault_Handler
    startup_stm32f407xx.o(RESET) refers to stm32f4xx_it.o(i.MemManage_Handler) for MemManage_Handler
    startup_stm32f407xx.o(RESET) refers to stm32f4xx_it.o(i.BusFault_Handler) for BusFault_Handler
    startup_stm32f407xx.o(RESET) refers to stm32f4xx_it.o(i.UsageFault_Handler) for UsageFault_Handler
    startup_stm32f407xx.o(RESET) refers to port.o(.emb_text) for SVC_Handler
    startup_stm32f407xx.o(RESET) refers to stm32f4xx_it.o(i.DebugMon_Handler) for DebugMon_Handler
    startup_stm32f407xx.o(RESET) refers to port.o(i.SysTick_Handler) for SysTick_Handler
    startup_stm32f407xx.o(RESET) refers to stm32f4xx_it.o(i.DMA1_Stream1_IRQHandler) for DMA1_Stream1_IRQHandler
    startup_stm32f407xx.o(RESET) refers to stm32f4xx_it.o(i.CAN1_RX0_IRQHandler) for CAN1_RX0_IRQHandler
    startup_stm32f407xx.o(RESET) refers to stm32f4xx_it.o(i.CAN1_RX1_IRQHandler) for CAN1_RX1_IRQHandler
    startup_stm32f407xx.o(RESET) refers to stm32f4xx_it.o(i.SPI1_IRQHandler) for SPI1_IRQHandler
    startup_stm32f407xx.o(RESET) refers to stm32f4xx_it.o(i.TIM8_TRG_COM_TIM14_IRQHandler) for TIM8_TRG_COM_TIM14_IRQHandler
    startup_stm32f407xx.o(RESET) refers to stm32f4xx_it.o(i.DMA2_Stream0_IRQHandler) for DMA2_Stream0_IRQHandler
    startup_stm32f407xx.o(RESET) refers to stm32f4xx_it.o(i.DMA2_Stream2_IRQHandler) for DMA2_Stream2_IRQHandler
    startup_stm32f407xx.o(RESET) refers to stm32f4xx_it.o(i.DMA2_Stream3_IRQHandler) for DMA2_Stream3_IRQHandler
    startup_stm32f407xx.o(RESET) refers to stm32f4xx_it.o(i.CAN2_RX0_IRQHandler) for CAN2_RX0_IRQHandler
    startup_stm32f407xx.o(RESET) refers to stm32f4xx_it.o(i.CAN2_RX1_IRQHandler) for CAN2_RX1_IRQHandler
    startup_stm32f407xx.o(RESET) refers to stm32f4xx_it.o(i.OTG_FS_IRQHandler) for OTG_FS_IRQHandler
    startup_stm32f407xx.o(.text) refers (Special) to heapauxi.o(.text) for __use_two_region_memory
    startup_stm32f407xx.o(.text) refers to system_stm32f4xx.o(i.SystemInit) for SystemInit
    startup_stm32f407xx.o(.text) refers to __main.o(!!!main) for __main
    startup_stm32f407xx.o(.text) refers to startup_stm32f407xx.o(HEAP) for Heap_Mem
    startup_stm32f407xx.o(.text) refers to startup_stm32f407xx.o(STACK) for Stack_Mem
    main.o(i.HAL_TIM_PeriodElapsedCallback) refers to stm32f4xx_hal.o(i.HAL_IncTick) for HAL_IncTick
    main.o(i.SystemClock_Config) refers to rt_memclr_w.o(.text) for __aeabi_memclr4
    main.o(i.SystemClock_Config) refers to stm32f4xx_hal_rcc.o(i.HAL_RCC_OscConfig) for HAL_RCC_OscConfig
    main.o(i.SystemClock_Config) refers to main.o(i.Error_Handler) for Error_Handler
    main.o(i.SystemClock_Config) refers to stm32f4xx_hal_rcc.o(i.HAL_RCC_ClockConfig) for HAL_RCC_ClockConfig
    main.o(i.main) refers to stm32f4xx_hal.o(i.HAL_Init) for HAL_Init
    main.o(i.main) refers to main.o(i.SystemClock_Config) for SystemClock_Config
    main.o(i.main) refers to gpio.o(i.MX_GPIO_Init) for MX_GPIO_Init
    main.o(i.main) refers to dma.o(i.MX_DMA_Init) for MX_DMA_Init
    main.o(i.main) refers to can.o(i.MX_CAN1_Init) for MX_CAN1_Init
    main.o(i.main) refers to can.o(i.MX_CAN2_Init) for MX_CAN2_Init
    main.o(i.main) refers to usart.o(i.MX_USART3_UART_Init) for MX_USART3_UART_Init
    main.o(i.main) refers to spi.o(i.MX_SPI1_Init) for MX_SPI1_Init
    main.o(i.main) refers to tim.o(i.MX_TIM10_Init) for MX_TIM10_Init
    main.o(i.main) refers to usart.o(i.MX_USART1_UART_Init) for MX_USART1_UART_Init
    main.o(i.main) refers to usart.o(i.MX_USART6_UART_Init) for MX_USART6_UART_Init
    main.o(i.main) refers to robot_cmd.o(i.RobotCMDInit) for RobotCMDInit
    main.o(i.main) refers to test.o(i.all_init_Task) for all_init_Task
    main.o(i.main) refers to freertos.o(i.MX_FREERTOS_Init) for MX_FREERTOS_Init
    main.o(i.main) refers to cmsis_os.o(i.osKernelStart) for osKernelStart
    gpio.o(i.MX_GPIO_Init) refers to rt_memclr_w.o(.text) for __aeabi_memclr4
    gpio.o(i.MX_GPIO_Init) refers to stm32f4xx_hal_gpio.o(i.HAL_GPIO_WritePin) for HAL_GPIO_WritePin
    gpio.o(i.MX_GPIO_Init) refers to stm32f4xx_hal_gpio.o(i.HAL_GPIO_Init) for HAL_GPIO_Init
    freertos.o(i.ChassisTask_f) refers to test.o(i.all_cmd_Task) for all_cmd_Task
[...]
    __hardfp_acosf                           0x0800d285   Thumb Code   234  acosf.o(i.__hardfp_acosf)
    __hardfp_asinf                           0x0800d39d   Thumb Code   258  asinf.o(i.__hardfp_asinf)
    __hardfp_atan2f                          0x0800d4c9   Thumb Code   594  atan2f.o(i.__hardfp_atan2f)
    __hardfp_cosf                            0x0800d775   Thumb Code   280  cosf.o(i.__hardfp_cosf)
    __hardfp_sinf                            0x0800d8c5   Thumb Code   344  sinf.o(i.__hardfp_sinf)
    __hardfp_sqrtf                           0x0800da55   Thumb Code    58  sqrtf.o(i.__hardfp_sqrtf)
    __mathlib_flt_infnan                     0x0800da8f   Thumb Code     6  funder.o(i.__mathlib_flt_infnan)
    __mathlib_flt_infnan2                    0x0800da95   Thumb Code     6  funder.o(i.__mathlib_flt_infnan2)
    __mathlib_flt_invalid                    0x0800da9d   Thumb Code    10  funder.o(i.__mathlib_flt_invalid)
    __mathlib_flt_underflow                  0x0800daad   Thumb Code    10  funder.o(i.__mathlib_flt_underflow)
    __mathlib_rredf2                         0x0800dabd   Thumb Code   316  rredf.o(i.__mathlib_rredf2)
    all_cmd_Task                             0x0800dc11   Thumb Code    16  test.o(i.all_cmd_Task)
    all_init_Task                            0x0800dc21   Thumb Code     8  test.o(i.all_init_Task)
    bmi088_accel_init                        0x0800dc29   Thumb Code   362  bmi088driver.o(i.bmi088_accel_init)
    bmi088_gyro_init                         0x0800ddad   Thumb Code   298  bmi088driver.o(i.bmi088_gyro_init)
    float_constrain                          0x0800e2d3   Thumb Code    42  user_lib.o(i.float_constrain)
    float_rounding                           0x0800e2fd   Thumb Code    62  user_lib.o(i.float_rounding)
    main                                     0x0800e381   Thumb Code    64  main.o(i.main)
    on_receive_CmdVel                        0x0800e3d1   Thumb Code    28  usb.o(i.on_receive_CmdVel)
    on_receive_Handshake                     0x0800e3f5   Thumb Code     2  usb.o(i.on_receive_Handshake)
    on_receive_Heartbeat                     0x0800e3f9   Thumb Code    14  usb.o(i.on_receive_Heartbeat)
    osDelay                                  0x0800e40d   Thumb Code    24  cmsis_os.o(i.osDelay)
    osKernelStart                            0x0800e425   Thumb Code    10  cmsis_os.o(i.osKernelStart)
    osThreadCreate                           0x0800e42f   Thumb Code    94  cmsis_os.o(i.osThreadCreate)
    protocol_fsm_feed                        0x0800e48d   Thumb Code   296  protocol.o(i.protocol_fsm_feed)
    pvPortMalloc                             0x0800ea55   Thumb Code   306  heap_4.o(i.pvPortMalloc)
    pxPortInitialiseStack                    0x0800eba1   Thumb Code    38  port.o(i.pxPortInitialiseStack)
    send_Handshake                           0x0800ed75   Thumb Code   104  protocol.o(i.send_Handshake)
    sqrtf                                    0x0800ede1   Thumb Code    62  sqrtf.o(i.sqrtf)
    uxListRemove                             0x0800ee1f   Thumb Code    40  list.o(i.uxListRemove)
    vApplicationGetIdleTaskMemory            0x0800ee49   Thumb Code    14  freertos.o(i.vApplicationGetIdleTaskMemory)
    vListInitialise                          0x0800ee61   Thumb Code    26  list.o(i.vListInitialise)
    vListInitialiseItem                      0x0800ee7b   Thumb Code     6  list.o(i.vListInitialiseItem)
    vListInsert                              0x0800ee81   Thumb Code    52  list.o(i.vListInsert)
    vListInsertEnd                           0x0800eeb5   Thumb Code    24  list.o(i.vListInsertEnd)
    vPortEnterCritical                       0x0800eecd   Thumb Code    76  port.o(i.vPortEnterCritical)
    vPortExitCritical                        0x0800ef21   Thumb Code    56  port.o(i.vPortExitCritical)
    vPortFree                                0x0800ef5d   Thumb Code   150  heap_4.o(i.vPortFree)
    vPortSetupTimerInterrupt                 0x0800f001   Thumb Code    36  port.o(i.vPortSetupTimerInterrupt)
    vTaskDelay                               0x0800f029   Thumb Code    82  tasks.o(i.vTaskDelay)
    vTaskStartScheduler                      0x0800f085   Thumb Code   146  tasks.o(i.vTaskStartScheduler)
    vTaskSuspendAll                          0x0800f135   Thumb Code    12  tasks.o(i.vTaskSuspendAll)
    vTaskSwitchContext                       0x0800f145   Thumb Code   118  tasks.o(i.vTaskSwitchContext)
    xPortStartScheduler                      0x0800f1d1   Thumb Code   330  port.o(i.xPortStartScheduler)
    xTaskCreate                              0x0800f339   Thumb Code   100  tasks.o(i.xTaskCreate)
    xTaskCreateStatic                        0x0800f39d   Thumb Code   186  tasks.o(i.xTaskCreateStatic)
    xTaskIncrementTick                       0x0800f459   Thumb Code   282  tasks.o(i.xTaskIncrementTick)
    xTaskResumeAll                           0x0800f5a1   Thumb Code   224  tasks.o(i.xTaskResumeAll)
    __aeabi_d2f                              0x0800f6a5   Thumb Code     0  d2f.o(x$fpl$d2f)
    _d2f                                     0x0800f6a5   Thumb Code    98  d2f.o(x$fpl$d2f)
    __aeabi_ddiv                             0x0800f709   Thumb Code     0  ddiv.o(x$fpl$ddiv)
    _ddiv                                    0x0800f709   Thumb Code   552  ddiv.o(x$fpl$ddiv)
    __aeabi_dmul                             0x0800f9b9   Thumb Code     0  dmul.o(x$fpl$dmul)
    _dmul                                    0x0800f9b9   Thumb Code   332  dmul.o(x$fpl$dmul)
    __fpl_dnaninf                            0x0800fb0d   Thumb Code   156  dnaninf.o(x$fpl$dnaninf)
    __fpl_dretinf                            0x0800fba9   Thumb Code    12  dretinf.o(x$fpl$dretinf)
    __aeabi_f2d                              0x0800fbb5   Thumb Code     0  f2d.o(x$fpl$f2d)
    _f2d                                     0x0800fbb5   Thumb Code    86  f2d.o(x$fpl$f2d)
    __fpl_fnaninf                            0x0800fc0b   Thumb Code   140  fnaninf.o(x$fpl$fnaninf)
    _fp_init                                 0x0800fc97   Thumb Code    10  fpinit.o(x$fpl$fpinit)
    __fplib_config_fpu_vfp                   0x0800fc9f   Thumb Code     0  fpinit.o(x$fpl$fpinit)
    __fplib_config_pureend_doubles           0x0800fc9f   Thumb Code     0  fpinit.o(x$fpl$fpinit)
    __fpl_fretinf                            0x0800fca1   Thumb Code    10  fretinf.o(x$fpl$fretinf)
    __I$use$fp                               0x0800fcaa   Number         0  usenofp.o(x$fpl$usenofp)
    AHBPrescTable                            0x0800fd24   Data          16  system_stm32f4xx.o(.constdata)
    APBPrescTable                            0x0800fd34   Data           8  system_stm32f4xx.o(.constdata)
    xb                                       0x0800fd54   Data          12  ins_task.o(.constdata)
    yb                                       0x0800fd60   Data          12  ins_task.o(.constdata)
    zb                                       0x0800fd6c   Data          12  ins_task.o(.constdata)
    IMU_QuaternionEKF_F                      0x0800fdbc   Data         144  quaternionekf.o(.constdata)
    sinTable_f32                             0x080101f0   Data        2052  arm_common_tables.o(.rodata.sinTable_f32)
    Region$$Table$$Base                      0x080109f4   Number         0  anon$$obj.o(Region$$Table)
    Region$$Table$$Limit                     0x08010a34   Number         0  anon$$obj.o(Region$$Table)
    uwTick                                   0x20000004   Data           4  stm32f4xx_hal.o(.data)
    uwTickPrio                               0x20000008   Data           4  stm32f4xx_hal.o(.data)
    uwTickFreq                               0x2000000c   Data           1  stm32f4xx_hal.o(.data)
    BMI088_ACCEL_SEN                         0x20000204   Data           4  bmi088driver.o(.data)
    BMI088_GYRO_SEN                          0x20000208   Data           4  bmi088driver.o(.data)
    gNormDiff                                0x20000210   Data           4  bmi088driver.o(.data)
    caliOffset                               0x20000214   Data           1  bmi088driver.o(.data)
    caliCount                                0x20000216   Data           2  bmi088driver.o(.data)
    BMI088_SPI                               0x2000024c   Data           4  bmi088middleware.o(.data)
    IMU_QuaternionEKF_P                      0x2000029c   Data         144  quaternionekf.o(.data)
    usb_last_recv_time                       0x20000370   Data           4  usb.o(.data)
    rc_cmd                                   0x20000384   Data           4  chassis.o(.data)
    motor_lf                                 0x20000388   Data           4  chassis.o(.data)
    motor_rf                                 0x2000038c   Data           4  chassis.o(.data)
    motor_lb                                 0x20000390   Data           4  chassis.o(.data)
    motor_rb                                 0x20000394   Data           4  chassis.o(.data)
    motor_steering_lf                        0x20000398   Data           4  chassis.o(.data)
    motor_steering_rf                        0x2000039c   Data           4  chassis.o(.data)
    motor_steering_lb                        0x200003a0   Data           4  chassis.o(.data)
    motor_steering_rb                        0x200003a4   Data           4  chassis.o(.data)
    vt_lf                                    0x200003a8   Data           4  chassis.o(.data)
    vt_rf                                    0x200003ac   Data           4  chassis.o(.data)
    vt_lb                                    0x200003b0   Data           4  chassis.o(.data)
    vt_rb                                    0x200003b4   Data           4  chassis.o(.data)
    at_lf                                    0x200003b8   Data           4  chassis.o(.data)
    at_rf                                    0x200003bc   Data           4  chassis.o(.data)
    at_lb                                    0x200003c0   Data           4  chassis.o(.data)
    at_rb                                    0x200003c4   Data           4  chassis.o(.data)
    pxCurrentTCB                             0x200003d4   Data           4  tasks.o(.data)
    FS_Desc                                  0x20000410   Data          28  usbd_desc.o(.data)
    USBD_FS_DeviceDesc                       0x2000042c   Data          18  usbd_desc.o(.data)
    USBD_LangIDDesc                          0x20000440   Data           4  usbd_desc.o(.data)
    USBD_StringSerial                        0x20000444   Data          26  usbd_desc.o(.data)
    USBD_Interface_fops_FS                   0x20000460   Data          20  usbd_cdc_if.o(.data)
    USBD_CDC                                 0x20000484   Data          56  usbd_cdc.o(.data)
    hcan1                                    0x20000768   Data          40  can.o(.bss)
    hcan2                                    0x20000790   Data          40  can.o(.bss)
    hspi1                                    0x200007b8   Data          88  spi.o(.bss)
    hdma_spi1_rx                             0x20000810   Data          96  spi.o(.bss)
    hdma_spi1_tx                             0x20000870   Data          96  spi.o(.bss)
    htim10                                   0x200008d0   Data          72  tim.o(.bss)
    huart1                                   0x20000918   Data          72  usart.o(.bss)
    huart3                                   0x20000960   Data          72  usart.o(.bss)
    huart6                                   0x200009a8   Data          72  usart.o(.bss)
    hdma_usart1_rx                           0x200009f0   Data          96  usart.o(.bss)
    hdma_usart3_rx                           0x20000a50   Data          96  usart.o(.bss)
    htim14                                   0x20000ab0   Data          72  stm32f4xx_hal_timebase_tim.o(.bss)
    QEKF_INS                                 0x20000d78   Data         480  quaternionekf.o(.bss)
    IMU_QuaternionEKF_K                      0x20000f58   Data          72  quaternionekf.o(.bss)
    IMU_QuaternionEKF_H                      0x20000fa0   Data          72  quaternionekf.o(.bss)
    usb_chassis_cmd                          0x20000fe8   Data          12  usb.o(.bss)
    chassis_follow_pid                       0x200014f8   Data         120  chassis.o(.bss)
    chassis_ctrl_cmd                         0x20001570   Data          42  chassis.o(.bss)
    hUsbDeviceFS                             0x200064ac   Data         732  usb_device.o(.bss)
    USBD_StrDesc                             0x20006788   Data         512  usbd_desc.o(.bss)
    UserRxBufferFS                           0x20006988   Data        2048  usbd_cdc_if.o(.bss)
    UserTxBufferFS                           0x20007188   Data        2048  usbd_cdc_if.o(.bss)
    hpcd_USB_OTG_FS                          0x20007988   Data        1252  usbd_conf.o(.bss)
    __libspace_start                         0x2000808c   Data          96  libspace.o(.bss)
    __temporary_stack_top$libspace           0x200080ec   Data           0  libspace.o(.bss)
    ImuTaskHandle                            0x2001c000   Data           4  freertos.o(.data)
    ChassisTaskHandle                        0x2001c004   Data           4  freertos.o(.data)
    UsbTaskHandle                            0x2001c008   Data           4  freertos.o(.data)
    ArmTaskHandle                            0x2001c00c   Data           4  freertos.o(.data)
    SystemCoreClock                          0x2001c010   Data           4  system_stm32f4xx.o(.data)
    sizeof_float                             0x2001c01e   Data           2  kalman_filter.o(.data)
    sizeof_double                            0x2001c020   Data           2  kalman_filter.o(.data)
    gyroDiff                                 0x2001c094   Data          12  bmi088driver.o(.bss)
    BMI088                                   0x2001c0a0   Data          52  bmi088driver.o(.bss)



==============================================================================

Memory Map of the image

  Image Entry point : 0x08000189

  Load Region LR_IROM1 (Base: 0x08000000, Size: 0x00010f90, Max: 0x00100000, ABSOLUTE, COMPRESSED[0x00010bbc])

    Execution Region ER_IROM1 (Exec base: 0x08000000, Load base: 0x08000000, Size: 0x00010a34, Max: 0x00100000, ABSOLUTE)

    Exec Addr    Load Addr    Size         Type   Attr      Idx    E Section Name        Object

    0x08000000   0x08000000   0x00000188   Data   RO            3    RESET               startup_stm32f407xx.o
    0x08000188   0x08000188   0x00000008   Code   RO         8900  * !!!main             c_w.l(__main.o)
    0x08000190   0x08000190   0x00000034   Code   RO         9265    !!!scatter          c_w.l(__scatter.o)
    0x080001c4   0x080001c4   0x0000005a   Code   RO         9263    !!dczerorl2         c_w.l(__dczerorl2.o)
    0x0800021e   0x0800021e   0x00000002   PAD
    0x08000220   0x08000220   0x0000001a   Code   RO         9267    !!handler_copy      c_w.l(__scatter_copy.o)
    0x0800023a   0x0800023a   0x00000002   PAD
    0x0800023c   0x0800023c   0x0000001c   Code   RO         9269    !!handler_zi        c_w.l(__scatter_zi.o)
    0x08000258   0x08000258   0x00000002   Code   RO         9200    .ARM.Collect$$libinit$$00000000  c_w.l(libinit.o)
    0x0800025a   0x0800025a   0x00000004   Code   RO         9049    .ARM.Collect$$libinit$$00000001  c_w.l(libinit2.o)
    0x0800025e   0x0800025e   0x00000000   Code   RO         9052    .ARM.Collect$$libinit$$00000004  c_w.l(libinit2.o)
    0x0800025e   0x0800025e   0x00000008   Code   RO         9053    .ARM.Collect$$libinit$$00000005  c_w.l(libinit2.o)
    0x08000266   0x08000266   0x00000000   Code   RO         9055    .ARM.Collect$$libinit$$0000000A  c_w.l(libinit2.o)
    0x08000266   0x08000266   0x00000000   Code   RO         9057    .ARM.Collect$$libinit$$0000000C  c_w.l(libinit2.o)
    0x08000266   0x08000266   0x00000000   Code   RO         9059    .ARM.Collect$$libinit$$0000000E  c_w.l(libinit2.o)
    0x08000266   0x08000266   0x00000000   Code   RO         9062    .ARM.Collect$$libinit$$00000011  c_w.l(libinit2.o)
    0x08000266   0x08000266   0x00000000   Code   RO         9064    .ARM.Collect$$libinit$$00000013  c_w.l(libinit2.o)
    0x08000266   0x08000266   0x00000000   Code   RO         9066    .ARM.Collect$$libinit$$00000015  c_w.l(libinit2.o)
    0x08000266   0x08000266   0x00000000   Code   RO         9068    .ARM.Collect$$libinit$$00000017  c_w.l(libinit2.o)
    0x08000266   0x08000266   0x00000000   Code   RO         9070    .ARM.Collect$$libinit$$00000019  c_w.l(libinit2.o)
    0x08000266   0x08000266   0x00000000   Code   RO         9072    .ARM.Collect$$libinit$$0000001B  c_w.l(libinit2.o)
    0x08000266   0x08000266   0x00000000   Code   RO         9074    .ARM.Collect$$libinit$$0000001D  c_w.l(libinit2.o)
    0x08000266   0x08000266   0x00000000   Code   RO         9076    .ARM.Collect$$libinit$$0000001F  c_w.l(libinit2.o)
    0x08000266   0x08000266   0x00000000   Code   RO         9078    .ARM.Collect$$libinit$$00000021  c_w.l(libinit2.o)
    0x08000266   0x08000266   0x00000000   Code   RO         9080    .ARM.Collect$$libinit$$00000023  c_w.l(libinit2.o)
    0x08000266   0x08000266   0x00000000   Code   RO         9082    .ARM.Collect$$libinit$$00000025  c_w.l(libinit2.o)
    0x08000266   0x08000266   0x00000000   Code   RO         9086    .ARM.Collect$$libinit$$0000002C  c_w.l(libinit2.o)
    0x08000266   0x08000266   0x00000000   Code   RO         9088    .ARM.Collect$$libinit$$0000002E  c_w.l(libinit2.o)
    0x08000266   0x08000266   0x00000000   Code   RO         9090    .ARM.Collect$$libinit$$00000030  c_w.l(libinit2.o)
    0x08000266   0x08000266   0x00000000   Code   RO         9092    .ARM.Collect$$libinit$$00000032  c_w.l(libinit2.o)
    0x08000266   0x08000266   0x00000002   Code   RO         9093    .ARM.Collect$$libinit$$00000033  c_w.l(libinit2.o)
    0x08000268   0x08000268   0x00000002   Code   RO         9260    .ARM.Collect$$libshutdown$$00000000  c_w.l(libshutdown.o)
    0x0800026a   0x0800026a   0x00000000   Code   RO         9216    .ARM.Collect$$libshutdown$$00000002  c_w.l(libshutdown2.o)
    0x0800026a   0x0800026a   0x00000000   Code   RO         9218    .ARM.Collect$$libshutdown$$00000004  c_w.l(libshutdown2.o)
    0x0800026a   0x0800026a   0x00000000   Code   RO         9220    .ARM.Collect$$libshutdown$$00000006  c_w.l(libshutdown2.o)
    0x0800026a   0x0800026a   0x00000000   Code   RO         9223    .ARM.Collect$$libshutdown$$00000009  c_w.l(libshutdown2.o)
    0x0800026a   0x0800026a   0x00000000   Code   RO         9226    .ARM.Collect$$libshutdown$$0000000C  c_w.l(libshutdown2.o)
    0x0800026a   0x0800026a   0x00000000   Code   RO         9228    .ARM.Collect$$libshutdown$$0000000E  c_w.l(libshutdown2.o)
    0x0800026a   0x0800026a   0x00000000   Code   RO         9231    .ARM.Collect$$libshutdown$$00000011  c_w.l(libshutdown2.o)
    0x0800026a   0x0800026a   0x00000002   Code   RO         9232    .ARM.Collect$$libshutdown$$00000012  c_w.l(libshutdown2.o)
    0x0800026c   0x0800026c   0x00000000   Code   RO         9002    .ARM.Collect$$rtentry$$00000000  c_w.l(__rtentry.o)
    0x0800026c   0x0800026c   0x00000000   Code   RO         9130    .ARM.Collect$$rtentry$$00000002  c_w.l(__rtentry2.o)
    0x0800026c   0x0800026c   0x00000006   Code   RO         9142    .ARM.Collect$$rtentry$$00000004  c_w.l(__rtentry4.o)
    0x08000272   0x08000272   0x00000000   Code   RO         9132    .ARM.Collect$$rtentry$$00000009  c_w.l(__rtentry2.o)
    0x08000272   0x08000272   0x00000004   Code   RO         9133    .ARM.Collect$$rtentry$$0000000A  c_w.l(__rtentry2.o)
    0x08000276   0x08000276   0x00000000   Code   RO         9135    .ARM.Collect$$rtentry$$0000000C  c_w.l(__rtentry2.o)
    0x08000276   0x08000276   0x00000008   Code   RO         9136    .ARM.Collect$$rtentry$$0000000D  c_w.l(__rtentry2.o)
    0x0800027e   0x0800027e   0x00000002   Code   RO         9203    .ARM.Collect$$rtexit$$00000000  c_w.l(rtexit.o)
    0x08000280   0x08000280   0x00000000   Code   RO         9236    .ARM.Collect$$rtexit$$00000002  c_w.l(rtexit2.o)
    0x08000280   0x08000280   0x00000004   Code   RO         9237    .ARM.Collect$$rtexit$$00000003  c_w.l(rtexit2.o)
    0x08000284   0x08000284   0x00000006   Code   RO         9238    .ARM.Collect$$rtexit$$00000004  c_w.l(rtexit2.o)
    0x0800028a   0x0800028a   0x00000002   PAD
    0x0800028c   0x0800028c   0x000000be   Code   RO         7686    .emb_text           port.o
    0x0800034a   0x0800034a   0x00000002   PAD
    0x0800034c   0x0800034c   0x00000000   Code   RO         9153    .emb_text           c_w.l(maybetermalloc1.o)
    0x0800034c   0x0800034c   0x00000040   Code   RO            4    .text               startup_stm32f407xx.o
    0x0800038c   0x0800038c   0x0000005e   Code   RO         8796    .text               c_w.l(h1_alloc.o)
    0x080003ea   0x080003ea   0x000000ee   Code   RO         8850    .text               c_w.l(lludivv7m.o)
    0x080004d8   0x080004d8   0x0000008a   Code   RO         8886    .text               c_w.l(rt_memcpy_v6.o)
    0x08000562   0x08000562   0x00000064   Code   RO         8888    .text               c_w.l(rt_memcpy_w.o)
    0x080005c6   0x080005c6   0x00000044   Code   RO         8894    .text               c_w.l(rt_memclr.o)
    0x0800060a   0x0800060a   0x0000004e   Code   RO         8896    .text               c_w.l(rt_memclr_w.o)
    0x08000658   0x08000658   0x00000006   Code   RO         8898    .text               c_w.l(heapauxi.o)
    0x0800065e   0x0800065e   0x00000002   PAD
    0x08000660   0x08000660   0x00000008   Code   RO         9010    .text               c_w.l(rt_heap_descriptor_intlibspace.o)
    0x08000668   0x08000668   0x00000004   Code   RO         9012    .text               c_w.l(hguard.o)
    0x0800066c   0x0800066c   0x0000008a   Code   RO         9014    .text               c_w.l(init_alloc.o)
    0x080006f6   0x080006f6   0x0000000e   Code   RO         9020    .text               c_w.l(h1_init.o)
    0x08000704   0x08000704   0x0000004e   Code   RO         9022    .text               c_w.l(h1_free.o)
    0x08000752   0x08000752   0x00000016   Code   RO         9038    .text               c_w.l(_rserrno.o)
    0x08000768   0x08000768   0x00000008   Code   RO         9126    .text               c_w.l(libspace.o)
    0x08000770   0x08000770   0x00000008   Code   RO         9149    .text               c_w.l(rt_errno_addr_intlibspace.o)
    0x08000778   0x08000778   0x00000034   Code   RO         9155    .text               c_w.l(h1_extend.o)
    0x080007ac   0x080007ac   0x0000000e   Code   RO         9161    .text               c_w.l(defsig_rtmem_outer.o)
    0x080007ba   0x080007ba   0x00000002   Code   RO         9172    .text               c_w.l(use_no_semi.o)
    0x080007bc   0x080007bc   0x00000000   Code   RO         9174    .text               c_w.l(indicate_semi.o)
    0x080007bc   0x080007bc   0x0000004a   Code   RO         9175    .text               c_w.l(sys_stackheap_outer.o)
    0x08000806   0x08000806   0x00000012   Code   RO         9181    .text               c_w.l(exit.o)
    0x08000818   0x08000818   0x0000000a   Code   RO         9183    .text               c_w.l(defsig_exit.o)
    0x08000822   0x08000822   0x00000002   PAD
    0x08000824   0x08000824   0x00000050   Code   RO         9189    .text               c_w.l(defsig_rtmem_inner.o)
    0x08000874   0x08000874   0x0000000c   Code   RO         9201    .text               c_w.l(sys_exit.o)
    0x08000880   0x08000880   0x00000032   Code   RO         9211    .text               c_w.l(defsig_general.o)
    0x080008b2   0x080008b2   0x0000000e   Code   RO         9233    .text               c_w.l(sys_wrch.o)
    0x080008c0   0x080008c0   0x00000098   Code   RO         8602    .text.arm_cos_f32   arm_cortexM4lf_math.lib(arm_cos_f32.o)
    0x08000958   0x08000958   0x000000ba   Code   RO         8620    .text.arm_mat_add_f32  arm_cortexM4lf_math.lib(arm_mat_add_f32.o)
    0x08000a12   0x08000a12   0x00000008   Code   RO         8629    .text.arm_mat_init_f32  arm_cortexM4lf_math.lib(arm_mat_init_f32.o)
    0x08000a1a   0x08000a1a   0x00000002   PAD
    0x08000a1c   0x08000a1c   0x000002f4   Code   RO         8637    .text.arm_mat_inverse_f32  arm_cortexM4lf_math.lib(arm_mat_inverse_f32.o)
    0x08000d10   0x08000d10   0x00000128   Code   RO         8646    .text.arm_mat_mult_f32  arm_cortexM4lf_math.lib(arm_mat_mult_f32.o)
    0x08000e38   0x08000e38   0x000000ba   Code   RO         8655    .text.arm_mat_sub_f32  arm_cortexM4lf_math.lib(arm_mat_sub_f32.o)
    0x08000ef2   0x08000ef2   0x00000002   PAD
    0x08000ef4   0x08000ef4   0x000000a2   Code   RO         8664    .text.arm_mat_trans_f32  arm_cortexM4lf_math.lib(arm_mat_trans_f32.o)
    0x08000f96   0x08000f96   0x00000002   PAD
    0x08000f98   0x08000f98   0x00000090   Code   RO         8611    .text.arm_sin_f32   arm_cortexM4lf_math.lib(arm_sin_f32.o)
    0x08001028   0x08001028   0x00000004   Code   RO          330    i.ArmTask_f         freertos.o
    0x0800102c   0x0800102c   0x00000098   Code   RO         5347    i.BMI088Init        bmi088driver.o
    0x080010c4   0x080010c4   0x00000014   Code   RO         5428    i.BMI088_ACCEL_NS_H  bmi088middleware.o
    0x080010d8   0x080010d8   0x00000014   Code   RO         5429    i.BMI088_ACCEL_NS_L  bmi088middleware.o
    0x080010ec   0x080010ec   0x00000014   Code   RO         5430    i.BMI088_GYRO_NS_H  bmi088middleware.o
    0x08001100   0x08001100   0x00000014   Code   RO         5431    i.BMI088_GYRO_NS_L  bmi088middleware.o
    0x08001114   0x08001114   0x0000027c   Code   RO         5348    i.BMI088_Read       bmi088driver.o
    0x08001390   0x08001390   0x00000026   Code   RO         5349    i.BMI088_read_muli_reg  bmi088driver.o
    0x080013b6   0x080013b6   0x00000018   Code   RO         5350    i.BMI088_read_single_reg  bmi088driver.o
    0x080013ce   0x080013ce   0x00000002   PAD
    0x080013d0   0x080013d0   0x00000024   Code   RO         5432    i.BMI088_read_write_byte  bmi088middleware.o
    0x080013f4   0x080013f4   0x00000014   Code   RO         5351    i.BMI088_write_single_reg  bmi088driver.o
    0x08001408   0x08001408   0x0000015a   Code   RO         5482    i.BodyFrameToEarthFrame  ins_task.o
    0x08001562   0x08001562   0x00000004   Code   RO          661    i.BusFault_Handler  stm32f4xx_it.o
    0x08001566   0x08001566   0x00000002   PAD
    0x08001568   0x08001568   0x00000010   Code   RO          662    i.CAN1_RX0_IRQHandler  stm32f4xx_it.o
    0x08001578   0x08001578   0x00000010   Code   RO          663    i.CAN1_RX1_IRQHandler  stm32f4xx_it.o
    0x08001588   0x08001588   0x00000010   Code   RO          664    i.CAN2_RX0_IRQHandler  stm32f4xx_it.o
    0x08001598   0x08001598   0x00000010   Code   RO          665    i.CAN2_RX1_IRQHandler  stm32f4xx_it.o
    0x080015a8   0x080015a8   0x00000068   Code   RO         4594    i.CANAddFilter      bsp_can.o
    0x08001610   0x08001610   0x0000009c   Code   RO         4595    i.CANFIFOxCallback  bsp_can.o
    0x080016ac   0x080016ac   0x000000a4   Code   RO         4596    i.CANRegister       bsp_can.o
    0x08001750   0x08001750   0x00000038   Code   RO         4597    i.CANServiceInit    bsp_can.o
    0x08001788   0x08001788   0x0000007c   Code   RO         4599    i.CANTransmit       bsp_can.o
    0x08001804   0x08001804   0x00000044   Code   RO         7882    i.CDC_Control_FS    usbd_cdc_if.o
    0x08001848   0x08001848   0x00000004   Code   RO         7883    i.CDC_DeInit_FS     usbd_cdc_if.o
    0x0800184c   0x0800184c   0x00000024   Code   RO         7884    i.CDC_Init_FS       usbd_cdc_if.o
    0x08001870   0x08001870   0x00000024   Code   RO         7885    i.CDC_Receive_FS    usbd_cdc_if.o
    0x08001894   0x08001894   0x0000000c   Code   RO         7886    i.CDC_TransmitCplt_FS  usbd_cdc_if.o
    0x080018a0   0x080018a0   0x00000038   Code   RO         7887    i.CDC_Transmit_FS   usbd_cdc_if.o
    0x080018d8   0x080018d8   0x00000568   Code   RO         5352    i.Calibrate_MPU_Offset  bmi088driver.o
    0x08001e40   0x08001e40   0x0000013c   Code   RO         6057    i.ChassisInit       chassis.o
    0x08001f7c   0x08001f7c   0x0000000e   Code   RO          331    i.ChassisTask_f     freertos.o
    0x08001f8a   0x08001f8a   0x00000002   PAD
    0x08001f8c   0x08001f8c   0x00000104   Code   RO         6059    i.ChassisTest_OldVersion  chassis.o
    0x08002090   0x08002090   0x000001f4   Code   RO         6060    i.ChassisVofaSend   chassis.o
    0x08002284   0x08002284   0x00000056   Code   RO         5666    i.Cross3d           user_lib.o
    0x080022da   0x080022da   0x00000002   PAD
    0x080022dc   0x080022dc   0x000001b8   Code   RO         4922    i.DJIMotorControl   dji_motor.o
    0x08002494   0x08002494   0x00000008   Code   RO         4923    i.DJIMotorEnable    dji_motor.o
    0x0800249c   0x0800249c   0x000000d4   Code   RO         4924    i.DJIMotorInit      dji_motor.o
    0x08002570   0x08002570   0x00000024   Code   RO         4925    i.DJIMotorLostCallback  dji_motor.o
    0x08002594   0x08002594   0x00000006   Code   RO         4928    i.DJIMotorSetRef    dji_motor.o
    0x0800259a   0x0800259a   0x00000002   PAD
    0x0800259c   0x0800259c   0x00000010   Code   RO          666    i.DMA1_Stream1_IRQHandler  stm32f4xx_it.o
    0x080025ac   0x080025ac   0x00000010   Code   RO          667    i.DMA2_Stream0_IRQHandler  stm32f4xx_it.o
    0x080025bc   0x080025bc   0x00000010   Code   RO          668    i.DMA2_Stream2_IRQHandler  stm32f4xx_it.o
    0x080025cc   0x080025cc   0x00000010   Code   RO          669    i.DMA2_Stream3_IRQHandler  stm32f4xx_it.o
    0x080025dc   0x080025dc   0x00000034   Code   RO         2932    i.DMA_CalcBaseAndBitshift  stm32f4xx_hal_dma.o
    0x08002610   0x08002610   0x000000aa   Code   RO         2933    i.DMA_CheckFifoParam  stm32f4xx_hal_dma.o
    0x080026ba   0x080026ba   0x0000002c   Code   RO         2934    i.DMA_SetConfig     stm32f4xx_hal_dma.o
    0x080026e6   0x080026e6   0x00000002   PAD
    0x080026e8   0x080026e8   0x0000004c   Code   RO         4663    i.DWT_CNT_Update    bsp_dwt.o
    0x08002734   0x08002734   0x0000003c   Code   RO         4664    i.DWT_Delay         bsp_dwt.o
    0x08002770   0x08002770   0x0000004c   Code   RO         4665    i.DWT_GetDeltaT     bsp_dwt.o
    0x080027bc   0x080027bc   0x00000050   Code   RO         4667    i.DWT_GetTimeline_ms  bsp_dwt.o
    0x0800280c   0x0800280c   0x00000054   Code   RO         4668    i.DWT_GetTimeline_s  bsp_dwt.o
    0x08002860   0x08002860   0x00000070   Code   RO         4670    i.DWT_Init          bsp_dwt.o
    0x080028d0   0x080028d0   0x000000d0   Code   RO         4671    i.DWT_SysTimeUpdate  bsp_dwt.o
    0x080029a0   0x080029a0   0x00000058   Code   RO         5297    i.DaemonRegister    daemon.o
    0x080029f8   0x080029f8   0x00000006   Code   RO         5298    i.DaemonReload      daemon.o
    0x080029fe   0x080029fe   0x00000002   Code   RO          670    i.DebugMon_Handler  stm32f4xx_it.o
    0x08002a00   0x08002a00   0x00000114   Code   RO         4930    i.DecodeDJIMotor    dji_motor.o
    0x08002b14   0x08002b14   0x00000026   Code   RO         5667    i.Dot3d             user_lib.o
    0x08002b3a   0x08002b3a   0x0000015a   Code   RO         5483    i.EarthFrameToBodyFrame  ins_task.o
    0x08002c94   0x08002c94   0x00000006   Code   RO           13    i.Error_Handler     main.o
    0x08002c9a   0x08002c9a   0x00000002   PAD
    0x08002c9c   0x08002c9c   0x00000034   Code   RO         7801    i.Get_SerialNum     usbd_desc.o
    0x08002cd0   0x08002cd0   0x0000002a   Code   RO         3629    i.HAL_CAN_ActivateNotification  stm32f4xx_hal_can.o
    0x08002cfa   0x08002cfa   0x0000014a   Code   RO         3630    i.HAL_CAN_AddTxMessage  stm32f4xx_hal_can.o
    0x08002e44   0x08002e44   0x00000120   Code   RO         3631    i.HAL_CAN_ConfigFilter  stm32f4xx_hal_can.o
    0x08002f64   0x08002f64   0x00000002   Code   RO         3634    i.HAL_CAN_ErrorCallback  stm32f4xx_hal_can.o
    0x08002f66   0x08002f66   0x00000028   Code   RO         3636    i.HAL_CAN_GetRxFifoFillLevel  stm32f4xx_hal_can.o
    0x08002f8e   0x08002f8e   0x00000194   Code   RO         3637    i.HAL_CAN_GetRxMessage  stm32f4xx_hal_can.o
    0x08003122   0x08003122   0x00000036   Code   RO         3639    i.HAL_CAN_GetTxMailboxesFreeLevel  stm32f4xx_hal_can.o
    0x08003158   0x08003158   0x0000024e   Code   RO         3641    i.HAL_CAN_IRQHandler  stm32f4xx_hal_can.o
    0x080033a6   0x080033a6   0x00000174   Code   RO         3642    i.HAL_CAN_Init      stm32f4xx_hal_can.o
    0x0800351a   0x0800351a   0x00000002   PAD
    0x0800351c   0x0800351c   0x00000180   Code   RO          445    i.HAL_CAN_MspInit   can.o
    0x0800369c   0x0800369c   0x00000002   Code   RO         3649    i.HAL_CAN_RxFifo0FullCallback  stm32f4xx_hal_can.o
    0x0800369e   0x0800369e   0x0000000e   Code   RO         4600    i.HAL_CAN_RxFifo0MsgPendingCallback  bsp_can.o
    0x080036ac   0x080036ac   0x00000002   Code   RO         3651    i.HAL_CAN_RxFifo1FullCallback  stm32f4xx_hal_can.o
    0x080036ae   0x080036ae   0x0000000e   Code   RO         4601    i.HAL_CAN_RxFifo1MsgPendingCallback  bsp_can.o
    0x080036bc   0x080036bc   0x00000002   Code   RO         3653    i.HAL_CAN_SleepCallback  stm32f4xx_hal_can.o
    0x080036be   0x080036be   0x0000005e   Code   RO         3654    i.HAL_CAN_Start     stm32f4xx_hal_can.o
    0x0800371c   0x0800371c   0x00000002   Code   RO         3656    i.HAL_CAN_TxMailbox0AbortCallback  stm32f4xx_hal_can.o
    0x0800371e   0x0800371e   0x00000002   Code   RO         3657    i.HAL_CAN_TxMailbox0CompleteCallback  stm32f4xx_hal_can.o
    0x08003720   0x08003720   0x00000002   Code   RO         3658    i.HAL_CAN_TxMailbox1AbortCallback  stm32f4xx_hal_can.o
    0x08003722   0x08003722   0x00000002   Code   RO         3659    i.HAL_CAN_TxMailbox1CompleteCallback  stm32f4xx_hal_can.o
    0x08003724   0x08003724   0x00000002   Code   RO         3660    i.HAL_CAN_TxMailbox2AbortCallback  stm32f4xx_hal_can.o
    0x08003726   0x08003726   0x00000002   Code   RO         3661    i.HAL_CAN_TxMailbox2CompleteCallback  stm32f4xx_hal_can.o
    0x08003728   0x08003728   0x00000002   Code   RO         3663    i.HAL_CAN_WakeUpFromRxMsgCallback  stm32f4xx_hal_can.o
    0x0800372a   0x0800372a   0x00000028   Code   RO         2936    i.HAL_DMA_Abort_IT  stm32f4xx_hal_dma.o
    0x08003752   0x08003752   0x00000002   PAD
    0x08003754   0x08003754   0x00000240   Code   RO         2940    i.HAL_DMA_IRQHandler  stm32f4xx_hal_dma.o
    0x08003994   0x08003994   0x000000ec   Code   RO         2941    i.HAL_DMA_Init      stm32f4xx_hal_dma.o
    0x08003a80   0x08003a80   0x00000092   Code   RO         2945    i.HAL_DMA_Start_IT  stm32f4xx_hal_dma.o
    0x08003b12   0x08003b12   0x00000002   PAD
    0x08003b14   0x08003b14   0x00000028   Code   RO         3377    i.HAL_Delay         stm32f4xx_hal.o
    0x08003b3c   0x08003b3c   0x000001f4   Code   RO         2828    i.HAL_GPIO_Init     stm32f4xx_hal_gpio.o
    0x08003d30   0x08003d30   0x0000000c   Code   RO         2832    i.HAL_GPIO_WritePin  stm32f4xx_hal_gpio.o
    0x08003d3c   0x08003d3c   0x0000000c   Code   RO         3383    i.HAL_GetTick       stm32f4xx_hal.o
    0x08003d48   0x08003d48   0x00000018   Code   RO         3389    i.HAL_IncTick       stm32f4xx_hal.o
    0x08003d60   0x08003d60   0x0000003c   Code   RO         3390    i.HAL_Init          stm32f4xx_hal.o
    0x08003d9c   0x08003d9c   0x000000b4   Code   RO          809    i.HAL_InitTick      stm32f4xx_hal_timebase_tim.o
    0x08003e50   0x08003e50   0x00000054   Code   RO          785    i.HAL_MspInit       stm32f4xx_hal_msp.o
    0x08003ea4   0x08003ea4   0x00000028   Code   RO         3220    i.HAL_NVIC_EnableIRQ  stm32f4xx_hal_cortex.o
    0x08003ecc   0x08003ecc   0x0000007c   Code   RO         3226    i.HAL_NVIC_SetPriority  stm32f4xx_hal_cortex.o
    0x08003f48   0x08003f48   0x00000028   Code   RO         3227    i.HAL_NVIC_SetPriorityGrouping  stm32f4xx_hal_cortex.o
    0x08003f70   0x08003f70   0x00000002   Code   RO         2076    i.HAL_PCDEx_LPM_Callback  stm32f4xx_hal_pcd_ex.o
    0x08003f72   0x08003f72   0x0000000a   Code   RO         2077    i.HAL_PCDEx_SetRxFiFo  stm32f4xx_hal_pcd_ex.o
    0x08003f7c   0x08003f7c   0x0000004e   Code   RO         2078    i.HAL_PCDEx_SetTxFiFo  stm32f4xx_hal_pcd_ex.o
    0x08003fca   0x08003fca   0x0000000e   Code   RO         7947    i.HAL_PCD_ConnectCallback  usbd_conf.o
    0x08003fd8   0x08003fd8   0x00000020   Code   RO         7948    i.HAL_PCD_DataInStageCallback  usbd_conf.o
    0x08003ff8   0x08003ff8   0x00000020   Code   RO         7949    i.HAL_PCD_DataOutStageCallback  usbd_conf.o
    0x08004018   0x08004018   0x0000000e   Code   RO         7950    i.HAL_PCD_DisconnectCallback  usbd_conf.o
    0x08004026   0x08004026   0x00000042   Code   RO         1841    i.HAL_PCD_EP_Abort  stm32f4xx_hal_pcd.o
    0x08004068   0x08004068   0x0000006a   Code   RO         1842    i.HAL_PCD_EP_Close  stm32f4xx_hal_pcd.o
    0x080040d2   0x080040d2   0x0000007c   Code   RO         1843    i.HAL_PCD_EP_ClrStall  stm32f4xx_hal_pcd.o
    0x0800414e   0x0800414e   0x00000016   Code   RO         1845    i.HAL_PCD_EP_GetRxCount  stm32f4xx_hal_pcd.o
    0x08004164   0x08004164   0x0000008e   Code   RO         1846    i.HAL_PCD_EP_Open   stm32f4xx_hal_pcd.o
    0x080041f2   0x080041f2   0x00000046   Code   RO         1847    i.HAL_PCD_EP_Receive  stm32f4xx_hal_pcd.o
    0x08004238   0x08004238   0x0000008a   Code   RO         1848    i.HAL_PCD_EP_SetStall  stm32f4xx_hal_pcd.o
    0x080042c2   0x080042c2   0x00000048   Code   RO         1849    i.HAL_PCD_EP_Transmit  stm32f4xx_hal_pcd.o
    0x0800430a   0x0800430a   0x000006ca   Code   RO         1851    i.HAL_PCD_IRQHandler  stm32f4xx_hal_pcd.o
    0x080049d4   0x080049d4   0x00000012   Code   RO         7951    i.HAL_PCD_ISOINIncompleteCallback  usbd_conf.o
    0x080049e6   0x080049e6   0x00000012   Code   RO         7952    i.HAL_PCD_ISOOUTIncompleteCallback  usbd_conf.o
    0x080049f8   0x080049f8   0x0000015e   Code   RO         1854    i.HAL_PCD_Init      stm32f4xx_hal_pcd.o
    0x08004b56   0x08004b56   0x00000002   PAD
    0x08004b58   0x08004b58   0x000000a8   Code   RO         7954    i.HAL_PCD_MspInit   usbd_conf.o
    0x08004c00   0x08004c00   0x00000030   Code   RO         7955    i.HAL_PCD_ResetCallback  usbd_conf.o
    0x08004c30   0x08004c30   0x0000000e   Code   RO         7956    i.HAL_PCD_ResumeCallback  usbd_conf.o
    0x08004c3e   0x08004c3e   0x0000000e   Code   RO         7957    i.HAL_PCD_SOFCallback  usbd_conf.o
    0x08004c4c   0x08004c4c   0x00000034   Code   RO         1860    i.HAL_PCD_SetAddress  stm32f4xx_hal_pcd.o
    0x08004c80   0x08004c80   0x00000012   Code   RO         7958    i.HAL_PCD_SetupStageCallback  usbd_conf.o
    0x08004c92   0x08004c92   0x0000004c   Code   RO         1863    i.HAL_PCD_Start     stm32f4xx_hal_pcd.o
    0x08004cde   0x08004cde   0x00000002   PAD
    0x08004ce0   0x08004ce0   0x00000034   Code   RO         7959    i.HAL_PCD_SuspendCallback  usbd_conf.o
    0x08004d14   0x08004d14   0x00000184   Code   RO         2429    i.HAL_RCC_ClockConfig  stm32f4xx_hal_rcc.o
    0x08004e98   0x08004e98   0x00000044   Code   RO         2433    i.HAL_RCC_GetClockConfig  stm32f4xx_hal_rcc.o
    0x08004edc   0x08004edc   0x0000000c   Code   RO         2434    i.HAL_RCC_GetHCLKFreq  stm32f4xx_hal_rcc.o
    0x08004ee8   0x08004ee8   0x00000020   Code   RO         2436    i.HAL_RCC_GetPCLK1Freq  stm32f4xx_hal_rcc.o
    0x08004f08   0x08004f08   0x00000020   Code   RO         2437    i.HAL_RCC_GetPCLK2Freq  stm32f4xx_hal_rcc.o
    0x08004f28   0x08004f28   0x000000b0   Code   RO         2438    i.HAL_RCC_GetSysClockFreq  stm32f4xx_hal_rcc.o
    0x08004fd8   0x08004fd8   0x0000049c   Code   RO         2441    i.HAL_RCC_OscConfig  stm32f4xx_hal_rcc.o
    0x08005474   0x08005474   0x00000002   Code   RO         3869    i.HAL_SPI_ErrorCallback  stm32f4xx_hal_spi.o
    0x08005476   0x08005476   0x00000002   PAD
    0x08005478   0x08005478   0x0000015c   Code   RO         3872    i.HAL_SPI_IRQHandler  stm32f4xx_hal_spi.o
    0x080055d4   0x080055d4   0x000000c8   Code   RO         3873    i.HAL_SPI_Init      stm32f4xx_hal_spi.o
    0x0800569c   0x0800569c   0x00000168   Code   RO          518    i.HAL_SPI_MspInit   spi.o
    0x08005804   0x08005804   0x00000248   Code   RO         3882    i.HAL_SPI_TransmitReceive  stm32f4xx_hal_spi.o
    0x08005a4c   0x08005a4c   0x00000002   Code   RO         1565    i.HAL_TIMEx_BreakCallback  stm32f4xx_hal_tim_ex.o
    0x08005a4e   0x08005a4e   0x00000002   Code   RO         1566    i.HAL_TIMEx_CommutCallback  stm32f4xx_hal_tim_ex.o
    0x08005a50   0x08005a50   0x00000066   Code   RO          850    i.HAL_TIM_Base_Init  stm32f4xx_hal_tim.o
    0x08005ab6   0x08005ab6   0x00000002   PAD
    0x08005ab8   0x08005ab8   0x00000034   Code   RO          560    i.HAL_TIM_Base_MspInit  tim.o
    0x08005aec   0x08005aec   0x000000a8   Code   RO          855    i.HAL_TIM_Base_Start_IT  stm32f4xx_hal_tim.o
    0x08005b94   0x08005b94   0x00000002   Code   RO          884    i.HAL_TIM_IC_CaptureCallback  stm32f4xx_hal_tim.o
    0x08005b96   0x08005b96   0x0000016c   Code   RO          898    i.HAL_TIM_IRQHandler  stm32f4xx_hal_tim.o
    0x08005d02   0x08005d02   0x00000002   PAD
    0x08005d04   0x08005d04   0x00000060   Code   RO          561    i.HAL_TIM_MspPostInit  tim.o
    0x08005d64   0x08005d64   0x00000002   Code   RO          901    i.HAL_TIM_OC_DelayElapsedCallback  stm32f4xx_hal_tim.o
    0x08005d66   0x08005d66   0x00000104   Code   RO          922    i.HAL_TIM_PWM_ConfigChannel  stm32f4xx_hal_tim.o
    0x08005e6a   0x08005e6a   0x00000066   Code   RO          925    i.HAL_TIM_PWM_Init  stm32f4xx_hal_tim.o
    0x08005ed0   0x08005ed0   0x00000002   Code   RO          927    i.HAL_TIM_PWM_MspInit  stm32f4xx_hal_tim.o
    0x08005ed2   0x08005ed2   0x00000002   Code   RO          928    i.HAL_TIM_PWM_PulseFinishedCallback  stm32f4xx_hal_tim.o
    0x08005ed4   0x08005ed4   0x0000010c   Code   RO          930    i.HAL_TIM_PWM_Start  stm32f4xx_hal_tim.o
    0x08005fe0   0x08005fe0   0x00000018   Code   RO           14    i.HAL_TIM_PeriodElapsedCallback  main.o
    0x08005ff8   0x08005ff8   0x00000002   Code   RO          941    i.HAL_TIM_TriggerCallback  stm32f4xx_hal_tim.o
    0x08005ffa   0x08005ffa   0x00000070   Code   RO         4194    i.HAL_UARTEx_ReceiveToIdle_DMA  stm32f4xx_hal_uart.o
    0x0800606a   0x0800606a   0x00000002   PAD
    0x0800606c   0x0800606c   0x00000098   Code   RO         4739    i.HAL_UARTEx_RxEventCallback  bsp_usart.o
    0x08006104   0x08006104   0x00000070   Code   RO         4740    i.HAL_UART_ErrorCallback  bsp_usart.o
    0x08006174   0x08006174   0x00000076   Code   RO         4214    i.HAL_UART_Init     stm32f4xx_hal_uart.o
    0x080061ea   0x080061ea   0x00000002   PAD
    0x080061ec   0x080061ec   0x00000240   Code   RO          608    i.HAL_UART_MspInit  usart.o
    0x0800642c   0x0800642c   0x00000002   Code   RO         4220    i.HAL_UART_RxCpltCallback  stm32f4xx_hal_uart.o
    0x0800642e   0x0800642e   0x00000002   Code   RO         4221    i.HAL_UART_RxHalfCpltCallback  stm32f4xx_hal_uart.o
    0x08006430   0x08006430   0x000000be   Code   RO         4222    i.HAL_UART_Transmit  stm32f4xx_hal_uart.o
    0x080064ee   0x080064ee   0x00000002   PAD
    0x080064f0   0x080064f0   0x00000130   Code   RO         5585    i.H_K_R_Adjustment  kalman_filter.o
    0x08006620   0x08006620   0x00000004   Code   RO          671    i.HardFault_Handler  stm32f4xx_it.o
    0x08006624   0x08006624   0x0000000c   Code   RO         5485    i.IMUPWMSet         ins_task.o
    0x08006630   0x08006630   0x00000374   Code   RO         5486    i.IMU_Param_Correction  ins_task.o
    0x080069a4   0x080069a4   0x00000238   Code   RO         5792    i.IMU_QuaternionEKF_F_Linearization_P_Fading  quaternionekf.o
    0x08006bdc   0x08006bdc   0x00000118   Code   RO         5793    i.IMU_QuaternionEKF_Init  quaternionekf.o
    0x08006cf4   0x08006cf4   0x00000034   Code   RO         5794    i.IMU_QuaternionEKF_Observe  quaternionekf.o
    0x08006d28   0x08006d28   0x00000128   Code   RO         5795    i.IMU_QuaternionEKF_SetH  quaternionekf.o
    0x08006e50   0x08006e50   0x0000060c   Code   RO         5796    i.IMU_QuaternionEKF_Update  quaternionekf.o
    0x0800745c   0x0800745c   0x00000508   Code   RO         5797    i.IMU_QuaternionEKF_xhatUpdate  quaternionekf.o
    0x08007964   0x08007964   0x0000006c   Code   RO         5487    i.IMU_Temperature_Ctrl  ins_task.o
    0x080079d0   0x080079d0   0x000000ec   Code   RO         5488    i.INS_Init          ins_task.o
    0x08007abc   0x08007abc   0x00000218   Code   RO         5489    i.INS_Task          ins_task.o
    0x08007cd4   0x08007cd4   0x00000012   Code   RO          332    i.ImuTask_f         freertos.o
    0x08007ce6   0x08007ce6   0x00000002   PAD
    0x08007ce8   0x08007ce8   0x00000130   Code   RO         5490    i.InitQuaternion    ins_task.o
    0x08007e18   0x08007e18   0x0000003e   Code   RO         7802    i.IntToUnicode      usbd_desc.o
    0x08007e56   0x08007e56   0x00000002   PAD
    0x08007e58   0x08007e58   0x0000070c   Code   RO         5586    i.Kalman_Filter_Init  kalman_filter.o
    0x08008564   0x08008564   0x00000050   Code   RO         5587    i.Kalman_Filter_Measure  kalman_filter.o
    0x080085b4   0x080085b4   0x00000068   Code   RO         5588    i.Kalman_Filter_P_Update  kalman_filter.o
    0x0800861c   0x0800861c   0x00000068   Code   RO         5589    i.Kalman_Filter_PminusUpdate  kalman_filter.o
    0x08008684   0x08008684   0x000000d2   Code   RO         5590    i.Kalman_Filter_SetK  kalman_filter.o
    0x08008756   0x08008756   0x00000002   PAD
    0x08008758   0x08008758   0x00000128   Code   RO         5591    i.Kalman_Filter_Update  kalman_filter.o
    0x08008880   0x08008880   0x0000007c   Code   RO         5592    i.Kalman_Filter_xhatMinusUpdate  kalman_filter.o
    0x080088fc   0x080088fc   0x00000086   Code   RO         5593    i.Kalman_Filter_xhatUpdate  kalman_filter.o
    0x08008982   0x08008982   0x00000002   PAD
    0x08008984   0x08008984   0x00000044   Code   RO          446    i.MX_CAN1_Init      can.o
    0x080089c8   0x080089c8   0x00000044   Code   RO          447    i.MX_CAN2_Init      can.o
    0x08008a0c   0x08008a0c   0x00000088   Code   RO          493    i.MX_DMA_Init       dma.o
    0x08008a94   0x08008a94   0x0000007c   Code   RO          333    i.MX_FREERTOS_Init  freertos.o
    0x08008b10   0x08008b10   0x00000208   Code   RO          306    i.MX_GPIO_Init      gpio.o
    0x08008d18   0x08008d18   0x00000048   Code   RO          519    i.MX_SPI1_Init      spi.o
    0x08008d60   0x08008d60   0x0000006c   Code   RO          562    i.MX_TIM10_Init     tim.o
    0x08008dcc   0x08008dcc   0x00000038   Code   RO          609    i.MX_USART1_UART_Init  usart.o
    0x08008e04   0x08008e04   0x0000003c   Code   RO          610    i.MX_USART3_UART_Init  usart.o
    0x08008e40   0x08008e40   0x00000038   Code   RO          611    i.MX_USART6_UART_Init  usart.o
    0x08008e78   0x08008e78   0x0000004c   Code   RO         7766    i.MX_USB_DEVICE_Init  usb_device.o
    0x08008ec4   0x08008ec4   0x00000004   Code   RO          672    i.MemManage_Handler  stm32f4xx_it.o
    0x08008ec8   0x08008ec8   0x00000074   Code   RO         6062    i.MinmizeRotation   chassis.o
    0x08008f3c   0x08008f3c   0x0000014c   Code   RO         4931    i.MotorSenderGrouping  dji_motor.o
    0x08009088   0x08009088   0x00000004   Code   RO          673    i.NMI_Handler       stm32f4xx_it.o
    0x0800908c   0x0800908c   0x00000054   Code   RO         5669    i.Norm3d            user_lib.o
    0x080090e0   0x080090e0   0x00000010   Code   RO          674    i.OTG_FS_IRQHandler  stm32f4xx_it.o
    0x080090f0   0x080090f0   0x00000064   Code   RO         1867    i.PCD_EP_OutSetupPacket_int  stm32f4xx_hal_pcd.o
    0x08009154   0x08009154   0x00000144   Code   RO         1868    i.PCD_EP_OutXfrComplete_int  stm32f4xx_hal_pcd.o
    0x08009298   0x08009298   0x000000b6   Code   RO         1869    i.PCD_WriteEmptyTxFifo  stm32f4xx_hal_pcd.o
    0x0800934e   0x0800934e   0x00000002   PAD
    0x08009350   0x08009350   0x00000184   Code   RO         4808    i.PIDCalculate      controller.o
    0x080094d4   0x080094d4   0x00000064   Code   RO         4809    i.PIDInit           controller.o
    0x08009538   0x08009538   0x00000020   Code   RO         5183    i.RCLostCallback    remote.o
    0x08009558   0x08009558   0x00000030   Code   RO         5184    i.RectifyRCjoystick  remote.o
    0x08009588   0x08009588   0x00000054   Code   RO         5185    i.RemoteControlInit  remote.o
    0x080095dc   0x080095dc   0x0000001c   Code   RO         5187    i.RemoteControlRxCallback  remote.o
    0x080095f8   0x080095f8   0x0000003c   Code   RO         5909    i.RingBuffer_Read   usb.o
    0x08009634   0x08009634   0x00000018   Code   RO         6310    i.RobotCMDInit      robot_cmd.o
    0x0800964c   0x0800964c   0x00000010   Code   RO          675    i.SPI1_IRQHandler   stm32f4xx_it.o
    0x0800965c   0x0800965c   0x00000014   Code   RO         3900    i.SPI_DMAAbortOnError  stm32f4xx_hal_spi.o
    0x08009670   0x08009670   0x00000088   Code   RO         3911    i.SPI_EndRxTxTransaction  stm32f4xx_hal_spi.o
    0x080096f8   0x080096f8   0x000000d8   Code   RO         3916    i.SPI_WaitFlagStateUntilTimeout  stm32f4xx_hal_spi.o
    0x080097d0   0x080097d0   0x00000012   Code   RO         8324    i.SWAPBYTE          usbd_ctlreq.o
    0x080097e2   0x080097e2   0x00000002   PAD
    0x080097e4   0x080097e4   0x00000068   Code   RO         5671    i.Sqrt              user_lib.o
    0x0800984c   0x0800984c   0x000003e4   Code   RO         6064    i.SteeringWheelKinematics  chassis.o
    0x08009c30   0x08009c30   0x00000034   Code   RO         7687    i.SysTick_Handler   port.o
    0x08009c64   0x08009c64   0x000000b4   Code   RO           15    i.SystemClock_Config  main.o
    0x08009d18   0x08009d18   0x00000014   Code   RO         4558    i.SystemInit        system_stm32f4xx.o
    0x08009d2c   0x08009d2c   0x00000010   Code   RO          676    i.TIM8_TRG_COM_TIM14_IRQHandler  stm32f4xx_it.o
    0x08009d3c   0x08009d3c   0x000000e0   Code   RO          943    i.TIM_Base_SetConfig  stm32f4xx_hal_tim.o
    0x08009e1c   0x08009e1c   0x00000022   Code   RO          944    i.TIM_CCxChannelCmd  stm32f4xx_hal_tim.o
    0x08009e3e   0x08009e3e   0x00000002   PAD
    0x08009e40   0x08009e40   0x00000070   Code   RO          956    i.TIM_OC1_SetConfig  stm32f4xx_hal_tim.o
    0x08009eb0   0x08009eb0   0x0000007c   Code   RO          957    i.TIM_OC2_SetConfig  stm32f4xx_hal_tim.o
    0x08009f2c   0x08009f2c   0x00000078   Code   RO          958    i.TIM_OC3_SetConfig  stm32f4xx_hal_tim.o
    0x08009fa4   0x08009fa4   0x00000054   Code   RO          959    i.TIM_OC4_SetConfig  stm32f4xx_hal_tim.o
    0x08009ff8   0x08009ff8   0x00000050   Code   RO         4228    i.UART_DMAError     stm32f4xx_hal_uart.o
    0x0800a048   0x0800a048   0x000000b4   Code   RO         4229    i.UART_DMAReceiveCplt  stm32f4xx_hal_uart.o
    0x0800a0fc   0x0800a0fc   0x00000024   Code   RO         4231    i.UART_DMARxHalfCplt  stm32f4xx_hal_uart.o
    0x0800a120   0x0800a120   0x0000006c   Code   RO         4237    i.UART_EndRxTransfer  stm32f4xx_hal_uart.o
    0x0800a18c   0x0800a18c   0x00000026   Code   RO         4239    i.UART_EndTxTransfer  stm32f4xx_hal_uart.o
    0x0800a1b2   0x0800a1b2   0x00000002   PAD
    0x0800a1b4   0x0800a1b4   0x0000022c   Code   RO         4241    i.UART_SetConfig    stm32f4xx_hal_uart.o
    0x0800a3e0   0x0800a3e0   0x000000d8   Code   RO         4242    i.UART_Start_Receive_DMA  stm32f4xx_hal_uart.o
    0x0800a4b8   0x0800a4b8   0x0000008c   Code   RO         4245    i.UART_WaitOnFlagUntilTimeout  stm32f4xx_hal_uart.o
    0x0800a544   0x0800a544   0x00000050   Code   RO         4742    i.USARTRegister     bsp_usart.o
    0x0800a594   0x0800a594   0x0000002c   Code   RO         4744    i.USARTServiceInit  bsp_usart.o
    0x0800a5c0   0x0800a5c0   0x000000be   Code   RO         8495    i.USBD_CDC_DataIn   usbd_cdc.o
    0x0800a67e   0x0800a67e   0x00000048   Code   RO         8496    i.USBD_CDC_DataOut  usbd_cdc.o
    0x0800a6c6   0x0800a6c6   0x00000002   PAD
    0x0800a6c8   0x0800a6c8   0x000000d4   Code   RO         8497    i.USBD_CDC_DeInit   usbd_cdc.o
    0x0800a79c   0x0800a79c   0x00000050   Code   RO         8498    i.USBD_CDC_EP0_RxReady  usbd_cdc.o
    0x0800a7ec   0x0800a7ec   0x00000010   Code   RO         8499    i.USBD_CDC_GetDeviceQualifierDescriptor  usbd_cdc.o
    0x0800a7fc   0x0800a7fc   0x00000044   Code   RO         8500    i.USBD_CDC_GetFSCfgDesc  usbd_cdc.o
    0x0800a840   0x0800a840   0x00000048   Code   RO         8501    i.USBD_CDC_GetHSCfgDesc  usbd_cdc.o
    0x0800a888   0x0800a888   0x00000044   Code   RO         8502    i.USBD_CDC_GetOtherSpeedCfgDesc  usbd_cdc.o
    0x0800a8cc   0x0800a8cc   0x000001a0   Code   RO         8503    i.USBD_CDC_Init     usbd_cdc.o
    0x0800aa6c   0x0800aa6c   0x00000050   Code   RO         8504    i.USBD_CDC_ReceivePacket  usbd_cdc.o
    0x0800aabc   0x0800aabc   0x00000018   Code   RO         8505    i.USBD_CDC_RegisterInterface  usbd_cdc.o
    0x0800aad4   0x0800aad4   0x0000001e   Code   RO         8506    i.USBD_CDC_SetRxBuffer  usbd_cdc.o
    0x0800aaf2   0x0800aaf2   0x00000024   Code   RO         8507    i.USBD_CDC_SetTxBuffer  usbd_cdc.o
    0x0800ab16   0x0800ab16   0x00000140   Code   RO         8508    i.USBD_CDC_Setup    usbd_cdc.o
    0x0800ac56   0x0800ac56   0x00000002   PAD
    0x0800ac58   0x0800ac58   0x00000058   Code   RO         8509    i.USBD_CDC_TransmitPacket  usbd_cdc.o
    0x0800acb0   0x0800acb0   0x0000001c   Code   RO         8158    i.USBD_ClrClassConfig  usbd_core.o
    0x0800accc   0x0800accc   0x0000003e   Code   RO         8325    i.USBD_ClrFeature   usbd_ctlreq.o
    0x0800ad0a   0x0800ad0a   0x00000006   Code   RO         8159    i.USBD_CoreFindEP   usbd_core.o
    0x0800ad10   0x0800ad10   0x00000006   Code   RO         8160    i.USBD_CoreFindIF   usbd_core.o
    0x0800ad16   0x0800ad16   0x00000018   Code   RO         8431    i.USBD_CtlContinueRx  usbd_ioreq.o
    0x0800ad2e   0x0800ad2e   0x00000018   Code   RO         8432    i.USBD_CtlContinueSendData  usbd_ioreq.o
    0x0800ad46   0x0800ad46   0x00000018   Code   RO         8326    i.USBD_CtlError     usbd_ctlreq.o
    0x0800ad5e   0x0800ad5e   0x0000002e   Code   RO         8433    i.USBD_CtlPrepareRx  usbd_ioreq.o
    0x0800ad8c   0x0800ad8c   0x0000001a   Code   RO         8434    i.USBD_CtlReceiveStatus  usbd_ioreq.o
    0x0800ada6   0x0800ada6   0x00000024   Code   RO         8435    i.USBD_CtlSendData  usbd_ioreq.o
    0x0800adca   0x0800adca   0x0000001a   Code   RO         8436    i.USBD_CtlSendStatus  usbd_ioreq.o
    0x0800ade4   0x0800ade4   0x00000034   Code   RO         7803    i.USBD_FS_ConfigStrDescriptor  usbd_desc.o
    0x0800ae18   0x0800ae18   0x00000010   Code   RO         7804    i.USBD_FS_DeviceDescriptor  usbd_desc.o
    0x0800ae28   0x0800ae28   0x00000038   Code   RO         7805    i.USBD_FS_InterfaceStrDescriptor  usbd_desc.o
    0x0800ae60   0x0800ae60   0x00000010   Code   RO         7806    i.USBD_FS_LangIDStrDescriptor  usbd_desc.o
    0x0800ae70   0x0800ae70   0x0000002c   Code   RO         7807    i.USBD_FS_ManufacturerStrDescriptor  usbd_desc.o
    0x0800ae9c   0x0800ae9c   0x00000040   Code   RO         7808    i.USBD_FS_ProductStrDescriptor  usbd_desc.o
    0x0800aedc   0x0800aedc   0x00000018   Code   RO         7809    i.USBD_FS_SerialStrDescriptor  usbd_desc.o
    0x0800aef4   0x0800aef4   0x00000056   Code   RO         8327    i.USBD_GetConfig    usbd_ctlreq.o
    0x0800af4a   0x0800af4a   0x000001fc   Code   RO         8328    i.USBD_GetDescriptor  usbd_ctlreq.o
    0x0800b146   0x0800b146   0x00000050   Code   RO         8162    i.USBD_GetEpDesc    usbd_core.o
    0x0800b196   0x0800b196   0x00000016   Code   RO         8329    i.USBD_GetLen       usbd_ctlreq.o
    0x0800b1ac   0x0800b1ac   0x00000014   Code   RO         8163    i.USBD_GetNextDesc  usbd_core.o
    0x0800b1c0   0x0800b1c0   0x0000005a   Code   RO         8330    i.USBD_GetStatus    usbd_ctlreq.o
    0x0800b21a   0x0800b21a   0x00000068   Code   RO         8331    i.USBD_GetString    usbd_ctlreq.o
    0x0800b282   0x0800b282   0x0000002c   Code   RO         7960    i.USBD_Get_USB_Status  usbd_conf.o
    0x0800b2ae   0x0800b2ae   0x0000003a   Code   RO         8164    i.USBD_Init         usbd_core.o
    0x0800b2e8   0x0800b2e8   0x00000026   Code   RO         7961    i.USBD_LL_ClearStallEP  usbd_conf.o
    0x0800b30e   0x0800b30e   0x00000026   Code   RO         7962    i.USBD_LL_CloseEP   usbd_conf.o
    0x0800b334   0x0800b334   0x00000110   Code   RO         8165    i.USBD_LL_DataInStage  usbd_core.o
    0x0800b444   0x0800b444   0x0000010a   Code   RO         8166    i.USBD_LL_DataOutStage  usbd_core.o
    0x0800b54e   0x0800b54e   0x00000006   Code   RO         8167    i.USBD_LL_DevConnected  usbd_core.o
    0x0800b554   0x0800b554   0x00000026   Code   RO         8168    i.USBD_LL_DevDisconnected  usbd_core.o
    0x0800b57a   0x0800b57a   0x00000012   Code   RO         7966    i.USBD_LL_GetRxDataSize  usbd_conf.o
    0x0800b58c   0x0800b58c   0x00000068   Code   RO         7967    i.USBD_LL_Init      usbd_conf.o
    0x0800b5f4   0x0800b5f4   0x00000038   Code   RO         7968    i.USBD_LL_IsStallEP  usbd_conf.o
    0x0800b62c   0x0800b62c   0x00000048   Code   RO         8169    i.USBD_LL_IsoINIncomplete  usbd_core.o
    0x0800b674   0x0800b674   0x00000048   Code   RO         8170    i.USBD_LL_IsoOUTIncomplete  usbd_core.o
    0x0800b6bc   0x0800b6bc   0x00000030   Code   RO         7969    i.USBD_LL_OpenEP    usbd_conf.o
    0x0800b6ec   0x0800b6ec   0x00000030   Code   RO         7970    i.USBD_LL_PrepareReceive  usbd_conf.o
    0x0800b71c   0x0800b71c   0x0000006e   Code   RO         8171    i.USBD_LL_Reset     usbd_core.o
    0x0800b78a   0x0800b78a   0x00000016   Code   RO         8172    i.USBD_LL_Resume    usbd_core.o
    0x0800b7a0   0x0800b7a0   0x00000028   Code   RO         8173    i.USBD_LL_SOF       usbd_core.o
    0x0800b7c8   0x0800b7c8   0x00000008   Code   RO         8174    i.USBD_LL_SetSpeed  usbd_core.o
    0x0800b7d0   0x0800b7d0   0x00000026   Code   RO         7971    i.USBD_LL_SetUSBAddress  usbd_conf.o
    0x0800b7f6   0x0800b7f6   0x00000076   Code   RO         8175    i.USBD_LL_SetupStage  usbd_core.o
    0x0800b86c   0x0800b86c   0x00000026   Code   RO         7972    i.USBD_LL_StallEP   usbd_conf.o
    0x0800b892   0x0800b892   0x0000001e   Code   RO         7973    i.USBD_LL_Start     usbd_conf.o
    0x0800b8b0   0x0800b8b0   0x0000001c   Code   RO         8176    i.USBD_LL_Suspend   usbd_core.o
    0x0800b8cc   0x0800b8cc   0x00000030   Code   RO         7975    i.USBD_LL_Transmit  usbd_conf.o
    0x0800b8fc   0x0800b8fc   0x00000036   Code   RO         8332    i.USBD_ParseSetupRequest  usbd_ctlreq.o
    0x0800b932   0x0800b932   0x00000048   Code   RO         8177    i.USBD_RegisterClass  usbd_core.o
    0x0800b97a   0x0800b97a   0x00000006   Code   RO         8178    i.USBD_RunTestMode  usbd_core.o
    0x0800b980   0x0800b980   0x0000005a   Code   RO         8333    i.USBD_SetAddress   usbd_ctlreq.o
    0x0800b9da   0x0800b9da   0x00000020   Code   RO         8179    i.USBD_SetClassConfig  usbd_core.o
    0x0800b9fa   0x0800b9fa   0x00000002   PAD
    0x0800b9fc   0x0800b9fc   0x00000104   Code   RO         8334    i.USBD_SetConfig    usbd_ctlreq.o
    0x0800bb00   0x0800bb00   0x00000038   Code   RO         8335    i.USBD_SetFeature   usbd_ctlreq.o
    0x0800bb38   0x0800bb38   0x0000000c   Code   RO         8180    i.USBD_Start        usbd_core.o
    0x0800bb44   0x0800bb44   0x000000ae   Code   RO         8336    i.USBD_StdDevReq    usbd_ctlreq.o
    0x0800bbf2   0x0800bbf2   0x00000284   Code   RO         8337    i.USBD_StdEPReq     usbd_ctlreq.o
    0x0800be76   0x0800be76   0x000000ae   Code   RO         8338    i.USBD_StdItfReq    usbd_ctlreq.o
    0x0800bf24   0x0800bf24   0x00000002   Code   RO         7976    i.USBD_static_free  usbd_conf.o
    0x0800bf26   0x0800bf26   0x00000002   PAD
    0x0800bf28   0x0800bf28   0x0000000c   Code   RO         7977    i.USBD_static_malloc  usbd_conf.o
    0x0800bf34   0x0800bf34   0x000000d0   Code   RO         2118    i.USB_ActivateEndpoint  stm32f4xx_ll_usb.o
    0x0800c004   0x0800c004   0x00000028   Code   RO         2120    i.USB_ActivateSetup  stm32f4xx_ll_usb.o
    0x0800c02c   0x0800c02c   0x0000008c   Code   RO         2122    i.USB_CoreInit      stm32f4xx_ll_usb.o
    0x0800c0b8   0x0800c0b8   0x00000062   Code   RO         2123    i.USB_CoreReset     stm32f4xx_ll_usb.o
    0x0800c11a   0x0800c11a   0x00000002   PAD
    0x0800c11c   0x0800c11c   0x0000014c   Code   RO         2126    i.USB_DeactivateEndpoint  stm32f4xx_ll_usb.o
    0x0800c268   0x0800c268   0x00000024   Code   RO         2127    i.USB_DevConnect    stm32f4xx_ll_usb.o
    0x0800c28c   0x0800c28c   0x00000024   Code   RO         2128    i.USB_DevDisconnect  stm32f4xx_ll_usb.o
    0x0800c2b0   0x0800c2b0   0x000001e8   Code   RO         2129    i.USB_DevInit       stm32f4xx_ll_usb.o
    0x0800c498   0x0800c498   0x0000000e   Code   RO         2130    i.USB_DisableGlobalInt  stm32f4xx_ll_usb.o
    0x0800c4a6   0x0800c4a6   0x00000002   PAD
    0x0800c4a8   0x0800c4a8   0x00000070   Code   RO         2133    i.USB_EP0_OutStart  stm32f4xx_ll_usb.o
    0x0800c518   0x0800c518   0x0000008e   Code   RO         2134    i.USB_EPClearStall  stm32f4xx_ll_usb.o
    0x0800c5a6   0x0800c5a6   0x0000009a   Code   RO         2135    i.USB_EPSetStall    stm32f4xx_ll_usb.o
    0x0800c640   0x0800c640   0x000003c0   Code   RO         2136    i.USB_EPStartXfer   stm32f4xx_ll_usb.o
    0x0800ca00   0x0800ca00   0x000000ec   Code   RO         2137    i.USB_EPStopXfer    stm32f4xx_ll_usb.o
    0x0800caec   0x0800caec   0x0000000e   Code   RO         2138    i.USB_EnableGlobalInt  stm32f4xx_ll_usb.o
    0x0800cafa   0x0800cafa   0x00000050   Code   RO         2139    i.USB_FlushRxFifo   stm32f4xx_ll_usb.o
    0x0800cb4a   0x0800cb4a   0x00000054   Code   RO         2140    i.USB_FlushTxFifo   stm32f4xx_ll_usb.o
    0x0800cb9e   0x0800cb9e   0x00000026   Code   RO         2142    i.USB_GetDevSpeed   stm32f4xx_ll_usb.o
    0x0800cbc4   0x0800cbc4   0x0000000a   Code   RO         2144    i.USB_GetMode       stm32f4xx_ll_usb.o
    0x0800cbce   0x0800cbce   0x00000002   PAD
    0x0800cbd0   0x0800cbd0   0x00000054   Code   RO         5910    i.USB_Init          usb.o
    0x0800cc24   0x0800cc24   0x00000018   Code   RO         5911    i.USB_ProcessTask   usb.o
    0x0800cc3c   0x0800cc3c   0x00000014   Code   RO         2152    i.USB_ReadDevAllInEpInterrupt  stm32f4xx_ll_usb.o
    0x0800cc50   0x0800cc50   0x00000014   Code   RO         2153    i.USB_ReadDevAllOutEpInterrupt  stm32f4xx_ll_usb.o
    0x0800cc64   0x0800cc64   0x00000032   Code   RO         2154    i.USB_ReadDevInEPInterrupt  stm32f4xx_ll_usb.o
    0x0800cc96   0x0800cc96   0x0000001a   Code   RO         2155    i.USB_ReadDevOutEPInterrupt  stm32f4xx_ll_usb.o
    0x0800ccb0   0x0800ccb0   0x0000000a   Code   RO         2156    i.USB_ReadInterrupts  stm32f4xx_ll_usb.o
    0x0800ccba   0x0800ccba   0x00000060   Code   RO         2157    i.USB_ReadPacket    stm32f4xx_ll_usb.o
    0x0800cd1a   0x0800cd1a   0x00000002   PAD
    0x0800cd1c   0x0800cd1c   0x0000005c   Code   RO         5913    i.USB_RxHandler     usb.o
    0x0800cd78   0x0800cd78   0x00000068   Code   RO         2159    i.USB_SetCurrentMode  stm32f4xx_ll_usb.o
    0x0800cde0   0x0800cde0   0x0000002a   Code   RO         2160    i.USB_SetDevAddress  stm32f4xx_ll_usb.o
    0x0800ce0a   0x0800ce0a   0x00000012   Code   RO         2161    i.USB_SetDevSpeed   stm32f4xx_ll_usb.o
    0x0800ce1c   0x0800ce1c   0x000000e8   Code   RO         2162    i.USB_SetTurnaroundTime  stm32f4xx_ll_usb.o
    0x0800cf04   0x0800cf04   0x00000018   Code   RO         5914    i.USB_Transmit      usb.o
    0x0800cf1c   0x0800cf1c   0x00000044   Code   RO         2165    i.USB_WritePacket   stm32f4xx_ll_usb.o
    0x0800cf60   0x0800cf60   0x00000268   Code   RO         6065    i.UpdateIMUCorrection  chassis.o
    0x0800d1c8   0x0800d1c8   0x00000004   Code   RO          677    i.UsageFault_Handler  stm32f4xx_it.o
    0x0800d1cc   0x0800d1cc   0x0000000e   Code   RO          334    i.Usb_f             freertos.o
    0x0800d1da   0x0800d1da   0x00000002   PAD
    0x0800d1dc   0x0800d1dc   0x00000048   Code   RO         6066    i.WrapDeg180        chassis.o
    0x0800d224   0x0800d224   0x00000026   Code   RO         9105    i.__ARM_fpclassifyf  m_wm.l(fpclassifyf.o)
    0x0800d24a   0x0800d24a   0x00000002   PAD
    0x0800d24c   0x0800d24c   0x00000010   Code   RO         3233    i.__NVIC_GetPriorityGrouping  stm32f4xx_hal_cortex.o
    0x0800d25c   0x0800d25c   0x00000028   Code   RO         3234    i.__NVIC_SetPriority  stm32f4xx_hal_cortex.o
    0x0800d284   0x0800d284   0x00000118   Code   RO         8928    i.__hardfp_acosf    m_wm.l(acosf.o)
    0x0800d39c   0x0800d39c   0x0000012c   Code   RO         8940    i.__hardfp_asinf    m_wm.l(asinf.o)
    0x0800d4c8   0x0800d4c8   0x000002ac   Code   RO         8952    i.__hardfp_atan2f   m_wm.l(atan2f.o)
    0x0800d774   0x0800d774   0x00000150   Code   RO         8964    i.__hardfp_cosf     m_wm.l(cosf.o)
    0x0800d8c4   0x0800d8c4   0x00000190   Code   RO         8976    i.__hardfp_sinf     m_wm.l(sinf.o)
    0x0800da54   0x0800da54   0x0000003a   Code   RO         8988    i.__hardfp_sqrtf    m_wm.l(sqrtf.o)
    0x0800da8e   0x0800da8e   0x00000006   Code   RO         9108    i.__mathlib_flt_infnan  m_wm.l(funder.o)
    0x0800da94   0x0800da94   0x00000006   Code   RO         9109    i.__mathlib_flt_infnan2  m_wm.l(funder.o)
    0x0800da9a   0x0800da9a   0x00000002   PAD
    0x0800da9c   0x0800da9c   0x00000010   Code   RO         9110    i.__mathlib_flt_invalid  m_wm.l(funder.o)
    0x0800daac   0x0800daac   0x00000010   Code   RO         9113    i.__mathlib_flt_underflow  m_wm.l(funder.o)
    0x0800dabc   0x0800dabc   0x00000154   Code   RO         9121    i.__mathlib_rredf2  m_wm.l(rredf.o)
    0x0800dc10   0x0800dc10   0x00000010   Code   RO         6337    i.all_cmd_Task      test.o
    0x0800dc20   0x0800dc20   0x00000008   Code   RO         6338    i.all_init_Task     test.o
    0x0800dc28   0x0800dc28   0x00000184   Code   RO         5353    i.bmi088_accel_init  bmi088driver.o
    0x0800ddac   0x0800ddac   0x00000148   Code   RO         5354    i.bmi088_gyro_init  bmi088driver.o
    0x0800def4   0x0800def4   0x000000c8   Code   RO         4810    i.f_Changing_Integration_Rate  controller.o
    0x0800dfbc   0x0800dfbc   0x00000042   Code   RO         4811    i.f_Derivative_Filter  controller.o
    0x0800dffe   0x0800dffe   0x00000022   Code   RO         4812    i.f_Derivative_On_Measurement  controller.o
    0x0800e020   0x0800e020   0x000000d4   Code   RO         4813    i.f_Integral_Limit  controller.o
    0x0800e0f4   0x0800e0f4   0x00000042   Code   RO         4814    i.f_Output_Filter   controller.o
    0x0800e136   0x0800e136   0x0000003e   Code   RO         4815    i.f_Output_Limit    controller.o
    0x0800e174   0x0800e174   0x000000bc   Code   RO         4816    i.f_PID_ErrorHandle  controller.o
    0x0800e230   0x0800e230   0x00000084   Code   RO         4817    i.f_Trapezoid_Intergral  controller.o
    0x0800e2b4   0x0800e2b4   0x0000000a   Code   RO         4818    i.fabsf             controller.o
    0x0800e2be   0x0800e2be   0x0000000a   Code   RO         5355    i.fabsf             bmi088driver.o
    0x0800e2c8   0x0800e2c8   0x0000000a   Code   RO         6067    i.fabsf             chassis.o
    0x0800e2d2   0x0800e2d2   0x0000002a   Code   RO         5673    i.float_constrain   user_lib.o
    0x0800e2fc   0x0800e2fc   0x00000048   Code   RO         5675    i.float_rounding    user_lib.o
    0x0800e344   0x0800e344   0x0000003c   Code   RO         5798    i.invSqrt           quaternionekf.o
    0x0800e380   0x0800e380   0x00000040   Code   RO           16    i.main              main.o
    0x0800e3c0   0x0800e3c0   0x0000000e   Code   RO         7252    i.makeFreeRtosPriority  cmsis_os.o
    0x0800e3ce   0x0800e3ce   0x00000002   PAD
    0x0800e3d0   0x0800e3d0   0x00000024   Code   RO         5916    i.on_receive_CmdVel  usb.o
    0x0800e3f4   0x0800e3f4   0x00000002   Code   RO         5917    i.on_receive_Handshake  usb.o
    0x0800e3f6   0x0800e3f6   0x00000002   PAD
    0x0800e3f8   0x0800e3f8   0x00000014   Code   RO         5918    i.on_receive_Heartbeat  usb.o
    0x0800e40c   0x0800e40c   0x00000018   Code   RO         7254    i.osDelay           cmsis_os.o
    0x0800e424   0x0800e424   0x0000000a   Code   RO         7257    i.osKernelStart     cmsis_os.o
    0x0800e42e   0x0800e42e   0x0000005e   Code   RO         7291    i.osThreadCreate    cmsis_os.o
    0x0800e48c   0x0800e48c   0x00000148   Code   RO         6018    i.protocol_fsm_feed  protocol.o
    0x0800e5d4   0x0800e5d4   0x00000098   Code   RO         6917    i.prvAddCurrentTaskToDelayedList  tasks.o
    0x0800e66c   0x0800e66c   0x000000b4   Code   RO         6918    i.prvAddNewTaskToReadyList  tasks.o
    0x0800e720   0x0800e720   0x00000048   Code   RO         6919    i.prvCheckTasksWaitingTermination  tasks.o
    0x0800e768   0x0800e768   0x00000050   Code   RO         6920    i.prvDeleteTCB      tasks.o
    0x0800e7b8   0x0800e7b8   0x0000007c   Code   RO         7619    i.prvHeapInit       heap_4.o
    0x0800e834   0x0800e834   0x00000028   Code   RO         6921    i.prvIdleTask       tasks.o
    0x0800e85c   0x0800e85c   0x000000b4   Code   RO         6922    i.prvInitialiseNewTask  tasks.o
    0x0800e910   0x0800e910   0x00000068   Code   RO         6923    i.prvInitialiseTaskLists  tasks.o
    0x0800e978   0x0800e978   0x00000068   Code   RO         7620    i.prvInsertBlockIntoFreeList  heap_4.o
    0x0800e9e0   0x0800e9e0   0x00000034   Code   RO         6924    i.prvResetNextTaskUnblockTime  tasks.o
    0x0800ea14   0x0800ea14   0x00000040   Code   RO         7688    i.prvTaskExitError  port.o
    0x0800ea54   0x0800ea54   0x0000014c   Code   RO         7621    i.pvPortMalloc      heap_4.o
    0x0800eba0   0x0800eba0   0x0000002c   Code   RO         7689    i.pxPortInitialiseStack  port.o
    0x0800ebcc   0x0800ebcc   0x000001a8   Code   RO         5188    i.sbus_to_rc        remote.o
    0x0800ed74   0x0800ed74   0x0000006c   Code   RO         6019    i.send_Handshake    protocol.o
    0x0800ede0   0x0800ede0   0x0000003e   Code   RO         8990    i.sqrtf             m_wm.l(sqrtf.o)
    0x0800ee1e   0x0800ee1e   0x00000028   Code   RO         6543    i.uxListRemove      list.o
    0x0800ee46   0x0800ee46   0x00000002   PAD
    0x0800ee48   0x0800ee48   0x00000018   Code   RO          335    i.vApplicationGetIdleTaskMemory  freertos.o
    0x0800ee60   0x0800ee60   0x0000001a   Code   RO         6544    i.vListInitialise   list.o
    0x0800ee7a   0x0800ee7a   0x00000006   Code   RO         6545    i.vListInitialiseItem  list.o
    0x0800ee80   0x0800ee80   0x00000034   Code   RO         6546    i.vListInsert       list.o
    0x0800eeb4   0x0800eeb4   0x00000018   Code   RO         6547    i.vListInsertEnd    list.o
    0x0800eecc   0x0800eecc   0x00000054   Code   RO         7691    i.vPortEnterCritical  port.o
    0x0800ef20   0x0800ef20   0x0000003c   Code   RO         7692    i.vPortExitCritical  port.o
    0x0800ef5c   0x0800ef5c   0x000000a4   Code   RO         7622    i.vPortFree         heap_4.o
    0x0800f000   0x0800f000   0x00000028   Code   RO         7693    i.vPortSetupTimerInterrupt  port.o
    0x0800f028   0x0800f028   0x0000005c   Code   RO         6933    i.vTaskDelay        tasks.o
    0x0800f084   0x0800f084   0x000000b0   Code   RO         6947    i.vTaskStartScheduler  tasks.o
    0x0800f134   0x0800f134   0x00000010   Code   RO         6949    i.vTaskSuspendAll   tasks.o
    0x0800f144   0x0800f144   0x0000008c   Code   RO         6950    i.vTaskSwitchContext  tasks.o
    0x0800f1d0   0x0800f1d0   0x00000168   Code   RO         7695    i.xPortStartScheduler  port.o
    0x0800f338   0x0800f338   0x00000064   Code   RO         6953    i.xTaskCreate       tasks.o
    0x0800f39c   0x0800f39c   0x000000ba   Code   RO         6954    i.xTaskCreateStatic  tasks.o
    0x0800f456   0x0800f456   0x00000002   PAD
    0x0800f458   0x0800f458   0x00000148   Code   RO         6961    i.xTaskIncrementTick  tasks.o
    0x0800f5a0   0x0800f5a0   0x00000104   Code   RO         6967    i.xTaskResumeAll    tasks.o
    0x0800f6a4   0x0800f6a4   0x00000062   Code   RO         8902    x$fpl$d2f           fz_wm.l(d2f.o)
    0x0800f706   0x0800f706   0x00000002   PAD
    0x0800f708   0x0800f708   0x000002b0   Code   RO         8911    x$fpl$ddiv          fz_wm.l(ddiv.o)
    0x0800f9b8   0x0800f9b8   0x00000154   Code   RO         8922    x$fpl$dmul          fz_wm.l(dmul.o)
    0x0800fb0c   0x0800fb0c   0x0000009c   Code   RO         9096    x$fpl$dnaninf       fz_wm.l(dnaninf.o)
    0x0800fba8   0x0800fba8   0x0000000c   Code   RO         9098    x$fpl$dretinf       fz_wm.l(dretinf.o)
    0x0800fbb4   0x0800fbb4   0x00000056   Code   RO         8926    x$fpl$f2d           fz_wm.l(f2d.o)
    0x0800fc0a   0x0800fc0a   0x0000008c   Code   RO         9100    x$fpl$fnaninf       fz_wm.l(fnaninf.o)
    0x0800fc96   0x0800fc96   0x0000000a   Code   RO         9170    x$fpl$fpinit        fz_wm.l(fpinit.o)
    0x0800fca0   0x0800fca0   0x0000000a   Code   RO         9102    x$fpl$fretinf       fz_wm.l(fretinf.o)
    0x0800fcaa   0x0800fcaa   0x00000000   Code   RO         9104    x$fpl$usenofp       fz_wm.l(usenofp.o)
    0x0800fcaa   0x0800fcaa   0x00000002   PAD
    0x0800fcac   0x0800fcac   0x00000070   Data   RO          337    .constdata          freertos.o
    0x0800fd1c   0x0800fd1c   0x00000008   Data   RO         2947    .constdata          stm32f4xx_hal_dma.o
    0x0800fd24   0x0800fd24   0x00000018   Data   RO         4559    .constdata          system_stm32f4xx.o
    0x0800fd3c   0x0800fd3c   0x0000000c   Data   RO         4933    .constdata          dji_motor.o
    0x0800fd48   0x0800fd48   0x0000000c   Data   RO         5190    .constdata          remote.o
    0x0800fd54   0x0800fd54   0x00000068   Data   RO         5494    .constdata          ins_task.o
    0x0800fdbc   0x0800fdbc   0x00000090   Data   RO         5800    .constdata          quaternionekf.o
    0x0800fe4c   0x0800fe4c   0x00000104   Data   RO         6022    .constdata          protocol.o
    0x0800ff50   0x0800ff50   0x0000025c   Data   RO         6069    .constdata          chassis.o
    0x080101ac   0x080101ac   0x00000020   Data   RO         9122    .constdata          m_wm.l(rredf.o)
    0x080101cc   0x080101cc   0x00000024   Data   RO          338    .conststring        freertos.o
    0x080101f0   0x080101f0   0x00000804   Data   RO         8785    .rodata.sinTable_f32  arm_cortexM4lf_math.lib(arm_common_tables.o)
    0x080109f4   0x080109f4   0x00000040   Data   RO         9261    Region$$Table       anon$$obj.o


    Execution Region RW_IRAM1 (Exec base: 0x20000000, Load base: 0x08010a34, Size: 0x000180f0, Max: 0x0001c000, ABSOLUTE, COMPRESSED[0x00000130])

    Exec Addr    Load Addr    Size         Type   Attr      Idx    E Section Name        Object

    0x20000000   COMPRESSED   0x00000004   Data   RW          449    .data               can.o
    0x20000004   COMPRESSED   0x00000009   Data   RW         3397    .data               stm32f4xx_hal.o
    0x2000000d   COMPRESSED   0x00000003   PAD
    0x20000010   COMPRESSED   0x0000000c   Data   RW         4603    .data               bsp_can.o
    0x2000001c   COMPRESSED   0x00000004   PAD
    0x20000020   COMPRESSED   0x00000048   Data   RW         4672    .data               bsp_dwt.o
    0x20000068   COMPRESSED   0x00000001   Data   RW         4746    .data               bsp_usart.o
    0x20000069   COMPRESSED   0x0000018d   Data   RW         4934    .data               dji_motor.o
    0x200001f6   COMPRESSED   0x00000002   PAD
    0x200001f8   COMPRESSED   0x0000000c   Data   RW         5191    .data               remote.o
    0x20000204   COMPRESSED   0x00000048   Data   RW         5357    .data               bmi088driver.o
    0x2000024c   COMPRESSED   0x00000004   Data   RW         5433    .data               bmi088middleware.o
    0x20000250   COMPRESSED   0x00000044   Data   RW         5495    .data               ins_task.o
    0x20000294   COMPRESSED   0x00000008   Data   RW         5681    .data               user_lib.o
    0x2000029c   COMPRESSED   0x000000d4   Data   RW         5801    .data               quaternionekf.o
    0x20000370   COMPRESSED   0x00000011   Data   RW         5922    .data               usb.o
    0x20000381   COMPRESSED   0x00000003   PAD
    0x20000384   COMPRESSED   0x0000004e   Data   RW         6070    .data               chassis.o
    0x200003d2   COMPRESSED   0x00000002   PAD
    0x200003d4   COMPRESSED   0x0000003c   Data   RW         6970    .data               tasks.o
    0x20000410   COMPRESSED   0x0000004e   Data   RW         7811    .data               usbd_desc.o
    0x2000045e   COMPRESSED   0x00000002   PAD
    0x20000460   COMPRESSED   0x00000014   Data   RW         7889    .data               usbd_cdc_if.o
    0x20000474   COMPRESSED   0x00000001   Data   RW         8339    .data               usbd_ctlreq.o
    0x20000475   COMPRESSED   0x00000003   PAD
    0x20000478   COMPRESSED   0x0000008a   Data   RW         8510    .data               usbd_cdc.o
    0x20000502   COMPRESSED   0x00000002   PAD
    0x20000504        -       0x00000264   Zero   RW          336    .bss                freertos.o
    0x20000768        -       0x00000050   Zero   RW          448    .bss                can.o
    0x200007b8        -       0x00000118   Zero   RW          520    .bss                spi.o
    0x200008d0        -       0x00000048   Zero   RW          563    .bss                tim.o
    0x20000918        -       0x00000198   Zero   RW          612    .bss                usart.o
    0x20000ab0        -       0x00000048   Zero   RW          812    .bss                stm32f4xx_hal_timebase_tim.o
    0x20000af8        -       0x0000005c   Zero   RW         4602    .bss                bsp_can.o
    0x20000b54        -       0x00000094   Zero   RW         5189    .bss                remote.o
    0x20000be8        -       0x00000080   Zero   RW         5300    .bss                daemon.o
    0x20000c68        -       0x00000110   Zero   RW         5493    .bss                ins_task.o
    0x20000d78        -       0x00000270   Zero   RW         5799    .bss                quaternionekf.o
    0x20000fe8        -       0x0000040c   Zero   RW         5920    .bss                usb.o
    0x200013f4        -       0x00000100   Zero   RW         6021    .bss                protocol.o
    0x200014f4   COMPRESSED   0x00000004   PAD
    0x200014f8        -       0x000000a2   Zero   RW         6068    .bss                chassis.o
    0x2000159a   COMPRESSED   0x00000002   PAD
    0x2000159c        -       0x000000f0   Zero   RW         6969    .bss                tasks.o
    0x2000168c        -       0x00004e20   Zero   RW         7627    .bss                heap_4.o
    0x200064ac        -       0x000002dc   Zero   RW         7767    .bss                usb_device.o
    0x20006788        -       0x00000200   Zero   RW         7810    .bss                usbd_desc.o
    0x20006988        -       0x00001000   Zero   RW         7888    .bss                usbd_cdc_if.o
    0x20007988        -       0x00000704   Zero   RW         7978    .bss                usbd_conf.o
    0x2000808c        -       0x00000060   Zero   RW         9127    .bss                c_w.l(libspace.o)
    0x200080ec   COMPRESSED   0x00000004   PAD
    0x200080f0        -       0x00008000   Zero   RW            2    HEAP                startup_stm32f407xx.o
    0x200100f0        -       0x00008000   Zero   RW            1    STACK               startup_stm32f407xx.o


    Execution Region RW_IRAM2 (Exec base: 0x2001c000, Load base: 0x08010b64, Size: 0x000000d4, Max: 0x00004000, ABSOLUTE)

    Exec Addr    Load Addr    Size         Type   Attr      Idx    E Section Name        Object

    0x2001c000   0x08010b64   0x00000010   Data   RW          339    .data               freertos.o
    0x2001c010   0x08010b74   0x00000004   Data   RW         4560    .data               system_stm32f4xx.o
    0x2001c014   0x08010b78   0x00000008   Data   RW         4819    .data               controller.o
    0x2001c01c   0x08010b80   0x00000001   Data   RW         5301    .data               daemon.o
    0x2001c01d   0x08010b81   0x00000001   PAD
    0x2001c01e   0x08010b82   0x00000004   Data   RW         5594    .data               kalman_filter.o
    0x2001c022   0x08010b86   0x00000007   Data   RW         6023    .data               protocol.o
    0x2001c029   0x08010b8d   0x00000003   PAD
    0x2001c02c   0x08010b90   0x00000020   Data   RW         7628    .data               heap_4.o
    0x2001c04c   0x08010bb0   0x0000000c   Data   RW         7696    .data               port.o
    0x2001c058        -       0x0000000c   Zero   RW         4745    .bss                bsp_usart.o
    0x2001c064        -       0x00000030   Zero   RW         4932    .bss                dji_motor.o
    0x2001c094        -       0x00000040   Zero   RW         5356    .bss                bmi088driver.o


==============================================================================

Image component sizes


      Code (inc. data)   RO Data    RW Data    ZI Data      Debug   Object Name

      2980        194          0         72         64      10856   bmi088driver.o
       116         30          0          4          0       3408   bmi088middleware.o
       632         50          0         12         92       6240   bsp_can.o
       696        126          0         72          0       5476   bsp_dwt.o
       388         28          0          1         12       5537   bsp_usart.o
       520         44          0          4         80       2658   can.o
      2886        304        604         78        162      34472   chassis.o
       142          0          0          0          0      23255   cmsis_os.o
      1458         50          0          8          0      13056   controller.o
        94          8          0          1        128       2560   daemon.o
      1310         78         12        397         48      12975   dji_motor.o
       136          6          0          0          0        982   dma.o
         0          0          0          0          0      14464   event_groups.o
       198         32        148         16        612       7940   freertos.o
       520         20          0          0          0       1431   gpio.o
       724         74          0         32      20000       7651   heap_4.o
      2772        198        104         68        272       8349   ins_task.o
      3160         26          0          4          0       9271   kalman_filter.o
       148          0          0          0          0       3786   list.o
       274         14          0          0          0     775380   main.o
       894         78          0         12          0      11428   port.o
       436         42        260          7        256       3285   protocol.o
      4092        222        144        212        624      10831   quaternionekf.o
         0          0          0          0          0        400   ramp_contorller.o
       616         54         12         12        148       5644   remote.o
        24          4          0          0          0        515   robot_cmd.o
       432         38          0          0        280       2123   spi.o
        64         26        392          0      65536        860   startup_stm32f407xx.o
       136         24          0          9          0       8966   stm32f4xx_hal.o
      2236          4          0          0          0      15714   stm32f4xx_hal_can.o
       260         22          0          0          0      33662   stm32f4xx_hal_cortex.o
      1264         16          8          0          0       6454   stm32f4xx_hal_dma.o
       512         46          0          0          0       2280   stm32f4xx_hal_gpio.o
        84          6          0          0          0       1018   stm32f4xx_hal_msp.o
      3562         16          0          0          0      14184   stm32f4xx_hal_pcd.o
        90          0          0          0          0       2625   stm32f4xx_hal_pcd_ex.o
      1888         94          0          0          0       6541   stm32f4xx_hal_rcc.o
      1506         18          0          0          0       7138   stm32f4xx_hal_spi.o
      1972        142          0          0          0      13180   stm32f4xx_hal_tim.o
         4          0          0          0          0       1773   stm32f4xx_hal_tim_ex.o
       180         20          0          0         72       1644   stm32f4xx_hal_timebase_tim.o
      1778         24          0          0          0      10824   stm32f4xx_hal_uart.o
       198         66          0          0          0       8643   stm32f4xx_it.o
      3908         84          0          0          0      23476   stm32f4xx_ll_usb.o
        20          6         24          4          0       1299   system_stm32f4xx.o
      2158        270          0         60        240      20877   tasks.o
        24          0          0          0          0        995   test.o
       256         28          0          0         72       2498   tim.o
       748         80          0          0        408       3518   usart.o
       342         74          0         17       1036       6979   usb.o
        76         16          0          0        732        812   usb_device.o
      1772         52          0        138          0      14677   usbd_cdc.o
       212         22          0         20       4096       4556   usbd_cdc_if.o
      1004         24          0          0       1796      18200   usbd_conf.o
      1372          0          0          0          0      17053   usbd_core.o
      2366         30          0          1          0      18348   usbd_ctlreq.o
       386        122          0         78        512       7197   usbd_desc.o
       182          0          0          0          0       4960   usbd_ioreq.o
       426         18          0          8          0       4833   user_lib.o

    ----------------------------------------------------------------------
     56714       3070       1772       1372      97284    1269757   Object Totals
         0          0         64          0          0          0   (incl. Generated)
        80          0          0         25          6          0   (incl. Padding)

    ----------------------------------------------------------------------

      Code (inc. data)   RO Data    RW Data    ZI Data      Debug   Library Member Name

         0          0       2052          0          0       6294   arm_common_tables.o
       152         12          0          0          0       1104   arm_cos_f32.o
       186          0          0          0          0       1797   arm_mat_add_f32.o
         8          0          0          0          0        841   arm_mat_init_f32.o
       756          4          0          0          0       3732   arm_mat_inverse_f32.o
       296          4          0          0          0       2300   arm_mat_mult_f32.o
       186          0          0          0          0       1795   arm_mat_sub_f32.o
       162          0          0          0          0       1865   arm_mat_trans_f32.o
       144         12          0          0          0       1092   arm_sin_f32.o
        90          0          0          0          0          0   __dczerorl2.o
         8          0          0          0          0         68   __main.o
         0          0          0          0          0          0   __rtentry.o
        12          0          0          0          0          0   __rtentry2.o
         6          0          0          0          0          0   __rtentry4.o
        52          8          0          0          0          0   __scatter.o
        26          0          0          0          0          0   __scatter_copy.o
        28          0          0          0          0          0   __scatter_zi.o
        22          0          0          0          0        100   _rserrno.o
        10          0          0          0          0         68   defsig_exit.o
        50          0          0          0          0         88   defsig_general.o
        80         58          0          0          0         76   defsig_rtmem_inner.o
        14          0          0          0          0         80   defsig_rtmem_outer.o
        18          0          0          0          0         80   exit.o
        94          0          0          0          0         80   h1_alloc.o
        52          0          0          0          0         68   h1_extend.o
        78          0          0          0          0         80   h1_free.o
        14          0          0          0          0         84   h1_init.o
         6          0          0          0          0        152   heapauxi.o
         4          0          0          0          0        136   hguard.o
         0          0          0          0          0          0   indicate_semi.o
       138          0          0          0          0        168   init_alloc.o
         2          0          0          0          0          0   libinit.o
        14          0          0          0          0          0   libinit2.o
         2          0          0          0          0          0   libshutdown.o
         2          0          0          0          0          0   libshutdown2.o
         8          4          0          0         96         68   libspace.o
       238          0          0          0          0        100   lludivv7m.o
         0          0          0          0          0          0   maybetermalloc1.o
         8          4          0          0          0         68   rt_errno_addr_intlibspace.o
         8          4          0          0          0         68   rt_heap_descriptor_intlibspace.o
        68          0          0          0          0         68   rt_memclr.o
        78          0          0          0          0         80   rt_memclr_w.o
       138          0          0          0          0         68   rt_memcpy_v6.o
       100          0          0          0          0         80   rt_memcpy_w.o
         2          0          0          0          0          0   rtexit.o
        10          0          0          0          0          0   rtexit2.o
        12          4          0          0          0         68   sys_exit.o
        74          0          0          0          0         80   sys_stackheap_outer.o
        14          0          0          0          0         76   sys_wrch.o
         2          0          0          0          0         68   use_no_semi.o
        98          4          0          0          0        140   d2f.o
       688        140          0          0          0        256   ddiv.o
       340         12          0          0          0        152   dmul.o
       156          4          0          0          0        140   dnaninf.o
        12          0          0          0          0        116   dretinf.o
        86          4          0          0          0        132   f2d.o
       140          4          0          0          0        132   fnaninf.o
        10          0          0          0          0        116   fpinit.o
        10          0          0          0          0        116   fretinf.o
         0          0          0          0          0          0   usenofp.o
       280         46          0          0          0        176   acosf.o
       300         42          0          0          0        176   asinf.o
       684         90          0          0          0        208   atan2f.o
       336         56          0          0          0        136   cosf.o
        38          0          0          0          0        116   fpclassifyf.o
        44         12          0          0          0        464   funder.o
       340         24         32          0          0        160   rredf.o
       400         56          0          0          0        212   sinf.o
       120          0          0          0          0        272   sqrtf.o

    ----------------------------------------------------------------------
      7578        608       2084          0        100      26260   Library Totals
        24          0          0          0          4          0   (incl. Padding)

    ----------------------------------------------------------------------

      Code (inc. data)   RO Data    RW Data    ZI Data      Debug   Library Name

      1890         32       2052          0          0      20820   arm_cortexM4lf_math.lib
      1582         82          0          0         96       2220   c_w.l
      1540        168          0          0          0       1300   fz_wm.l
      2542        326         32          0          0       1920   m_wm.l

    ----------------------------------------------------------------------
      7578        608       2084          0        100      26260   Library Totals

    ----------------------------------------------------------------------

==============================================================================


      Code (inc. data)   RO Data    RW Data    ZI Data      Debug   

     64292       3678       3856       1372      97384    1251977   Grand Totals
     64292       3678       3856        392      97384    1251977   ELF Image Totals (compressed)
     64292       3678       3856        392          0          0   ROM Totals

==============================================================================

    Total RO  Size (Code + RO Data)                68148 (  66.55kB)
    Total RW  Size (RW Data + ZI Data)             98756 (  96.44kB)
    Total ROM Size (Code + RO Data + RW Data)      68540 (  66.93kB)

==============================================================================

