Component: ARM Compiler 5.06 update 7 (build 960) Tool: armlink [4d3601]

==============================================================================

Section Cross References

    startup_stm32f407xx.o(STACK) refers (Special) to heapauxi.o(.text) for __use_two_region_memory
    startup_stm32f407xx.o(HEAP) refers (Special) to heapauxi.o(.text) for __use_two_region_memory
    startup_stm32f407xx.o(RESET) refers (Special) to heapauxi.o(.text) for __use_two_region_memory
    startup_stm32f407xx.o(RESET) refers to startup_stm32f407xx.o(STACK) for __initial_sp
    startup_stm32f407xx.o(RESET) refers to startup_stm32f407xx.o(.text) for Reset_Handler
    startup_stm32f407xx.o(RESET) refers to stm32f4xx_it.o(i.NMI_Handler) for NMI_Handler
    startup_stm32f407xx.o(RESET) refers to stm32f4xx_it.o(i.HardFault_Handler) for HardFault_Handler
    startup_stm32f407xx.o(RESET) refers to stm32f4xx_it.o(i.MemManage_Handler) for MemManage_Handler
    startup_stm32f407xx.o(RESET) refers to stm32f4xx_it.o(i.BusFault_Handler) for BusFault_Handler
    startup_stm32f407xx.o(RESET) refers to stm32f4xx_it.o(i.UsageFault_Handler) for UsageFault_Handler
    startup_stm32f407xx.o(RESET) refers to port.o(.emb_text) for SVC_Handler
    startup_stm32f407xx.o(RESET) refers to stm32f4xx_it.o(i.DebugMon_Handler) for DebugMon_Handler
    startup_stm32f407xx.o(RESET) refers to port.o(i.SysTick_Handler) for SysTick_Handler
    startup_stm32f407xx.o(RESET) refers to stm32f4xx_it.o(i.DMA1_Stream1_IRQHandler) for DMA1_Stream1_IRQHandler
    startup_stm32f407xx.o(RESET) refers to stm32f4xx_it.o(i.CAN1_RX0_IRQHandler) for CAN1_RX0_IRQHandler
    startup_stm32f407xx.o(RESET) refers to stm32f4xx_it.o(i.CAN1_RX1_IRQHandler) for CAN1_RX1_IRQHandler
    startup_stm32f407xx.o(RESET) refers to stm32f4xx_it.o(i.SPI1_IRQHandler) for SPI1_IRQHandler
    startup_stm32f407xx.o(RESET) refers to stm32f4xx_it.o(i.TIM8_TRG_COM_TIM14_IRQHandler) for TIM8_TRG_COM_TIM14_IRQHandler
    startup_stm32f407xx.o(RESET) refers to stm32f4xx_it.o(i.DMA2_Stream0_IRQHandler) for DMA2_Stream0_IRQHandler
    startup_stm32f407xx.o(RESET) refers to stm32f4xx_it.o(i.DMA2_Stream2_IRQHandler) for DMA2_Stream2_IRQHandler
    startup_stm32f407xx.o(RESET) refers to stm32f4xx_it.o(i.DMA2_Stream3_IRQHandler) for DMA2_Stream3_IRQHandler
    startup_stm32f407xx.o(RESET) refers to stm32f4xx_it.o(i.CAN2_RX0_IRQHandler) for CAN2_RX0_IRQHandler
    startup_stm32f407xx.o(RESET) refers to stm32f4xx_it.o(i.CAN2_RX1_IRQHandler) for CAN2_RX1_IRQHandler
    startup_stm32f407xx.o(RESET) refers to stm32f4xx_it.o(i.OTG_FS_IRQHandler) for OTG_FS_IRQHandler
    startup_stm32f407xx.o(.text) refers (Special) to heapauxi.o(.text) for __use_two_region_memory
    startup_stm32f407xx.o(.text) refers to system_stm32f4xx.o(i.SystemInit) for SystemInit
    startup_stm32f407xx.o(.text) refers to __main.o(!!!main) for __main
    startup_stm32f407xx.o(.text) refers to startup_stm32f407xx.o(HEAP) for Heap_Mem
    startup_stm32f407xx.o(.text) refers to startup_stm32f407xx.o(STACK) for Stack_Mem
    main.o(i.HAL_TIM_PeriodElapsedCallback) refers to stm32f4xx_hal.o(i.HAL_IncTick) for HAL_IncTick
    main.o(i.SystemClock_Config) refers to rt_memclr_w.o(.text) for __aeabi_memclr4
    main.o(i.SystemClock_Config) refers to stm32f4xx_hal_rcc.o(i.HAL_RCC_OscConfig) for HAL_RCC_OscConfig
    main.o(i.SystemClock_Config) refers to main.o(i.Error_Handler) for Error_Handler
    main.o(i.SystemClock_Config) refers to stm32f4xx_hal_rcc.o(i.HAL_RCC_ClockConfig) for HAL_RCC_ClockConfig
    main.o(i.main) refers to stm32f4xx_hal.o(i.HAL_Init) for HAL_Init
    main.o(i.main) refers to main.o(i.SystemClock_Config) for SystemClock_Config
    main.o(i.main) refers to gpio.o(i.MX_GPIO_Init) for MX_GPIO_Init
    main.o(i.main) refers to dma.o(i.MX_DMA_Init) for MX_DMA_Init
    main.o(i.main) refers to can.o(i.MX_CAN1_Init) for MX_CAN1_Init
    main.o(i.main) refers to can.o(i.MX_CAN2_Init) for MX_CAN2_Init
    main.o(i.main) refers to usart.o(i.MX_USART3_UART_Init) for MX_USART3_UART_Init
    main.o(i.main) refers to spi.o(i.MX_SPI1_Init) for MX_SPI1_Init
    main.o(i.main) refers to tim.o(i.MX_TIM10_Init) for MX_TIM10_Init
    main.o(i.main) refers to usart.o(i.MX_USART1_UART_Init) for MX_USART1_UART_Init
    main.o(i.main) refers to robot_cmd.o(i.RobotCMDInit) for RobotCMDInit
    main.o(i.main) refers to test.o(i.all_init_Task) for all_init_Task
    main.o(i.main) refers to freertos.o(i.MX_FREERTOS_Init) for MX_FREERTOS_Init
    main.o(i.main) refers to cmsis_os.o(i.osKernelStart) for osKernelStart
    gpio.o(i.MX_GPIO_Init) refers to rt_memclr_w.o(.text) for __aeabi_memclr4
    gpio.o(i.MX_GPIO_Init) refers to stm32f4xx_hal_gpio.o(i.HAL_GPIO_WritePin) for HAL_GPIO_WritePin
    gpio.o(i.MX_GPIO_Init) refers to stm32f4xx_hal_gpio.o(i.HAL_GPIO_Init) for HAL_GPIO_Init
    freertos.o(i.ChassisTask_f) refers to test.o(i.all_cmd_Task) for all_cmd_Task
    freertos.o(i.ChassisTask_f) refers to cmsis_os.o(i.osDelay) for osDelay
[...]
    USB_RxHandler                            0x0800ca39   Thumb Code    74  usb.o(i.USB_RxHandler)
    USB_SetCurrentMode                       0x0800ca95   Thumb Code   104  stm32f4xx_ll_usb.o(i.USB_SetCurrentMode)
    USB_SetDevAddress                        0x0800cafd   Thumb Code    42  stm32f4xx_ll_usb.o(i.USB_SetDevAddress)
    USB_SetDevSpeed                          0x0800cb27   Thumb Code    18  stm32f4xx_ll_usb.o(i.USB_SetDevSpeed)
    USB_SetTurnaroundTime                    0x0800cb39   Thumb Code   192  stm32f4xx_ll_usb.o(i.USB_SetTurnaroundTime)
    USB_Transmit                             0x0800cc21   Thumb Code    24  usb.o(i.USB_Transmit)
    USB_WritePacket                          0x0800cc39   Thumb Code    68  stm32f4xx_ll_usb.o(i.USB_WritePacket)
    UsageFault_Handler                       0x0800cee5   Thumb Code     4  stm32f4xx_it.o(i.UsageFault_Handler)
    Usb_f                                    0x0800cee9   Thumb Code    14  freertos.o(i.Usb_f)
    __ARM_fpclassifyf                        0x0800cef7   Thumb Code    38  fpclassifyf.o(i.__ARM_fpclassifyf)
    __hardfp_acosf                           0x0800cf55   Thumb Code   234  acosf.o(i.__hardfp_acosf)
    __hardfp_asinf                           0x0800d06d   Thumb Code   258  asinf.o(i.__hardfp_asinf)
    __hardfp_atan2f                          0x0800d199   Thumb Code   594  atan2f.o(i.__hardfp_atan2f)
    __hardfp_cosf                            0x0800d445   Thumb Code   280  cosf.o(i.__hardfp_cosf)
    __hardfp_sinf                            0x0800d595   Thumb Code   344  sinf.o(i.__hardfp_sinf)
    __hardfp_sqrtf                           0x0800d725   Thumb Code    58  sqrtf.o(i.__hardfp_sqrtf)
    __mathlib_flt_infnan                     0x0800d75f   Thumb Code     6  funder.o(i.__mathlib_flt_infnan)
    __mathlib_flt_infnan2                    0x0800d765   Thumb Code     6  funder.o(i.__mathlib_flt_infnan2)
    __mathlib_flt_invalid                    0x0800d76d   Thumb Code    10  funder.o(i.__mathlib_flt_invalid)
    __mathlib_flt_underflow                  0x0800d77d   Thumb Code    10  funder.o(i.__mathlib_flt_underflow)
    __mathlib_rredf2                         0x0800d78d   Thumb Code   316  rredf.o(i.__mathlib_rredf2)
    all_cmd_Task                             0x0800d8e1   Thumb Code    12  test.o(i.all_cmd_Task)
    all_init_Task                            0x0800d8ed   Thumb Code     8  test.o(i.all_init_Task)
    bmi088_accel_init                        0x0800d8f5   Thumb Code   362  bmi088driver.o(i.bmi088_accel_init)
    bmi088_gyro_init                         0x0800da79   Thumb Code   298  bmi088driver.o(i.bmi088_gyro_init)
    float_constrain                          0x0800df9f   Thumb Code    42  user_lib.o(i.float_constrain)
    float_rounding                           0x0800dfc9   Thumb Code    62  user_lib.o(i.float_rounding)
    main                                     0x0800e04d   Thumb Code    60  main.o(i.main)
    on_receive_CmdVel                        0x0800e099   Thumb Code    28  usb.o(i.on_receive_CmdVel)
    on_receive_Handshake                     0x0800e0bd   Thumb Code     2  usb.o(i.on_receive_Handshake)
    on_receive_Heartbeat                     0x0800e0c1   Thumb Code    14  usb.o(i.on_receive_Heartbeat)
    osDelay                                  0x0800e0d5   Thumb Code    24  cmsis_os.o(i.osDelay)
    osKernelStart                            0x0800e0ed   Thumb Code    10  cmsis_os.o(i.osKernelStart)
    osThreadCreate                           0x0800e0f7   Thumb Code    94  cmsis_os.o(i.osThreadCreate)
    protocol_fsm_feed                        0x0800e155   Thumb Code   296  protocol.o(i.protocol_fsm_feed)
    pvPortMalloc                             0x0800e71d   Thumb Code   306  heap_4.o(i.pvPortMalloc)
    pxPortInitialiseStack                    0x0800e869   Thumb Code    38  port.o(i.pxPortInitialiseStack)
    send_Handshake                           0x0800ea3d   Thumb Code   104  protocol.o(i.send_Handshake)
    sqrtf                                    0x0800eaa9   Thumb Code    62  sqrtf.o(i.sqrtf)
    uxListRemove                             0x0800eae7   Thumb Code    40  list.o(i.uxListRemove)
    vApplicationGetIdleTaskMemory            0x0800eb11   Thumb Code    14  freertos.o(i.vApplicationGetIdleTaskMemory)
    vListInitialise                          0x0800eb29   Thumb Code    26  list.o(i.vListInitialise)
    vListInitialiseItem                      0x0800eb43   Thumb Code     6  list.o(i.vListInitialiseItem)
    vListInsert                              0x0800eb49   Thumb Code    52  list.o(i.vListInsert)
    vListInsertEnd                           0x0800eb7d   Thumb Code    24  list.o(i.vListInsertEnd)
    vPortEnterCritical                       0x0800eb95   Thumb Code    76  port.o(i.vPortEnterCritical)
    vPortExitCritical                        0x0800ebe9   Thumb Code    56  port.o(i.vPortExitCritical)
    vPortFree                                0x0800ec25   Thumb Code   150  heap_4.o(i.vPortFree)
    vPortSetupTimerInterrupt                 0x0800ecc9   Thumb Code    36  port.o(i.vPortSetupTimerInterrupt)
    vTaskDelay                               0x0800ecf1   Thumb Code    82  tasks.o(i.vTaskDelay)
    vTaskStartScheduler                      0x0800ed4d   Thumb Code   146  tasks.o(i.vTaskStartScheduler)
    vTaskSuspendAll                          0x0800edfd   Thumb Code    12  tasks.o(i.vTaskSuspendAll)
    vTaskSwitchContext                       0x0800ee0d   Thumb Code   118  tasks.o(i.vTaskSwitchContext)
    xPortStartScheduler                      0x0800ee99   Thumb Code   330  port.o(i.xPortStartScheduler)
    xTaskCreate                              0x0800f001   Thumb Code   100  tasks.o(i.xTaskCreate)
    xTaskCreateStatic                        0x0800f065   Thumb Code   186  tasks.o(i.xTaskCreateStatic)
    xTaskIncrementTick                       0x0800f121   Thumb Code   282  tasks.o(i.xTaskIncrementTick)
    xTaskResumeAll                           0x0800f269   Thumb Code   224  tasks.o(i.xTaskResumeAll)
    __aeabi_d2f                              0x0800f36d   Thumb Code     0  d2f.o(x$fpl$d2f)
    _d2f                                     0x0800f36d   Thumb Code    98  d2f.o(x$fpl$d2f)
    __aeabi_ddiv                             0x0800f3d1   Thumb Code     0  ddiv.o(x$fpl$ddiv)
    _ddiv                                    0x0800f3d1   Thumb Code   552  ddiv.o(x$fpl$ddiv)
    __aeabi_dmul                             0x0800f681   Thumb Code     0  dmul.o(x$fpl$dmul)
    _dmul                                    0x0800f681   Thumb Code   332  dmul.o(x$fpl$dmul)
    __fpl_dnaninf                            0x0800f7d5   Thumb Code   156  dnaninf.o(x$fpl$dnaninf)
    __fpl_dretinf                            0x0800f871   Thumb Code    12  dretinf.o(x$fpl$dretinf)
    __aeabi_f2d                              0x0800f87d   Thumb Code     0  f2d.o(x$fpl$f2d)
    _f2d                                     0x0800f87d   Thumb Code    86  f2d.o(x$fpl$f2d)
    __fpl_fnaninf                            0x0800f8d3   Thumb Code   140  fnaninf.o(x$fpl$fnaninf)
    _fp_init                                 0x0800f95f   Thumb Code    10  fpinit.o(x$fpl$fpinit)
    __fplib_config_fpu_vfp                   0x0800f967   Thumb Code     0  fpinit.o(x$fpl$fpinit)
    __fplib_config_pureend_doubles           0x0800f967   Thumb Code     0  fpinit.o(x$fpl$fpinit)
    __fpl_fretinf                            0x0800f969   Thumb Code    10  fretinf.o(x$fpl$fretinf)
    __I$use$fp                               0x0800f972   Number         0  usenofp.o(x$fpl$usenofp)
    AHBPrescTable                            0x0800f9ec   Data          16  system_stm32f4xx.o(.constdata)
    APBPrescTable                            0x0800f9fc   Data           8  system_stm32f4xx.o(.constdata)
    xb                                       0x0800fa1c   Data          12  ins_task.o(.constdata)
    yb                                       0x0800fa28   Data          12  ins_task.o(.constdata)
    zb                                       0x0800fa34   Data          12  ins_task.o(.constdata)
    IMU_QuaternionEKF_F                      0x0800fa84   Data         144  quaternionekf.o(.constdata)
    sinTable_f32                             0x0800fecc   Data        2052  arm_common_tables.o(.rodata.sinTable_f32)
    Region$$Table$$Base                      0x080106d0   Number         0  anon$$obj.o(Region$$Table)
    Region$$Table$$Limit                     0x08010710   Number         0  anon$$obj.o(Region$$Table)
    ImuTaskHandle                            0x20000000   Data           4  freertos.o(.data)
    ChassisTaskHandle                        0x20000004   Data           4  freertos.o(.data)
    UsbTaskHandle                            0x20000008   Data           4  freertos.o(.data)
    ArmTaskHandle                            0x2000000c   Data           4  freertos.o(.data)
    uwTick                                   0x20000014   Data           4  stm32f4xx_hal.o(.data)
    uwTickPrio                               0x20000018   Data           4  stm32f4xx_hal.o(.data)
    uwTickFreq                               0x2000001c   Data           1  stm32f4xx_hal.o(.data)
    SystemCoreClock                          0x20000020   Data           4  system_stm32f4xx.o(.data)
    BMI088_ACCEL_SEN                         0x20000200   Data           4  bmi088driver.o(.data)
    BMI088_GYRO_SEN                          0x20000204   Data           4  bmi088driver.o(.data)
    gNormDiff                                0x2000020c   Data           4  bmi088driver.o(.data)
    caliOffset                               0x20000210   Data           1  bmi088driver.o(.data)
    caliCount                                0x20000212   Data           2  bmi088driver.o(.data)
    sizeof_float                             0x2000028c   Data           2  kalman_filter.o(.data)
    sizeof_double                            0x2000028e   Data           2  kalman_filter.o(.data)
    IMU_QuaternionEKF_P                      0x20000298   Data         144  quaternionekf.o(.data)
    rc_cmd                                   0x2000036c   Data           4  chassis.o(.data)
    pxCurrentTCB                             0x200003c0   Data           4  tasks.o(.data)
    FS_Desc                                  0x2000041c   Data          28  usbd_desc.o(.data)
    USBD_FS_DeviceDesc                       0x20000438   Data          18  usbd_desc.o(.data)
    USBD_LangIDDesc                          0x2000044c   Data           4  usbd_desc.o(.data)
    USBD_StringSerial                        0x20000450   Data          26  usbd_desc.o(.data)
    USBD_CDC                                 0x20000478   Data          56  usbd_cdc.o(.data)
    hcan1                                    0x2000075c   Data          40  can.o(.bss)
    hcan2                                    0x20000784   Data          40  can.o(.bss)
    hspi1                                    0x200007ac   Data          88  spi.o(.bss)
    hdma_spi1_rx                             0x20000804   Data          96  spi.o(.bss)
    hdma_spi1_tx                             0x20000864   Data          96  spi.o(.bss)
    htim10                                   0x200008c4   Data          72  tim.o(.bss)
    huart1                                   0x2000090c   Data          72  usart.o(.bss)
    huart3                                   0x20000954   Data          72  usart.o(.bss)
    hdma_usart1_rx                           0x2000099c   Data          96  usart.o(.bss)
    hdma_usart3_rx                           0x200009fc   Data          96  usart.o(.bss)
    htim14                                   0x20000a5c   Data          72  stm32f4xx_hal_timebase_tim.o(.bss)
    gyroDiff                                 0x20000c20   Data          12  bmi088driver.o(.bss)
    BMI088                                   0x20000c2c   Data          52  bmi088driver.o(.bss)
    QEKF_INS                                 0x20000d70   Data         480  quaternionekf.o(.bss)
    IMU_QuaternionEKF_K                      0x20000f50   Data          72  quaternionekf.o(.bss)
    IMU_QuaternionEKF_H                      0x20000f98   Data          72  quaternionekf.o(.bss)
    usb_chassis_cmd                          0x20000fe0   Data          12  usb.o(.bss)
    chassis_ctrl_cmd                         0x20001568   Data          42  chassis.o(.bss)
    hUsbDeviceFS                             0x200064a4   Data         732  usb_device.o(.bss)
    USBD_StrDesc                             0x20006780   Data         512  usbd_desc.o(.bss)
    UserRxBufferFS                           0x20006980   Data        2048  usbd_cdc_if.o(.bss)
    UserTxBufferFS                           0x20007180   Data        2048  usbd_cdc_if.o(.bss)
    hpcd_USB_OTG_FS                          0x20007980   Data        1252  usbd_conf.o(.bss)
    __libspace_start                         0x20008084   Data          96  libspace.o(.bss)
    __temporary_stack_top$libspace           0x200080e4   Data           0  libspace.o(.bss)
    BMI088_SPI                               0x2001c028   Data           4  bmi088middleware.o(.data)
    usb_last_recv_time                       0x2001c02c   Data           4  usb.o(.data)
    nac_ctrl                                 0x2001c07c   Data           4  shoot.o(.data)
    USBD_Interface_fops_FS                   0x2001c094   Data          20  usbd_cdc_if.o(.data)



==============================================================================

Memory Map of the image

  Image Entry point : 0x08000189

  Load Region LR_IROM1 (Base: 0x08000000, Size: 0x00010cb0, Max: 0x00100000, ABSOLUTE, COMPRESSED[0x000108d8])

    Execution Region ER_IROM1 (Exec base: 0x08000000, Load base: 0x08000000, Size: 0x00010710, Max: 0x00100000, ABSOLUTE)

    Exec Addr    Load Addr    Size         Type   Attr      Idx    E Section Name        Object

    0x08000000   0x08000000   0x00000188   Data   RO            3    RESET               startup_stm32f407xx.o
    0x08000188   0x08000188   0x00000008   Code   RO         8860  * !!!main             c_w.l(__main.o)
    0x08000190   0x08000190   0x00000034   Code   RO         9225    !!!scatter          c_w.l(__scatter.o)
    0x080001c4   0x080001c4   0x0000005a   Code   RO         9223    !!dczerorl2         c_w.l(__dczerorl2.o)
    0x0800021e   0x0800021e   0x00000002   PAD
    0x08000220   0x08000220   0x0000001a   Code   RO         9227    !!handler_copy      c_w.l(__scatter_copy.o)
    0x0800023a   0x0800023a   0x00000002   PAD
    0x0800023c   0x0800023c   0x0000001c   Code   RO         9229    !!handler_zi        c_w.l(__scatter_zi.o)
    0x08000258   0x08000258   0x00000002   Code   RO         9160    .ARM.Collect$$libinit$$00000000  c_w.l(libinit.o)
    0x0800025a   0x0800025a   0x00000004   Code   RO         9009    .ARM.Collect$$libinit$$00000001  c_w.l(libinit2.o)
    0x0800025e   0x0800025e   0x00000000   Code   RO         9012    .ARM.Collect$$libinit$$00000004  c_w.l(libinit2.o)
    0x0800025e   0x0800025e   0x00000008   Code   RO         9013    .ARM.Collect$$libinit$$00000005  c_w.l(libinit2.o)
    0x08000266   0x08000266   0x00000000   Code   RO         9015    .ARM.Collect$$libinit$$0000000A  c_w.l(libinit2.o)
    0x08000266   0x08000266   0x00000000   Code   RO         9017    .ARM.Collect$$libinit$$0000000C  c_w.l(libinit2.o)
    0x08000266   0x08000266   0x00000000   Code   RO         9019    .ARM.Collect$$libinit$$0000000E  c_w.l(libinit2.o)
    0x08000266   0x08000266   0x00000000   Code   RO         9022    .ARM.Collect$$libinit$$00000011  c_w.l(libinit2.o)
    0x08000266   0x08000266   0x00000000   Code   RO         9024    .ARM.Collect$$libinit$$00000013  c_w.l(libinit2.o)
    0x08000266   0x08000266   0x00000000   Code   RO         9026    .ARM.Collect$$libinit$$00000015  c_w.l(libinit2.o)
    0x08000266   0x08000266   0x00000000   Code   RO         9028    .ARM.Collect$$libinit$$00000017  c_w.l(libinit2.o)
    0x08000266   0x08000266   0x00000000   Code   RO         9030    .ARM.Collect$$libinit$$00000019  c_w.l(libinit2.o)
    0x08000266   0x08000266   0x00000000   Code   RO         9032    .ARM.Collect$$libinit$$0000001B  c_w.l(libinit2.o)
    0x08000266   0x08000266   0x00000000   Code   RO         9034    .ARM.Collect$$libinit$$0000001D  c_w.l(libinit2.o)
    0x08000266   0x08000266   0x00000000   Code   RO         9036    .ARM.Collect$$libinit$$0000001F  c_w.l(libinit2.o)
    0x08000266   0x08000266   0x00000000   Code   RO         9038    .ARM.Collect$$libinit$$00000021  c_w.l(libinit2.o)
    0x08000266   0x08000266   0x00000000   Code   RO         9040    .ARM.Collect$$libinit$$00000023  c_w.l(libinit2.o)
    0x08000266   0x08000266   0x00000000   Code   RO         9042    .ARM.Collect$$libinit$$00000025  c_w.l(libinit2.o)
    0x08000266   0x08000266   0x00000000   Code   RO         9046    .ARM.Collect$$libinit$$0000002C  c_w.l(libinit2.o)
    0x08000266   0x08000266   0x00000000   Code   RO         9048    .ARM.Collect$$libinit$$0000002E  c_w.l(libinit2.o)
    0x08000266   0x08000266   0x00000000   Code   RO         9050    .ARM.Collect$$libinit$$00000030  c_w.l(libinit2.o)
    0x08000266   0x08000266   0x00000000   Code   RO         9052    .ARM.Collect$$libinit$$00000032  c_w.l(libinit2.o)
    0x08000266   0x08000266   0x00000002   Code   RO         9053    .ARM.Collect$$libinit$$00000033  c_w.l(libinit2.o)
    0x08000268   0x08000268   0x00000002   Code   RO         9220    .ARM.Collect$$libshutdown$$00000000  c_w.l(libshutdown.o)
    0x0800026a   0x0800026a   0x00000000   Code   RO         9176    .ARM.Collect$$libshutdown$$00000002  c_w.l(libshutdown2.o)
    0x0800026a   0x0800026a   0x00000000   Code   RO         9178    .ARM.Collect$$libshutdown$$00000004  c_w.l(libshutdown2.o)
    0x0800026a   0x0800026a   0x00000000   Code   RO         9180    .ARM.Collect$$libshutdown$$00000006  c_w.l(libshutdown2.o)
    0x0800026a   0x0800026a   0x00000000   Code   RO         9183    .ARM.Collect$$libshutdown$$00000009  c_w.l(libshutdown2.o)
    0x0800026a   0x0800026a   0x00000000   Code   RO         9186    .ARM.Collect$$libshutdown$$0000000C  c_w.l(libshutdown2.o)
    0x0800026a   0x0800026a   0x00000000   Code   RO         9188    .ARM.Collect$$libshutdown$$0000000E  c_w.l(libshutdown2.o)
    0x0800026a   0x0800026a   0x00000000   Code   RO         9191    .ARM.Collect$$libshutdown$$00000011  c_w.l(libshutdown2.o)
    0x0800026a   0x0800026a   0x00000002   Code   RO         9192    .ARM.Collect$$libshutdown$$00000012  c_w.l(libshutdown2.o)
    0x0800026c   0x0800026c   0x00000000   Code   RO         8962    .ARM.Collect$$rtentry$$00000000  c_w.l(__rtentry.o)
    0x0800026c   0x0800026c   0x00000000   Code   RO         9090    .ARM.Collect$$rtentry$$00000002  c_w.l(__rtentry2.o)
    0x0800026c   0x0800026c   0x00000006   Code   RO         9102    .ARM.Collect$$rtentry$$00000004  c_w.l(__rtentry4.o)
    0x08000272   0x08000272   0x00000000   Code   RO         9092    .ARM.Collect$$rtentry$$00000009  c_w.l(__rtentry2.o)
    0x08000272   0x08000272   0x00000004   Code   RO         9093    .ARM.Collect$$rtentry$$0000000A  c_w.l(__rtentry2.o)
    0x08000276   0x08000276   0x00000000   Code   RO         9095    .ARM.Collect$$rtentry$$0000000C  c_w.l(__rtentry2.o)
    0x08000276   0x08000276   0x00000008   Code   RO         9096    .ARM.Collect$$rtentry$$0000000D  c_w.l(__rtentry2.o)
    0x0800027e   0x0800027e   0x00000002   Code   RO         9163    .ARM.Collect$$rtexit$$00000000  c_w.l(rtexit.o)
    0x08000280   0x08000280   0x00000000   Code   RO         9196    .ARM.Collect$$rtexit$$00000002  c_w.l(rtexit2.o)
    0x08000280   0x08000280   0x00000004   Code   RO         9197    .ARM.Collect$$rtexit$$00000003  c_w.l(rtexit2.o)
    0x08000284   0x08000284   0x00000006   Code   RO         9198    .ARM.Collect$$rtexit$$00000004  c_w.l(rtexit2.o)
    0x0800028a   0x0800028a   0x00000002   PAD
    0x0800028c   0x0800028c   0x000000be   Code   RO         7646    .emb_text           port.o
    0x0800034a   0x0800034a   0x00000002   PAD
    0x0800034c   0x0800034c   0x00000000   Code   RO         9113    .emb_text           c_w.l(maybetermalloc1.o)
    0x0800034c   0x0800034c   0x00000040   Code   RO            4    .text               startup_stm32f407xx.o
    0x0800038c   0x0800038c   0x0000005e   Code   RO         8756    .text               c_w.l(h1_alloc.o)
    0x080003ea   0x080003ea   0x000000ee   Code   RO         8810    .text               c_w.l(lludivv7m.o)
    0x080004d8   0x080004d8   0x0000008a   Code   RO         8846    .text               c_w.l(rt_memcpy_v6.o)
    0x08000562   0x08000562   0x00000064   Code   RO         8848    .text               c_w.l(rt_memcpy_w.o)
    0x080005c6   0x080005c6   0x00000044   Code   RO         8854    .text               c_w.l(rt_memclr.o)
    0x0800060a   0x0800060a   0x0000004e   Code   RO         8856    .text               c_w.l(rt_memclr_w.o)
    0x08000658   0x08000658   0x00000006   Code   RO         8858    .text               c_w.l(heapauxi.o)
    0x0800065e   0x0800065e   0x00000002   PAD
    0x08000660   0x08000660   0x00000008   Code   RO         8970    .text               c_w.l(rt_heap_descriptor_intlibspace.o)
    0x08000668   0x08000668   0x00000004   Code   RO         8972    .text               c_w.l(hguard.o)
    0x0800066c   0x0800066c   0x0000008a   Code   RO         8974    .text               c_w.l(init_alloc.o)
    0x080006f6   0x080006f6   0x0000000e   Code   RO         8980    .text               c_w.l(h1_init.o)
    0x08000704   0x08000704   0x0000004e   Code   RO         8982    .text               c_w.l(h1_free.o)
    0x08000752   0x08000752   0x00000016   Code   RO         8998    .text               c_w.l(_rserrno.o)
    0x08000768   0x08000768   0x00000008   Code   RO         9086    .text               c_w.l(libspace.o)
    0x08000770   0x08000770   0x00000008   Code   RO         9109    .text               c_w.l(rt_errno_addr_intlibspace.o)
    0x08000778   0x08000778   0x00000034   Code   RO         9115    .text               c_w.l(h1_extend.o)
    0x080007ac   0x080007ac   0x0000000e   Code   RO         9121    .text               c_w.l(defsig_rtmem_outer.o)
    0x080007ba   0x080007ba   0x00000002   Code   RO         9132    .text               c_w.l(use_no_semi.o)
    0x080007bc   0x080007bc   0x00000000   Code   RO         9134    .text               c_w.l(indicate_semi.o)
    0x080007bc   0x080007bc   0x0000004a   Code   RO         9135    .text               c_w.l(sys_stackheap_outer.o)
    0x08000806   0x08000806   0x00000012   Code   RO         9141    .text               c_w.l(exit.o)
    0x08000818   0x08000818   0x0000000a   Code   RO         9143    .text               c_w.l(defsig_exit.o)
    0x08000822   0x08000822   0x00000002   PAD
    0x08000824   0x08000824   0x00000050   Code   RO         9149    .text               c_w.l(defsig_rtmem_inner.o)
    0x08000874   0x08000874   0x0000000c   Code   RO         9161    .text               c_w.l(sys_exit.o)
    0x08000880   0x08000880   0x00000032   Code   RO         9171    .text               c_w.l(defsig_general.o)
    0x080008b2   0x080008b2   0x0000000e   Code   RO         9193    .text               c_w.l(sys_wrch.o)
    0x080008c0   0x080008c0   0x00000098   Code   RO         8562    .text.arm_cos_f32   arm_cortexM4lf_math.lib(arm_cos_f32.o)
    0x08000958   0x08000958   0x000000ba   Code   RO         8580    .text.arm_mat_add_f32  arm_cortexM4lf_math.lib(arm_mat_add_f32.o)
    0x08000a12   0x08000a12   0x00000008   Code   RO         8589    .text.arm_mat_init_f32  arm_cortexM4lf_math.lib(arm_mat_init_f32.o)
    0x08000a1a   0x08000a1a   0x00000002   PAD
    0x08000a1c   0x08000a1c   0x000002f4   Code   RO         8597    .text.arm_mat_inverse_f32  arm_cortexM4lf_math.lib(arm_mat_inverse_f32.o)
    0x08000d10   0x08000d10   0x00000128   Code   RO         8606    .text.arm_mat_mult_f32  arm_cortexM4lf_math.lib(arm_mat_mult_f32.o)
    0x08000e38   0x08000e38   0x000000ba   Code   RO         8615    .text.arm_mat_sub_f32  arm_cortexM4lf_math.lib(arm_mat_sub_f32.o)
    0x08000ef2   0x08000ef2   0x00000002   PAD
    0x08000ef4   0x08000ef4   0x000000a2   Code   RO         8624    .text.arm_mat_trans_f32  arm_cortexM4lf_math.lib(arm_mat_trans_f32.o)
    0x08000f96   0x08000f96   0x00000002   PAD
    0x08000f98   0x08000f98   0x00000090   Code   RO         8571    .text.arm_sin_f32   arm_cortexM4lf_math.lib(arm_sin_f32.o)
    0x08001028   0x08001028   0x00000004   Code   RO          330    i.ArmTask_f         freertos.o
    0x0800102c   0x0800102c   0x00000098   Code   RO         5341    i.BMI088Init        bmi088driver.o
    0x080010c4   0x080010c4   0x00000014   Code   RO         5422    i.BMI088_ACCEL_NS_H  bmi088middleware.o
    0x080010d8   0x080010d8   0x00000014   Code   RO         5423    i.BMI088_ACCEL_NS_L  bmi088middleware.o
    0x080010ec   0x080010ec   0x00000014   Code   RO         5424    i.BMI088_GYRO_NS_H  bmi088middleware.o
    0x08001100   0x08001100   0x00000014   Code   RO         5425    i.BMI088_GYRO_NS_L  bmi088middleware.o
    0x08001114   0x08001114   0x0000027c   Code   RO         5342    i.BMI088_Read       bmi088driver.o
    0x08001390   0x08001390   0x00000026   Code   RO         5343    i.BMI088_read_muli_reg  bmi088driver.o
    0x080013b6   0x080013b6   0x00000018   Code   RO         5344    i.BMI088_read_single_reg  bmi088driver.o
    0x080013ce   0x080013ce   0x00000002   PAD
    0x080013d0   0x080013d0   0x00000024   Code   RO         5426    i.BMI088_read_write_byte  bmi088middleware.o
    0x080013f4   0x080013f4   0x00000014   Code   RO         5345    i.BMI088_write_single_reg  bmi088driver.o
    0x08001408   0x08001408   0x0000015a   Code   RO         5476    i.BodyFrameToEarthFrame  ins_task.o
    0x08001562   0x08001562   0x00000004   Code   RO          655    i.BusFault_Handler  stm32f4xx_it.o
    0x08001566   0x08001566   0x00000002   PAD
    0x08001568   0x08001568   0x00000010   Code   RO          656    i.CAN1_RX0_IRQHandler  stm32f4xx_it.o
    0x08001578   0x08001578   0x00000010   Code   RO          657    i.CAN1_RX1_IRQHandler  stm32f4xx_it.o
    0x08001588   0x08001588   0x00000010   Code   RO          658    i.CAN2_RX0_IRQHandler  stm32f4xx_it.o
    0x08001598   0x08001598   0x00000010   Code   RO          659    i.CAN2_RX1_IRQHandler  stm32f4xx_it.o
    0x080015a8   0x080015a8   0x00000068   Code   RO         4588    i.CANAddFilter      bsp_can.o
    0x08001610   0x08001610   0x0000009c   Code   RO         4589    i.CANFIFOxCallback  bsp_can.o
    0x080016ac   0x080016ac   0x000000a4   Code   RO         4590    i.CANRegister       bsp_can.o
    0x08001750   0x08001750   0x00000038   Code   RO         4591    i.CANServiceInit    bsp_can.o
    0x08001788   0x08001788   0x0000007c   Code   RO         4593    i.CANTransmit       bsp_can.o
    0x08001804   0x08001804   0x00000044   Code   RO         7842    i.CDC_Control_FS    usbd_cdc_if.o
    0x08001848   0x08001848   0x00000004   Code   RO         7843    i.CDC_DeInit_FS     usbd_cdc_if.o
    0x0800184c   0x0800184c   0x00000024   Code   RO         7844    i.CDC_Init_FS       usbd_cdc_if.o
    0x08001870   0x08001870   0x00000024   Code   RO         7845    i.CDC_Receive_FS    usbd_cdc_if.o
    0x08001894   0x08001894   0x0000000c   Code   RO         7846    i.CDC_TransmitCplt_FS  usbd_cdc_if.o
    0x080018a0   0x080018a0   0x00000038   Code   RO         7847    i.CDC_Transmit_FS   usbd_cdc_if.o
    0x080018d8   0x080018d8   0x00000568   Code   RO         5346    i.Calibrate_MPU_Offset  bmi088driver.o
    0x08001e40   0x08001e40   0x0000014c   Code   RO         6051    i.ChassisInit       chassis.o
    0x08001f8c   0x08001f8c   0x0000000e   Code   RO          331    i.ChassisTask_f     freertos.o
    0x08001f9a   0x08001f9a   0x00000002   PAD
    0x08001f9c   0x08001f9c   0x00000104   Code   RO         6053    i.ChassisTest_OldVersion  chassis.o
    0x080020a0   0x080020a0   0x00000056   Code   RO         5660    i.Cross3d           user_lib.o
    0x080020f6   0x080020f6   0x00000002   PAD
    0x080020f8   0x080020f8   0x000001b8   Code   RO         4916    i.DJIMotorControl   dji_motor.o
    0x080022b0   0x080022b0   0x00000008   Code   RO         4917    i.DJIMotorEnable    dji_motor.o
    0x080022b8   0x080022b8   0x000000d4   Code   RO         4918    i.DJIMotorInit      dji_motor.o
    0x0800238c   0x0800238c   0x00000024   Code   RO         4919    i.DJIMotorLostCallback  dji_motor.o
    0x080023b0   0x080023b0   0x00000006   Code   RO         4922    i.DJIMotorSetRef    dji_motor.o
    0x080023b6   0x080023b6   0x00000002   PAD
    0x080023b8   0x080023b8   0x00000010   Code   RO          660    i.DMA1_Stream1_IRQHandler  stm32f4xx_it.o
    0x080023c8   0x080023c8   0x00000010   Code   RO          661    i.DMA2_Stream0_IRQHandler  stm32f4xx_it.o
    0x080023d8   0x080023d8   0x00000010   Code   RO          662    i.DMA2_Stream2_IRQHandler  stm32f4xx_it.o
    0x080023e8   0x080023e8   0x00000010   Code   RO          663    i.DMA2_Stream3_IRQHandler  stm32f4xx_it.o
    0x080023f8   0x080023f8   0x00000034   Code   RO         2926    i.DMA_CalcBaseAndBitshift  stm32f4xx_hal_dma.o
    0x0800242c   0x0800242c   0x000000aa   Code   RO         2927    i.DMA_CheckFifoParam  stm32f4xx_hal_dma.o
    0x080024d6   0x080024d6   0x0000002c   Code   RO         2928    i.DMA_SetConfig     stm32f4xx_hal_dma.o
    0x08002502   0x08002502   0x00000002   PAD
    0x08002504   0x08002504   0x0000004c   Code   RO         4657    i.DWT_CNT_Update    bsp_dwt.o
    0x08002550   0x08002550   0x0000003c   Code   RO         4658    i.DWT_Delay         bsp_dwt.o
    0x0800258c   0x0800258c   0x0000004c   Code   RO         4659    i.DWT_GetDeltaT     bsp_dwt.o
    0x080025d8   0x080025d8   0x00000050   Code   RO         4661    i.DWT_GetTimeline_ms  bsp_dwt.o
    0x08002628   0x08002628   0x00000054   Code   RO         4662    i.DWT_GetTimeline_s  bsp_dwt.o
    0x0800267c   0x0800267c   0x00000070   Code   RO         4664    i.DWT_Init          bsp_dwt.o
    0x080026ec   0x080026ec   0x000000d0   Code   RO         4665    i.DWT_SysTimeUpdate  bsp_dwt.o
    0x080027bc   0x080027bc   0x00000058   Code   RO         5291    i.DaemonRegister    daemon.o
    0x08002814   0x08002814   0x00000006   Code   RO         5292    i.DaemonReload      daemon.o
    0x0800281a   0x0800281a   0x00000002   Code   RO          664    i.DebugMon_Handler  stm32f4xx_it.o
    0x0800281c   0x0800281c   0x00000114   Code   RO         4924    i.DecodeDJIMotor    dji_motor.o
    0x08002930   0x08002930   0x0000004c   Code   RO         6334    i.DecodeNac         nac.o
    0x0800297c   0x0800297c   0x00000026   Code   RO         5661    i.Dot3d             user_lib.o
    0x080029a2   0x080029a2   0x0000015a   Code   RO         5477    i.EarthFrameToBodyFrame  ins_task.o
    0x08002afc   0x08002afc   0x00000006   Code   RO           13    i.Error_Handler     main.o
    0x08002b02   0x08002b02   0x00000002   PAD
    0x08002b04   0x08002b04   0x00000034   Code   RO         7761    i.Get_SerialNum     usbd_desc.o
    0x08002b38   0x08002b38   0x0000002a   Code   RO         3623    i.HAL_CAN_ActivateNotification  stm32f4xx_hal_can.o
    0x08002b62   0x08002b62   0x0000014a   Code   RO         3624    i.HAL_CAN_AddTxMessage  stm32f4xx_hal_can.o
    0x08002cac   0x08002cac   0x00000120   Code   RO         3625    i.HAL_CAN_ConfigFilter  stm32f4xx_hal_can.o
    0x08002dcc   0x08002dcc   0x00000002   Code   RO         3628    i.HAL_CAN_ErrorCallback  stm32f4xx_hal_can.o
    0x08002dce   0x08002dce   0x00000028   Code   RO         3630    i.HAL_CAN_GetRxFifoFillLevel  stm32f4xx_hal_can.o
    0x08002df6   0x08002df6   0x00000194   Code   RO         3631    i.HAL_CAN_GetRxMessage  stm32f4xx_hal_can.o
    0x08002f8a   0x08002f8a   0x00000036   Code   RO         3633    i.HAL_CAN_GetTxMailboxesFreeLevel  stm32f4xx_hal_can.o
    0x08002fc0   0x08002fc0   0x0000024e   Code   RO         3635    i.HAL_CAN_IRQHandler  stm32f4xx_hal_can.o
    0x0800320e   0x0800320e   0x00000174   Code   RO         3636    i.HAL_CAN_Init      stm32f4xx_hal_can.o
    0x08003382   0x08003382   0x00000002   PAD
    0x08003384   0x08003384   0x00000180   Code   RO          445    i.HAL_CAN_MspInit   can.o
    0x08003504   0x08003504   0x00000002   Code   RO         3643    i.HAL_CAN_RxFifo0FullCallback  stm32f4xx_hal_can.o
    0x08003506   0x08003506   0x0000000e   Code   RO         4594    i.HAL_CAN_RxFifo0MsgPendingCallback  bsp_can.o
    0x08003514   0x08003514   0x00000002   Code   RO         3645    i.HAL_CAN_RxFifo1FullCallback  stm32f4xx_hal_can.o
    0x08003516   0x08003516   0x0000000e   Code   RO         4595    i.HAL_CAN_RxFifo1MsgPendingCallback  bsp_can.o
    0x08003524   0x08003524   0x00000002   Code   RO         3647    i.HAL_CAN_SleepCallback  stm32f4xx_hal_can.o
    0x08003526   0x08003526   0x0000005e   Code   RO         3648    i.HAL_CAN_Start     stm32f4xx_hal_can.o
    0x08003584   0x08003584   0x00000002   Code   RO         3650    i.HAL_CAN_TxMailbox0AbortCallback  stm32f4xx_hal_can.o
    0x08003586   0x08003586   0x00000002   Code   RO         3651    i.HAL_CAN_TxMailbox0CompleteCallback  stm32f4xx_hal_can.o
    0x08003588   0x08003588   0x00000002   Code   RO         3652    i.HAL_CAN_TxMailbox1AbortCallback  stm32f4xx_hal_can.o
    0x0800358a   0x0800358a   0x00000002   Code   RO         3653    i.HAL_CAN_TxMailbox1CompleteCallback  stm32f4xx_hal_can.o
    0x0800358c   0x0800358c   0x00000002   Code   RO         3654    i.HAL_CAN_TxMailbox2AbortCallback  stm32f4xx_hal_can.o
    0x0800358e   0x0800358e   0x00000002   Code   RO         3655    i.HAL_CAN_TxMailbox2CompleteCallback  stm32f4xx_hal_can.o
    0x08003590   0x08003590   0x00000002   Code   RO         3657    i.HAL_CAN_WakeUpFromRxMsgCallback  stm32f4xx_hal_can.o
    0x08003592   0x08003592   0x00000028   Code   RO         2930    i.HAL_DMA_Abort_IT  stm32f4xx_hal_dma.o
    0x080035ba   0x080035ba   0x00000002   PAD
    0x080035bc   0x080035bc   0x00000240   Code   RO         2934    i.HAL_DMA_IRQHandler  stm32f4xx_hal_dma.o
    0x080037fc   0x080037fc   0x000000ec   Code   RO         2935    i.HAL_DMA_Init      stm32f4xx_hal_dma.o
    0x080038e8   0x080038e8   0x00000092   Code   RO         2939    i.HAL_DMA_Start_IT  stm32f4xx_hal_dma.o
    0x0800397a   0x0800397a   0x00000002   PAD
    0x0800397c   0x0800397c   0x00000028   Code   RO         3371    i.HAL_Delay         stm32f4xx_hal.o
    0x080039a4   0x080039a4   0x000001f4   Code   RO         2822    i.HAL_GPIO_Init     stm32f4xx_hal_gpio.o
    0x08003b98   0x08003b98   0x0000000c   Code   RO         2826    i.HAL_GPIO_WritePin  stm32f4xx_hal_gpio.o
    0x08003ba4   0x08003ba4   0x0000000c   Code   RO         3377    i.HAL_GetTick       stm32f4xx_hal.o
    0x08003bb0   0x08003bb0   0x00000018   Code   RO         3383    i.HAL_IncTick       stm32f4xx_hal.o
    0x08003bc8   0x08003bc8   0x0000003c   Code   RO         3384    i.HAL_Init          stm32f4xx_hal.o
    0x08003c04   0x08003c04   0x000000b4   Code   RO          803    i.HAL_InitTick      stm32f4xx_hal_timebase_tim.o
    0x08003cb8   0x08003cb8   0x00000054   Code   RO          779    i.HAL_MspInit       stm32f4xx_hal_msp.o
    0x08003d0c   0x08003d0c   0x00000028   Code   RO         3214    i.HAL_NVIC_EnableIRQ  stm32f4xx_hal_cortex.o
    0x08003d34   0x08003d34   0x0000007c   Code   RO         3220    i.HAL_NVIC_SetPriority  stm32f4xx_hal_cortex.o
    0x08003db0   0x08003db0   0x00000028   Code   RO         3221    i.HAL_NVIC_SetPriorityGrouping  stm32f4xx_hal_cortex.o
    0x08003dd8   0x08003dd8   0x00000002   Code   RO         2070    i.HAL_PCDEx_LPM_Callback  stm32f4xx_hal_pcd_ex.o
    0x08003dda   0x08003dda   0x0000000a   Code   RO         2071    i.HAL_PCDEx_SetRxFiFo  stm32f4xx_hal_pcd_ex.o
    0x08003de4   0x08003de4   0x0000004e   Code   RO         2072    i.HAL_PCDEx_SetTxFiFo  stm32f4xx_hal_pcd_ex.o
    0x08003e32   0x08003e32   0x0000000e   Code   RO         7907    i.HAL_PCD_ConnectCallback  usbd_conf.o
    0x08003e40   0x08003e40   0x00000020   Code   RO         7908    i.HAL_PCD_DataInStageCallback  usbd_conf.o
    0x08003e60   0x08003e60   0x00000020   Code   RO         7909    i.HAL_PCD_DataOutStageCallback  usbd_conf.o
    0x08003e80   0x08003e80   0x0000000e   Code   RO         7910    i.HAL_PCD_DisconnectCallback  usbd_conf.o
    0x08003e8e   0x08003e8e   0x00000042   Code   RO         1835    i.HAL_PCD_EP_Abort  stm32f4xx_hal_pcd.o
    0x08003ed0   0x08003ed0   0x0000006a   Code   RO         1836    i.HAL_PCD_EP_Close  stm32f4xx_hal_pcd.o
    0x08003f3a   0x08003f3a   0x0000007c   Code   RO         1837    i.HAL_PCD_EP_ClrStall  stm32f4xx_hal_pcd.o
    0x08003fb6   0x08003fb6   0x00000016   Code   RO         1839    i.HAL_PCD_EP_GetRxCount  stm32f4xx_hal_pcd.o
    0x08003fcc   0x08003fcc   0x0000008e   Code   RO         1840    i.HAL_PCD_EP_Open   stm32f4xx_hal_pcd.o
    0x0800405a   0x0800405a   0x00000046   Code   RO         1841    i.HAL_PCD_EP_Receive  stm32f4xx_hal_pcd.o
    0x080040a0   0x080040a0   0x0000008a   Code   RO         1842    i.HAL_PCD_EP_SetStall  stm32f4xx_hal_pcd.o
    0x0800412a   0x0800412a   0x00000048   Code   RO         1843    i.HAL_PCD_EP_Transmit  stm32f4xx_hal_pcd.o
    0x08004172   0x08004172   0x000006ca   Code   RO         1845    i.HAL_PCD_IRQHandler  stm32f4xx_hal_pcd.o
    0x0800483c   0x0800483c   0x00000012   Code   RO         7911    i.HAL_PCD_ISOINIncompleteCallback  usbd_conf.o
    0x0800484e   0x0800484e   0x00000012   Code   RO         7912    i.HAL_PCD_ISOOUTIncompleteCallback  usbd_conf.o
    0x08004860   0x08004860   0x0000015e   Code   RO         1848    i.HAL_PCD_Init      stm32f4xx_hal_pcd.o
    0x080049be   0x080049be   0x00000002   PAD
    0x080049c0   0x080049c0   0x000000a8   Code   RO         7914    i.HAL_PCD_MspInit   usbd_conf.o
    0x08004a68   0x08004a68   0x00000030   Code   RO         7915    i.HAL_PCD_ResetCallback  usbd_conf.o
    0x08004a98   0x08004a98   0x0000000e   Code   RO         7916    i.HAL_PCD_ResumeCallback  usbd_conf.o
    0x08004aa6   0x08004aa6   0x0000000e   Code   RO         7917    i.HAL_PCD_SOFCallback  usbd_conf.o
    0x08004ab4   0x08004ab4   0x00000034   Code   RO         1854    i.HAL_PCD_SetAddress  stm32f4xx_hal_pcd.o
    0x08004ae8   0x08004ae8   0x00000012   Code   RO         7918    i.HAL_PCD_SetupStageCallback  usbd_conf.o
    0x08004afa   0x08004afa   0x0000004c   Code   RO         1857    i.HAL_PCD_Start     stm32f4xx_hal_pcd.o
    0x08004b46   0x08004b46   0x00000002   PAD
    0x08004b48   0x08004b48   0x00000034   Code   RO         7919    i.HAL_PCD_SuspendCallback  usbd_conf.o
    0x08004b7c   0x08004b7c   0x00000184   Code   RO         2423    i.HAL_RCC_ClockConfig  stm32f4xx_hal_rcc.o
    0x08004d00   0x08004d00   0x00000044   Code   RO         2427    i.HAL_RCC_GetClockConfig  stm32f4xx_hal_rcc.o
    0x08004d44   0x08004d44   0x0000000c   Code   RO         2428    i.HAL_RCC_GetHCLKFreq  stm32f4xx_hal_rcc.o
    0x08004d50   0x08004d50   0x00000020   Code   RO         2430    i.HAL_RCC_GetPCLK1Freq  stm32f4xx_hal_rcc.o
    0x08004d70   0x08004d70   0x00000020   Code   RO         2431    i.HAL_RCC_GetPCLK2Freq  stm32f4xx_hal_rcc.o
    0x08004d90   0x08004d90   0x000000b0   Code   RO         2432    i.HAL_RCC_GetSysClockFreq  stm32f4xx_hal_rcc.o
    0x08004e40   0x08004e40   0x0000049c   Code   RO         2435    i.HAL_RCC_OscConfig  stm32f4xx_hal_rcc.o
    0x080052dc   0x080052dc   0x00000002   Code   RO         3863    i.HAL_SPI_ErrorCallback  stm32f4xx_hal_spi.o
    0x080052de   0x080052de   0x00000002   PAD
    0x080052e0   0x080052e0   0x0000015c   Code   RO         3866    i.HAL_SPI_IRQHandler  stm32f4xx_hal_spi.o
    0x0800543c   0x0800543c   0x000000c8   Code   RO         3867    i.HAL_SPI_Init      stm32f4xx_hal_spi.o
    0x08005504   0x08005504   0x00000168   Code   RO          518    i.HAL_SPI_MspInit   spi.o
    0x0800566c   0x0800566c   0x00000248   Code   RO         3876    i.HAL_SPI_TransmitReceive  stm32f4xx_hal_spi.o
    0x080058b4   0x080058b4   0x00000002   Code   RO         1559    i.HAL_TIMEx_BreakCallback  stm32f4xx_hal_tim_ex.o
    0x080058b6   0x080058b6   0x00000002   Code   RO         1560    i.HAL_TIMEx_CommutCallback  stm32f4xx_hal_tim_ex.o
    0x080058b8   0x080058b8   0x00000066   Code   RO          844    i.HAL_TIM_Base_Init  stm32f4xx_hal_tim.o
    0x0800591e   0x0800591e   0x00000002   PAD
    0x08005920   0x08005920   0x00000034   Code   RO          560    i.HAL_TIM_Base_MspInit  tim.o
    0x08005954   0x08005954   0x000000a8   Code   RO          849    i.HAL_TIM_Base_Start_IT  stm32f4xx_hal_tim.o
    0x080059fc   0x080059fc   0x00000002   Code   RO          878    i.HAL_TIM_IC_CaptureCallback  stm32f4xx_hal_tim.o
    0x080059fe   0x080059fe   0x0000016c   Code   RO          892    i.HAL_TIM_IRQHandler  stm32f4xx_hal_tim.o
    0x08005b6a   0x08005b6a   0x00000002   PAD
    0x08005b6c   0x08005b6c   0x00000060   Code   RO          561    i.HAL_TIM_MspPostInit  tim.o
    0x08005bcc   0x08005bcc   0x00000002   Code   RO          895    i.HAL_TIM_OC_DelayElapsedCallback  stm32f4xx_hal_tim.o
    0x08005bce   0x08005bce   0x00000104   Code   RO          916    i.HAL_TIM_PWM_ConfigChannel  stm32f4xx_hal_tim.o
    0x08005cd2   0x08005cd2   0x00000066   Code   RO          919    i.HAL_TIM_PWM_Init  stm32f4xx_hal_tim.o
    0x08005d38   0x08005d38   0x00000002   Code   RO          921    i.HAL_TIM_PWM_MspInit  stm32f4xx_hal_tim.o
    0x08005d3a   0x08005d3a   0x00000002   Code   RO          922    i.HAL_TIM_PWM_PulseFinishedCallback  stm32f4xx_hal_tim.o
    0x08005d3c   0x08005d3c   0x0000010c   Code   RO          924    i.HAL_TIM_PWM_Start  stm32f4xx_hal_tim.o
    0x08005e48   0x08005e48   0x00000018   Code   RO           14    i.HAL_TIM_PeriodElapsedCallback  main.o
    0x08005e60   0x08005e60   0x00000002   Code   RO          935    i.HAL_TIM_TriggerCallback  stm32f4xx_hal_tim.o
    0x08005e62   0x08005e62   0x00000070   Code   RO         4188    i.HAL_UARTEx_ReceiveToIdle_DMA  stm32f4xx_hal_uart.o
    0x08005ed2   0x08005ed2   0x00000002   PAD
    0x08005ed4   0x08005ed4   0x00000098   Code   RO         4733    i.HAL_UARTEx_RxEventCallback  bsp_usart.o
    0x08005f6c   0x08005f6c   0x00000070   Code   RO         4734    i.HAL_UART_ErrorCallback  bsp_usart.o
    0x08005fdc   0x08005fdc   0x00000076   Code   RO         4208    i.HAL_UART_Init     stm32f4xx_hal_uart.o
    0x08006052   0x08006052   0x00000002   PAD
    0x08006054   0x08006054   0x000001d0   Code   RO          608    i.HAL_UART_MspInit  usart.o
    0x08006224   0x08006224   0x00000002   Code   RO         4214    i.HAL_UART_RxCpltCallback  stm32f4xx_hal_uart.o
    0x08006226   0x08006226   0x00000002   Code   RO         4215    i.HAL_UART_RxHalfCpltCallback  stm32f4xx_hal_uart.o
    0x08006228   0x08006228   0x00000130   Code   RO         5579    i.H_K_R_Adjustment  kalman_filter.o
    0x08006358   0x08006358   0x00000004   Code   RO          665    i.HardFault_Handler  stm32f4xx_it.o
    0x0800635c   0x0800635c   0x0000000c   Code   RO         5479    i.IMUPWMSet         ins_task.o
    0x08006368   0x08006368   0x00000374   Code   RO         5480    i.IMU_Param_Correction  ins_task.o
    0x080066dc   0x080066dc   0x00000238   Code   RO         5786    i.IMU_QuaternionEKF_F_Linearization_P_Fading  quaternionekf.o
    0x08006914   0x08006914   0x00000118   Code   RO         5787    i.IMU_QuaternionEKF_Init  quaternionekf.o
    0x08006a2c   0x08006a2c   0x00000034   Code   RO         5788    i.IMU_QuaternionEKF_Observe  quaternionekf.o
    0x08006a60   0x08006a60   0x00000128   Code   RO         5789    i.IMU_QuaternionEKF_SetH  quaternionekf.o
    0x08006b88   0x08006b88   0x0000060c   Code   RO         5790    i.IMU_QuaternionEKF_Update  quaternionekf.o
    0x08007194   0x08007194   0x00000508   Code   RO         5791    i.IMU_QuaternionEKF_xhatUpdate  quaternionekf.o
    0x0800769c   0x0800769c   0x0000006c   Code   RO         5481    i.IMU_Temperature_Ctrl  ins_task.o
    0x08007708   0x08007708   0x000000ec   Code   RO         5482    i.INS_Init          ins_task.o
    0x080077f4   0x080077f4   0x00000218   Code   RO         5483    i.INS_Task          ins_task.o
    0x08007a0c   0x08007a0c   0x00000012   Code   RO          332    i.ImuTask_f         freertos.o
    0x08007a1e   0x08007a1e   0x00000002   PAD
    0x08007a20   0x08007a20   0x00000130   Code   RO         5484    i.InitQuaternion    ins_task.o
    0x08007b50   0x08007b50   0x0000003e   Code   RO         7762    i.IntToUnicode      usbd_desc.o
    0x08007b8e   0x08007b8e   0x00000002   PAD
    0x08007b90   0x08007b90   0x0000070c   Code   RO         5580    i.Kalman_Filter_Init  kalman_filter.o
    0x0800829c   0x0800829c   0x00000050   Code   RO         5581    i.Kalman_Filter_Measure  kalman_filter.o
    0x080082ec   0x080082ec   0x00000068   Code   RO         5582    i.Kalman_Filter_P_Update  kalman_filter.o
    0x08008354   0x08008354   0x00000068   Code   RO         5583    i.Kalman_Filter_PminusUpdate  kalman_filter.o
    0x080083bc   0x080083bc   0x000000d2   Code   RO         5584    i.Kalman_Filter_SetK  kalman_filter.o
    0x0800848e   0x0800848e   0x00000002   PAD
    0x08008490   0x08008490   0x00000128   Code   RO         5585    i.Kalman_Filter_Update  kalman_filter.o
    0x080085b8   0x080085b8   0x0000007c   Code   RO         5586    i.Kalman_Filter_xhatMinusUpdate  kalman_filter.o
    0x08008634   0x08008634   0x00000086   Code   RO         5587    i.Kalman_Filter_xhatUpdate  kalman_filter.o
    0x080086ba   0x080086ba   0x00000002   PAD
    0x080086bc   0x080086bc   0x00000044   Code   RO          446    i.MX_CAN1_Init      can.o
    0x08008700   0x08008700   0x00000044   Code   RO          447    i.MX_CAN2_Init      can.o
    0x08008744   0x08008744   0x00000088   Code   RO          493    i.MX_DMA_Init       dma.o
    0x080087cc   0x080087cc   0x0000007c   Code   RO          333    i.MX_FREERTOS_Init  freertos.o
    0x08008848   0x08008848   0x000001ec   Code   RO          306    i.MX_GPIO_Init      gpio.o
    0x08008a34   0x08008a34   0x00000048   Code   RO          519    i.MX_SPI1_Init      spi.o
    0x08008a7c   0x08008a7c   0x0000006c   Code   RO          562    i.MX_TIM10_Init     tim.o
    0x08008ae8   0x08008ae8   0x00000038   Code   RO          609    i.MX_USART1_UART_Init  usart.o
    0x08008b20   0x08008b20   0x0000003c   Code   RO          610    i.MX_USART3_UART_Init  usart.o
    0x08008b5c   0x08008b5c   0x0000004c   Code   RO         7726    i.MX_USB_DEVICE_Init  usb_device.o
    0x08008ba8   0x08008ba8   0x00000004   Code   RO          666    i.MemManage_Handler  stm32f4xx_it.o
    0x08008bac   0x08008bac   0x00000074   Code   RO         6055    i.MinmizeRotation   chassis.o
    0x08008c20   0x08008c20   0x0000014c   Code   RO         4925    i.MotorSenderGrouping  dji_motor.o
    0x08008d6c   0x08008d6c   0x00000004   Code   RO          667    i.NMI_Handler       stm32f4xx_it.o
    0x08008d70   0x08008d70   0x00000088   Code   RO         6335    i.NacInit           nac.o
    0x08008df8   0x08008df8   0x00000014   Code   RO         6336    i.NacOfflineCallback  nac.o
    0x08008e0c   0x08008e0c   0x00000020   Code   RO         6337    i.NacRecvRegister   nac.o
    0x08008e2c   0x08008e2c   0x00000020   Code   RO         6339    i.NacSendRegister   nac.o
    0x08008e4c   0x08008e4c   0x00000054   Code   RO         5663    i.Norm3d            user_lib.o
    0x08008ea0   0x08008ea0   0x00000010   Code   RO          668    i.OTG_FS_IRQHandler  stm32f4xx_it.o
    0x08008eb0   0x08008eb0   0x00000064   Code   RO         1861    i.PCD_EP_OutSetupPacket_int  stm32f4xx_hal_pcd.o
    0x08008f14   0x08008f14   0x00000144   Code   RO         1862    i.PCD_EP_OutXfrComplete_int  stm32f4xx_hal_pcd.o
    0x08009058   0x08009058   0x000000b6   Code   RO         1863    i.PCD_WriteEmptyTxFifo  stm32f4xx_hal_pcd.o
    0x0800910e   0x0800910e   0x00000002   PAD
    0x08009110   0x08009110   0x00000184   Code   RO         4802    i.PIDCalculate      controller.o
    0x08009294   0x08009294   0x00000064   Code   RO         4803    i.PIDInit           controller.o
    0x080092f8   0x080092f8   0x00000020   Code   RO         5177    i.RCLostCallback    remote.o
    0x08009318   0x08009318   0x00000030   Code   RO         5178    i.RectifyRCjoystick  remote.o
    0x08009348   0x08009348   0x00000032   Code   RO         6341    i.RecvProcess       nac.o
    0x0800937a   0x0800937a   0x00000002   PAD
    0x0800937c   0x0800937c   0x00000054   Code   RO         5179    i.RemoteControlInit  remote.o
    0x080093d0   0x080093d0   0x0000001c   Code   RO         5181    i.RemoteControlRxCallback  remote.o
    0x080093ec   0x080093ec   0x0000003c   Code   RO         5903    i.RingBuffer_Read   usb.o
    0x08009428   0x08009428   0x00000018   Code   RO         6270    i.RobotCMDInit      robot_cmd.o
    0x08009440   0x08009440   0x00000010   Code   RO          669    i.SPI1_IRQHandler   stm32f4xx_it.o
    0x08009450   0x08009450   0x00000014   Code   RO         3894    i.SPI_DMAAbortOnError  stm32f4xx_hal_spi.o
    0x08009464   0x08009464   0x00000088   Code   RO         3905    i.SPI_EndRxTxTransaction  stm32f4xx_hal_spi.o
    0x080094ec   0x080094ec   0x000000d8   Code   RO         3910    i.SPI_WaitFlagStateUntilTimeout  stm32f4xx_hal_spi.o
    0x080095c4   0x080095c4   0x00000012   Code   RO         8284    i.SWAPBYTE          usbd_ctlreq.o
    0x080095d6   0x080095d6   0x00000002   PAD
    0x080095d8   0x080095d8   0x00000068   Code   RO         5665    i.Sqrt              user_lib.o
    0x08009640   0x08009640   0x00000398   Code   RO         6057    i.SteeringWheelKinematics  chassis.o
    0x080099d8   0x080099d8   0x00000034   Code   RO         7647    i.SysTick_Handler   port.o
    0x08009a0c   0x08009a0c   0x000000b4   Code   RO           15    i.SystemClock_Config  main.o
    0x08009ac0   0x08009ac0   0x00000014   Code   RO         4552    i.SystemInit        system_stm32f4xx.o
    0x08009ad4   0x08009ad4   0x00000010   Code   RO          670    i.TIM8_TRG_COM_TIM14_IRQHandler  stm32f4xx_it.o
    0x08009ae4   0x08009ae4   0x000000e0   Code   RO          937    i.TIM_Base_SetConfig  stm32f4xx_hal_tim.o
    0x08009bc4   0x08009bc4   0x00000022   Code   RO          938    i.TIM_CCxChannelCmd  stm32f4xx_hal_tim.o
    0x08009be6   0x08009be6   0x00000002   PAD
    0x08009be8   0x08009be8   0x00000070   Code   RO          950    i.TIM_OC1_SetConfig  stm32f4xx_hal_tim.o
    0x08009c58   0x08009c58   0x0000007c   Code   RO          951    i.TIM_OC2_SetConfig  stm32f4xx_hal_tim.o
    0x08009cd4   0x08009cd4   0x00000078   Code   RO          952    i.TIM_OC3_SetConfig  stm32f4xx_hal_tim.o
    0x08009d4c   0x08009d4c   0x00000054   Code   RO          953    i.TIM_OC4_SetConfig  stm32f4xx_hal_tim.o
    0x08009da0   0x08009da0   0x00000050   Code   RO         4222    i.UART_DMAError     stm32f4xx_hal_uart.o
    0x08009df0   0x08009df0   0x000000b4   Code   RO         4223    i.UART_DMAReceiveCplt  stm32f4xx_hal_uart.o
    0x08009ea4   0x08009ea4   0x00000024   Code   RO         4225    i.UART_DMARxHalfCplt  stm32f4xx_hal_uart.o
    0x08009ec8   0x08009ec8   0x0000006c   Code   RO         4231    i.UART_EndRxTransfer  stm32f4xx_hal_uart.o
    0x08009f34   0x08009f34   0x00000026   Code   RO         4233    i.UART_EndTxTransfer  stm32f4xx_hal_uart.o
    0x08009f5a   0x08009f5a   0x00000002   PAD
    0x08009f5c   0x08009f5c   0x0000022c   Code   RO         4235    i.UART_SetConfig    stm32f4xx_hal_uart.o
    0x0800a188   0x0800a188   0x000000d8   Code   RO         4236    i.UART_Start_Receive_DMA  stm32f4xx_hal_uart.o
    0x0800a260   0x0800a260   0x00000050   Code   RO         4736    i.USARTRegister     bsp_usart.o
    0x0800a2b0   0x0800a2b0   0x0000002c   Code   RO         4738    i.USARTServiceInit  bsp_usart.o
    0x0800a2dc   0x0800a2dc   0x000000be   Code   RO         8455    i.USBD_CDC_DataIn   usbd_cdc.o
    0x0800a39a   0x0800a39a   0x00000048   Code   RO         8456    i.USBD_CDC_DataOut  usbd_cdc.o
    0x0800a3e2   0x0800a3e2   0x00000002   PAD
    0x0800a3e4   0x0800a3e4   0x000000d4   Code   RO         8457    i.USBD_CDC_DeInit   usbd_cdc.o
    0x0800a4b8   0x0800a4b8   0x00000050   Code   RO         8458    i.USBD_CDC_EP0_RxReady  usbd_cdc.o
    0x0800a508   0x0800a508   0x00000010   Code   RO         8459    i.USBD_CDC_GetDeviceQualifierDescriptor  usbd_cdc.o
    0x0800a518   0x0800a518   0x00000044   Code   RO         8460    i.USBD_CDC_GetFSCfgDesc  usbd_cdc.o
    0x0800a55c   0x0800a55c   0x00000048   Code   RO         8461    i.USBD_CDC_GetHSCfgDesc  usbd_cdc.o
    0x0800a5a4   0x0800a5a4   0x00000044   Code   RO         8462    i.USBD_CDC_GetOtherSpeedCfgDesc  usbd_cdc.o
    0x0800a5e8   0x0800a5e8   0x000001a0   Code   RO         8463    i.USBD_CDC_Init     usbd_cdc.o
    0x0800a788   0x0800a788   0x00000050   Code   RO         8464    i.USBD_CDC_ReceivePacket  usbd_cdc.o
    0x0800a7d8   0x0800a7d8   0x00000018   Code   RO         8465    i.USBD_CDC_RegisterInterface  usbd_cdc.o
    0x0800a7f0   0x0800a7f0   0x0000001e   Code   RO         8466    i.USBD_CDC_SetRxBuffer  usbd_cdc.o
    0x0800a80e   0x0800a80e   0x00000024   Code   RO         8467    i.USBD_CDC_SetTxBuffer  usbd_cdc.o
    0x0800a832   0x0800a832   0x00000140   Code   RO         8468    i.USBD_CDC_Setup    usbd_cdc.o
    0x0800a972   0x0800a972   0x00000002   PAD
    0x0800a974   0x0800a974   0x00000058   Code   RO         8469    i.USBD_CDC_TransmitPacket  usbd_cdc.o
    0x0800a9cc   0x0800a9cc   0x0000001c   Code   RO         8118    i.USBD_ClrClassConfig  usbd_core.o
    0x0800a9e8   0x0800a9e8   0x0000003e   Code   RO         8285    i.USBD_ClrFeature   usbd_ctlreq.o
    0x0800aa26   0x0800aa26   0x00000006   Code   RO         8119    i.USBD_CoreFindEP   usbd_core.o
    0x0800aa2c   0x0800aa2c   0x00000006   Code   RO         8120    i.USBD_CoreFindIF   usbd_core.o
    0x0800aa32   0x0800aa32   0x00000018   Code   RO         8391    i.USBD_CtlContinueRx  usbd_ioreq.o
    0x0800aa4a   0x0800aa4a   0x00000018   Code   RO         8392    i.USBD_CtlContinueSendData  usbd_ioreq.o
    0x0800aa62   0x0800aa62   0x00000018   Code   RO         8286    i.USBD_CtlError     usbd_ctlreq.o
    0x0800aa7a   0x0800aa7a   0x0000002e   Code   RO         8393    i.USBD_CtlPrepareRx  usbd_ioreq.o
    0x0800aaa8   0x0800aaa8   0x0000001a   Code   RO         8394    i.USBD_CtlReceiveStatus  usbd_ioreq.o
    0x0800aac2   0x0800aac2   0x00000024   Code   RO         8395    i.USBD_CtlSendData  usbd_ioreq.o
    0x0800aae6   0x0800aae6   0x0000001a   Code   RO         8396    i.USBD_CtlSendStatus  usbd_ioreq.o
    0x0800ab00   0x0800ab00   0x00000034   Code   RO         7763    i.USBD_FS_ConfigStrDescriptor  usbd_desc.o
    0x0800ab34   0x0800ab34   0x00000010   Code   RO         7764    i.USBD_FS_DeviceDescriptor  usbd_desc.o
    0x0800ab44   0x0800ab44   0x00000038   Code   RO         7765    i.USBD_FS_InterfaceStrDescriptor  usbd_desc.o
    0x0800ab7c   0x0800ab7c   0x00000010   Code   RO         7766    i.USBD_FS_LangIDStrDescriptor  usbd_desc.o
    0x0800ab8c   0x0800ab8c   0x0000002c   Code   RO         7767    i.USBD_FS_ManufacturerStrDescriptor  usbd_desc.o
    0x0800abb8   0x0800abb8   0x00000040   Code   RO         7768    i.USBD_FS_ProductStrDescriptor  usbd_desc.o
    0x0800abf8   0x0800abf8   0x00000018   Code   RO         7769    i.USBD_FS_SerialStrDescriptor  usbd_desc.o
    0x0800ac10   0x0800ac10   0x00000056   Code   RO         8287    i.USBD_GetConfig    usbd_ctlreq.o
    0x0800ac66   0x0800ac66   0x000001fc   Code   RO         8288    i.USBD_GetDescriptor  usbd_ctlreq.o
    0x0800ae62   0x0800ae62   0x00000050   Code   RO         8122    i.USBD_GetEpDesc    usbd_core.o
    0x0800aeb2   0x0800aeb2   0x00000016   Code   RO         8289    i.USBD_GetLen       usbd_ctlreq.o
    0x0800aec8   0x0800aec8   0x00000014   Code   RO         8123    i.USBD_GetNextDesc  usbd_core.o
    0x0800aedc   0x0800aedc   0x0000005a   Code   RO         8290    i.USBD_GetStatus    usbd_ctlreq.o
    0x0800af36   0x0800af36   0x00000068   Code   RO         8291    i.USBD_GetString    usbd_ctlreq.o
    0x0800af9e   0x0800af9e   0x0000002c   Code   RO         7920    i.USBD_Get_USB_Status  usbd_conf.o
    0x0800afca   0x0800afca   0x0000003a   Code   RO         8124    i.USBD_Init         usbd_core.o
    0x0800b004   0x0800b004   0x00000026   Code   RO         7921    i.USBD_LL_ClearStallEP  usbd_conf.o
    0x0800b02a   0x0800b02a   0x00000026   Code   RO         7922    i.USBD_LL_CloseEP   usbd_conf.o
    0x0800b050   0x0800b050   0x00000110   Code   RO         8125    i.USBD_LL_DataInStage  usbd_core.o
    0x0800b160   0x0800b160   0x0000010a   Code   RO         8126    i.USBD_LL_DataOutStage  usbd_core.o
    0x0800b26a   0x0800b26a   0x00000006   Code   RO         8127    i.USBD_LL_DevConnected  usbd_core.o
    0x0800b270   0x0800b270   0x00000026   Code   RO         8128    i.USBD_LL_DevDisconnected  usbd_core.o
    0x0800b296   0x0800b296   0x00000012   Code   RO         7926    i.USBD_LL_GetRxDataSize  usbd_conf.o
    0x0800b2a8   0x0800b2a8   0x00000068   Code   RO         7927    i.USBD_LL_Init      usbd_conf.o
    0x0800b310   0x0800b310   0x00000038   Code   RO         7928    i.USBD_LL_IsStallEP  usbd_conf.o
    0x0800b348   0x0800b348   0x00000048   Code   RO         8129    i.USBD_LL_IsoINIncomplete  usbd_core.o
    0x0800b390   0x0800b390   0x00000048   Code   RO         8130    i.USBD_LL_IsoOUTIncomplete  usbd_core.o
    0x0800b3d8   0x0800b3d8   0x00000030   Code   RO         7929    i.USBD_LL_OpenEP    usbd_conf.o
    0x0800b408   0x0800b408   0x00000030   Code   RO         7930    i.USBD_LL_PrepareReceive  usbd_conf.o
    0x0800b438   0x0800b438   0x0000006e   Code   RO         8131    i.USBD_LL_Reset     usbd_core.o
    0x0800b4a6   0x0800b4a6   0x00000016   Code   RO         8132    i.USBD_LL_Resume    usbd_core.o
    0x0800b4bc   0x0800b4bc   0x00000028   Code   RO         8133    i.USBD_LL_SOF       usbd_core.o
    0x0800b4e4   0x0800b4e4   0x00000008   Code   RO         8134    i.USBD_LL_SetSpeed  usbd_core.o
    0x0800b4ec   0x0800b4ec   0x00000026   Code   RO         7931    i.USBD_LL_SetUSBAddress  usbd_conf.o
    0x0800b512   0x0800b512   0x00000076   Code   RO         8135    i.USBD_LL_SetupStage  usbd_core.o
    0x0800b588   0x0800b588   0x00000026   Code   RO         7932    i.USBD_LL_StallEP   usbd_conf.o
    0x0800b5ae   0x0800b5ae   0x0000001e   Code   RO         7933    i.USBD_LL_Start     usbd_conf.o
    0x0800b5cc   0x0800b5cc   0x0000001c   Code   RO         8136    i.USBD_LL_Suspend   usbd_core.o
    0x0800b5e8   0x0800b5e8   0x00000030   Code   RO         7935    i.USBD_LL_Transmit  usbd_conf.o
    0x0800b618   0x0800b618   0x00000036   Code   RO         8292    i.USBD_ParseSetupRequest  usbd_ctlreq.o
    0x0800b64e   0x0800b64e   0x00000048   Code   RO         8137    i.USBD_RegisterClass  usbd_core.o
    0x0800b696   0x0800b696   0x00000006   Code   RO         8138    i.USBD_RunTestMode  usbd_core.o
    0x0800b69c   0x0800b69c   0x0000005a   Code   RO         8293    i.USBD_SetAddress   usbd_ctlreq.o
    0x0800b6f6   0x0800b6f6   0x00000020   Code   RO         8139    i.USBD_SetClassConfig  usbd_core.o
    0x0800b716   0x0800b716   0x00000002   PAD
    0x0800b718   0x0800b718   0x00000104   Code   RO         8294    i.USBD_SetConfig    usbd_ctlreq.o
    0x0800b81c   0x0800b81c   0x00000038   Code   RO         8295    i.USBD_SetFeature   usbd_ctlreq.o
    0x0800b854   0x0800b854   0x0000000c   Code   RO         8140    i.USBD_Start        usbd_core.o
    0x0800b860   0x0800b860   0x000000ae   Code   RO         8296    i.USBD_StdDevReq    usbd_ctlreq.o
    0x0800b90e   0x0800b90e   0x00000284   Code   RO         8297    i.USBD_StdEPReq     usbd_ctlreq.o
    0x0800bb92   0x0800bb92   0x000000ae   Code   RO         8298    i.USBD_StdItfReq    usbd_ctlreq.o
    0x0800bc40   0x0800bc40   0x00000002   Code   RO         7936    i.USBD_static_free  usbd_conf.o
    0x0800bc42   0x0800bc42   0x00000002   PAD
    0x0800bc44   0x0800bc44   0x0000000c   Code   RO         7937    i.USBD_static_malloc  usbd_conf.o
    0x0800bc50   0x0800bc50   0x000000d0   Code   RO         2112    i.USB_ActivateEndpoint  stm32f4xx_ll_usb.o
    0x0800bd20   0x0800bd20   0x00000028   Code   RO         2114    i.USB_ActivateSetup  stm32f4xx_ll_usb.o
    0x0800bd48   0x0800bd48   0x0000008c   Code   RO         2116    i.USB_CoreInit      stm32f4xx_ll_usb.o
    0x0800bdd4   0x0800bdd4   0x00000062   Code   RO         2117    i.USB_CoreReset     stm32f4xx_ll_usb.o
    0x0800be36   0x0800be36   0x00000002   PAD
    0x0800be38   0x0800be38   0x0000014c   Code   RO         2120    i.USB_DeactivateEndpoint  stm32f4xx_ll_usb.o
    0x0800bf84   0x0800bf84   0x00000024   Code   RO         2121    i.USB_DevConnect    stm32f4xx_ll_usb.o
    0x0800bfa8   0x0800bfa8   0x00000024   Code   RO         2122    i.USB_DevDisconnect  stm32f4xx_ll_usb.o
    0x0800bfcc   0x0800bfcc   0x000001e8   Code   RO         2123    i.USB_DevInit       stm32f4xx_ll_usb.o
    0x0800c1b4   0x0800c1b4   0x0000000e   Code   RO         2124    i.USB_DisableGlobalInt  stm32f4xx_ll_usb.o
    0x0800c1c2   0x0800c1c2   0x00000002   PAD
    0x0800c1c4   0x0800c1c4   0x00000070   Code   RO         2127    i.USB_EP0_OutStart  stm32f4xx_ll_usb.o
    0x0800c234   0x0800c234   0x0000008e   Code   RO         2128    i.USB_EPClearStall  stm32f4xx_ll_usb.o
    0x0800c2c2   0x0800c2c2   0x0000009a   Code   RO         2129    i.USB_EPSetStall    stm32f4xx_ll_usb.o
    0x0800c35c   0x0800c35c   0x000003c0   Code   RO         2130    i.USB_EPStartXfer   stm32f4xx_ll_usb.o
    0x0800c71c   0x0800c71c   0x000000ec   Code   RO         2131    i.USB_EPStopXfer    stm32f4xx_ll_usb.o
    0x0800c808   0x0800c808   0x0000000e   Code   RO         2132    i.USB_EnableGlobalInt  stm32f4xx_ll_usb.o
    0x0800c816   0x0800c816   0x00000050   Code   RO         2133    i.USB_FlushRxFifo   stm32f4xx_ll_usb.o
    0x0800c866   0x0800c866   0x00000054   Code   RO         2134    i.USB_FlushTxFifo   stm32f4xx_ll_usb.o
    0x0800c8ba   0x0800c8ba   0x00000026   Code   RO         2136    i.USB_GetDevSpeed   stm32f4xx_ll_usb.o
    0x0800c8e0   0x0800c8e0   0x0000000a   Code   RO         2138    i.USB_GetMode       stm32f4xx_ll_usb.o
    0x0800c8ea   0x0800c8ea   0x00000002   PAD
    0x0800c8ec   0x0800c8ec   0x00000054   Code   RO         5904    i.USB_Init          usb.o
    0x0800c940   0x0800c940   0x00000018   Code   RO         5905    i.USB_ProcessTask   usb.o
    0x0800c958   0x0800c958   0x00000014   Code   RO         2146    i.USB_ReadDevAllInEpInterrupt  stm32f4xx_ll_usb.o
    0x0800c96c   0x0800c96c   0x00000014   Code   RO         2147    i.USB_ReadDevAllOutEpInterrupt  stm32f4xx_ll_usb.o
    0x0800c980   0x0800c980   0x00000032   Code   RO         2148    i.USB_ReadDevInEPInterrupt  stm32f4xx_ll_usb.o
    0x0800c9b2   0x0800c9b2   0x0000001a   Code   RO         2149    i.USB_ReadDevOutEPInterrupt  stm32f4xx_ll_usb.o
    0x0800c9cc   0x0800c9cc   0x0000000a   Code   RO         2150    i.USB_ReadInterrupts  stm32f4xx_ll_usb.o
    0x0800c9d6   0x0800c9d6   0x00000060   Code   RO         2151    i.USB_ReadPacket    stm32f4xx_ll_usb.o
    0x0800ca36   0x0800ca36   0x00000002   PAD
    0x0800ca38   0x0800ca38   0x0000005c   Code   RO         5907    i.USB_RxHandler     usb.o
    0x0800ca94   0x0800ca94   0x00000068   Code   RO         2153    i.USB_SetCurrentMode  stm32f4xx_ll_usb.o
    0x0800cafc   0x0800cafc   0x0000002a   Code   RO         2154    i.USB_SetDevAddress  stm32f4xx_ll_usb.o
    0x0800cb26   0x0800cb26   0x00000012   Code   RO         2155    i.USB_SetDevSpeed   stm32f4xx_ll_usb.o
    0x0800cb38   0x0800cb38   0x000000e8   Code   RO         2156    i.USB_SetTurnaroundTime  stm32f4xx_ll_usb.o
    0x0800cc20   0x0800cc20   0x00000018   Code   RO         5908    i.USB_Transmit      usb.o
    0x0800cc38   0x0800cc38   0x00000044   Code   RO         2159    i.USB_WritePacket   stm32f4xx_ll_usb.o
    0x0800cc7c   0x0800cc7c   0x00000268   Code   RO         6058    i.UpdateIMUCorrection  chassis.o
    0x0800cee4   0x0800cee4   0x00000004   Code   RO          671    i.UsageFault_Handler  stm32f4xx_it.o
    0x0800cee8   0x0800cee8   0x0000000e   Code   RO          334    i.Usb_f             freertos.o
    0x0800cef6   0x0800cef6   0x00000026   Code   RO         9065    i.__ARM_fpclassifyf  m_wm.l(fpclassifyf.o)
    0x0800cf1c   0x0800cf1c   0x00000010   Code   RO         3227    i.__NVIC_GetPriorityGrouping  stm32f4xx_hal_cortex.o
    0x0800cf2c   0x0800cf2c   0x00000028   Code   RO         3228    i.__NVIC_SetPriority  stm32f4xx_hal_cortex.o
    0x0800cf54   0x0800cf54   0x00000118   Code   RO         8888    i.__hardfp_acosf    m_wm.l(acosf.o)
    0x0800d06c   0x0800d06c   0x0000012c   Code   RO         8900    i.__hardfp_asinf    m_wm.l(asinf.o)
    0x0800d198   0x0800d198   0x000002ac   Code   RO         8912    i.__hardfp_atan2f   m_wm.l(atan2f.o)
    0x0800d444   0x0800d444   0x00000150   Code   RO         8924    i.__hardfp_cosf     m_wm.l(cosf.o)
    0x0800d594   0x0800d594   0x00000190   Code   RO         8936    i.__hardfp_sinf     m_wm.l(sinf.o)
    0x0800d724   0x0800d724   0x0000003a   Code   RO         8948    i.__hardfp_sqrtf    m_wm.l(sqrtf.o)
    0x0800d75e   0x0800d75e   0x00000006   Code   RO         9068    i.__mathlib_flt_infnan  m_wm.l(funder.o)
    0x0800d764   0x0800d764   0x00000006   Code   RO         9069    i.__mathlib_flt_infnan2  m_wm.l(funder.o)
    0x0800d76a   0x0800d76a   0x00000002   PAD
    0x0800d76c   0x0800d76c   0x00000010   Code   RO         9070    i.__mathlib_flt_invalid  m_wm.l(funder.o)
    0x0800d77c   0x0800d77c   0x00000010   Code   RO         9073    i.__mathlib_flt_underflow  m_wm.l(funder.o)
    0x0800d78c   0x0800d78c   0x00000154   Code   RO         9081    i.__mathlib_rredf2  m_wm.l(rredf.o)
    0x0800d8e0   0x0800d8e0   0x0000000c   Code   RO         6297    i.all_cmd_Task      test.o
    0x0800d8ec   0x0800d8ec   0x00000008   Code   RO         6298    i.all_init_Task     test.o
    0x0800d8f4   0x0800d8f4   0x00000184   Code   RO         5347    i.bmi088_accel_init  bmi088driver.o
    0x0800da78   0x0800da78   0x00000148   Code   RO         5348    i.bmi088_gyro_init  bmi088driver.o
    0x0800dbc0   0x0800dbc0   0x000000c8   Code   RO         4804    i.f_Changing_Integration_Rate  controller.o
    0x0800dc88   0x0800dc88   0x00000042   Code   RO         4805    i.f_Derivative_Filter  controller.o
    0x0800dcca   0x0800dcca   0x00000022   Code   RO         4806    i.f_Derivative_On_Measurement  controller.o
    0x0800dcec   0x0800dcec   0x000000d4   Code   RO         4807    i.f_Integral_Limit  controller.o
    0x0800ddc0   0x0800ddc0   0x00000042   Code   RO         4808    i.f_Output_Filter   controller.o
    0x0800de02   0x0800de02   0x0000003e   Code   RO         4809    i.f_Output_Limit    controller.o
    0x0800de40   0x0800de40   0x000000bc   Code   RO         4810    i.f_PID_ErrorHandle  controller.o
    0x0800defc   0x0800defc   0x00000084   Code   RO         4811    i.f_Trapezoid_Intergral  controller.o
    0x0800df80   0x0800df80   0x0000000a   Code   RO         4812    i.fabsf             controller.o
    0x0800df8a   0x0800df8a   0x0000000a   Code   RO         5349    i.fabsf             bmi088driver.o
    0x0800df94   0x0800df94   0x0000000a   Code   RO         6059    i.fabsf             chassis.o
    0x0800df9e   0x0800df9e   0x0000002a   Code   RO         5667    i.float_constrain   user_lib.o
    0x0800dfc8   0x0800dfc8   0x00000048   Code   RO         5669    i.float_rounding    user_lib.o
    0x0800e010   0x0800e010   0x0000003c   Code   RO         5792    i.invSqrt           quaternionekf.o
    0x0800e04c   0x0800e04c   0x0000003c   Code   RO           16    i.main              main.o
    0x0800e088   0x0800e088   0x0000000e   Code   RO         7212    i.makeFreeRtosPriority  cmsis_os.o
    0x0800e096   0x0800e096   0x00000002   PAD
    0x0800e098   0x0800e098   0x00000024   Code   RO         5910    i.on_receive_CmdVel  usb.o
    0x0800e0bc   0x0800e0bc   0x00000002   Code   RO         5911    i.on_receive_Handshake  usb.o
    0x0800e0be   0x0800e0be   0x00000002   PAD
    0x0800e0c0   0x0800e0c0   0x00000014   Code   RO         5912    i.on_receive_Heartbeat  usb.o
    0x0800e0d4   0x0800e0d4   0x00000018   Code   RO         7214    i.osDelay           cmsis_os.o
    0x0800e0ec   0x0800e0ec   0x0000000a   Code   RO         7217    i.osKernelStart     cmsis_os.o
    0x0800e0f6   0x0800e0f6   0x0000005e   Code   RO         7251    i.osThreadCreate    cmsis_os.o
    0x0800e154   0x0800e154   0x00000148   Code   RO         6012    i.protocol_fsm_feed  protocol.o
    0x0800e29c   0x0800e29c   0x00000098   Code   RO         6877    i.prvAddCurrentTaskToDelayedList  tasks.o
    0x0800e334   0x0800e334   0x000000b4   Code   RO         6878    i.prvAddNewTaskToReadyList  tasks.o
    0x0800e3e8   0x0800e3e8   0x00000048   Code   RO         6879    i.prvCheckTasksWaitingTermination  tasks.o
    0x0800e430   0x0800e430   0x00000050   Code   RO         6880    i.prvDeleteTCB      tasks.o
    0x0800e480   0x0800e480   0x0000007c   Code   RO         7579    i.prvHeapInit       heap_4.o
    0x0800e4fc   0x0800e4fc   0x00000028   Code   RO         6881    i.prvIdleTask       tasks.o
    0x0800e524   0x0800e524   0x000000b4   Code   RO         6882    i.prvInitialiseNewTask  tasks.o
    0x0800e5d8   0x0800e5d8   0x00000068   Code   RO         6883    i.prvInitialiseTaskLists  tasks.o
    0x0800e640   0x0800e640   0x00000068   Code   RO         7580    i.prvInsertBlockIntoFreeList  heap_4.o
    0x0800e6a8   0x0800e6a8   0x00000034   Code   RO         6884    i.prvResetNextTaskUnblockTime  tasks.o
    0x0800e6dc   0x0800e6dc   0x00000040   Code   RO         7648    i.prvTaskExitError  port.o
    0x0800e71c   0x0800e71c   0x0000014c   Code   RO         7581    i.pvPortMalloc      heap_4.o
    0x0800e868   0x0800e868   0x0000002c   Code   RO         7649    i.pxPortInitialiseStack  port.o
    0x0800e894   0x0800e894   0x000001a8   Code   RO         5182    i.sbus_to_rc        remote.o
    0x0800ea3c   0x0800ea3c   0x0000006c   Code   RO         6013    i.send_Handshake    protocol.o
    0x0800eaa8   0x0800eaa8   0x0000003e   Code   RO         8950    i.sqrtf             m_wm.l(sqrtf.o)
    0x0800eae6   0x0800eae6   0x00000028   Code   RO         6503    i.uxListRemove      list.o
    0x0800eb0e   0x0800eb0e   0x00000002   PAD
    0x0800eb10   0x0800eb10   0x00000018   Code   RO          335    i.vApplicationGetIdleTaskMemory  freertos.o
    0x0800eb28   0x0800eb28   0x0000001a   Code   RO         6504    i.vListInitialise   list.o
    0x0800eb42   0x0800eb42   0x00000006   Code   RO         6505    i.vListInitialiseItem  list.o
    0x0800eb48   0x0800eb48   0x00000034   Code   RO         6506    i.vListInsert       list.o
    0x0800eb7c   0x0800eb7c   0x00000018   Code   RO         6507    i.vListInsertEnd    list.o
    0x0800eb94   0x0800eb94   0x00000054   Code   RO         7651    i.vPortEnterCritical  port.o
    0x0800ebe8   0x0800ebe8   0x0000003c   Code   RO         7652    i.vPortExitCritical  port.o
    0x0800ec24   0x0800ec24   0x000000a4   Code   RO         7582    i.vPortFree         heap_4.o
    0x0800ecc8   0x0800ecc8   0x00000028   Code   RO         7653    i.vPortSetupTimerInterrupt  port.o
    0x0800ecf0   0x0800ecf0   0x0000005c   Code   RO         6893    i.vTaskDelay        tasks.o
    0x0800ed4c   0x0800ed4c   0x000000b0   Code   RO         6907    i.vTaskStartScheduler  tasks.o
    0x0800edfc   0x0800edfc   0x00000010   Code   RO         6909    i.vTaskSuspendAll   tasks.o
    0x0800ee0c   0x0800ee0c   0x0000008c   Code   RO         6910    i.vTaskSwitchContext  tasks.o
    0x0800ee98   0x0800ee98   0x00000168   Code   RO         7655    i.xPortStartScheduler  port.o
    0x0800f000   0x0800f000   0x00000064   Code   RO         6913    i.xTaskCreate       tasks.o
    0x0800f064   0x0800f064   0x000000ba   Code   RO         6914    i.xTaskCreateStatic  tasks.o
    0x0800f11e   0x0800f11e   0x00000002   PAD
    0x0800f120   0x0800f120   0x00000148   Code   RO         6921    i.xTaskIncrementTick  tasks.o
    0x0800f268   0x0800f268   0x00000104   Code   RO         6927    i.xTaskResumeAll    tasks.o
    0x0800f36c   0x0800f36c   0x00000062   Code   RO         8862    x$fpl$d2f           fz_wm.l(d2f.o)
    0x0800f3ce   0x0800f3ce   0x00000002   PAD
    0x0800f3d0   0x0800f3d0   0x000002b0   Code   RO         8871    x$fpl$ddiv          fz_wm.l(ddiv.o)
    0x0800f680   0x0800f680   0x00000154   Code   RO         8882    x$fpl$dmul          fz_wm.l(dmul.o)
    0x0800f7d4   0x0800f7d4   0x0000009c   Code   RO         9056    x$fpl$dnaninf       fz_wm.l(dnaninf.o)
    0x0800f870   0x0800f870   0x0000000c   Code   RO         9058    x$fpl$dretinf       fz_wm.l(dretinf.o)
    0x0800f87c   0x0800f87c   0x00000056   Code   RO         8886    x$fpl$f2d           fz_wm.l(f2d.o)
    0x0800f8d2   0x0800f8d2   0x0000008c   Code   RO         9060    x$fpl$fnaninf       fz_wm.l(fnaninf.o)
    0x0800f95e   0x0800f95e   0x0000000a   Code   RO         9130    x$fpl$fpinit        fz_wm.l(fpinit.o)
    0x0800f968   0x0800f968   0x0000000a   Code   RO         9062    x$fpl$fretinf       fz_wm.l(fretinf.o)
    0x0800f972   0x0800f972   0x00000000   Code   RO         9064    x$fpl$usenofp       fz_wm.l(usenofp.o)
    0x0800f972   0x0800f972   0x00000002   PAD
    0x0800f974   0x0800f974   0x00000070   Data   RO          337    .constdata          freertos.o
    0x0800f9e4   0x0800f9e4   0x00000008   Data   RO         2941    .constdata          stm32f4xx_hal_dma.o
    0x0800f9ec   0x0800f9ec   0x00000018   Data   RO         4553    .constdata          system_stm32f4xx.o
    0x0800fa04   0x0800fa04   0x0000000c   Data   RO         4927    .constdata          dji_motor.o
    0x0800fa10   0x0800fa10   0x0000000c   Data   RO         5184    .constdata          remote.o
    0x0800fa1c   0x0800fa1c   0x00000068   Data   RO         5488    .constdata          ins_task.o
    0x0800fa84   0x0800fa84   0x00000090   Data   RO         5794    .constdata          quaternionekf.o
    0x0800fb14   0x0800fb14   0x00000104   Data   RO         6016    .constdata          protocol.o
    0x0800fc18   0x0800fc18   0x0000025c   Data   RO         6061    .constdata          chassis.o
    0x0800fe74   0x0800fe74   0x00000014   Data   RO         6344    .constdata          nac.o
    0x0800fe88   0x0800fe88   0x00000020   Data   RO         9082    .constdata          m_wm.l(rredf.o)
    0x0800fea8   0x0800fea8   0x00000024   Data   RO          338    .conststring        freertos.o
    0x0800fecc   0x0800fecc   0x00000804   Data   RO         8745    .rodata.sinTable_f32  arm_cortexM4lf_math.lib(arm_common_tables.o)
    0x080106d0   0x080106d0   0x00000040   Data   RO         9221    Region$$Table       anon$$obj.o


    Execution Region RW_IRAM1 (Exec base: 0x20000000, Load base: 0x08010710, Size: 0x000180e8, Max: 0x0001c000, ABSOLUTE, COMPRESSED[0x00000120])

    Exec Addr    Load Addr    Size         Type   Attr      Idx    E Section Name        Object

    0x20000000   COMPRESSED   0x00000010   Data   RW          339    .data               freertos.o
    0x20000010   COMPRESSED   0x00000004   Data   RW          449    .data               can.o
    0x20000014   COMPRESSED   0x00000009   Data   RW         3391    .data               stm32f4xx_hal.o
    0x2000001d   COMPRESSED   0x00000003   PAD
    0x20000020   COMPRESSED   0x00000004   Data   RW         4554    .data               system_stm32f4xx.o
    0x20000024   COMPRESSED   0x00000004   PAD
    0x20000028   COMPRESSED   0x00000048   Data   RW         4666    .data               bsp_dwt.o
    0x20000070   COMPRESSED   0x0000018d   Data   RW         4928    .data               dji_motor.o
    0x200001fd   COMPRESSED   0x00000003   PAD
    0x20000200   COMPRESSED   0x00000048   Data   RW         5351    .data               bmi088driver.o
    0x20000248   COMPRESSED   0x00000044   Data   RW         5489    .data               ins_task.o
    0x2000028c   COMPRESSED   0x00000004   Data   RW         5588    .data               kalman_filter.o
    0x20000290   COMPRESSED   0x00000008   Data   RW         5675    .data               user_lib.o
    0x20000298   COMPRESSED   0x000000d4   Data   RW         5795    .data               quaternionekf.o
    0x2000036c   COMPRESSED   0x00000046   Data   RW         6062    .data               chassis.o
    0x200003b2   COMPRESSED   0x00000002   PAD
    0x200003b4   COMPRESSED   0x0000000c   Data   RW         6345    .data               nac.o
    0x200003c0   COMPRESSED   0x0000003c   Data   RW         6930    .data               tasks.o
    0x200003fc   COMPRESSED   0x00000020   Data   RW         7588    .data               heap_4.o
    0x2000041c   COMPRESSED   0x0000004e   Data   RW         7771    .data               usbd_desc.o
    0x2000046a   COMPRESSED   0x00000001   Data   RW         8299    .data               usbd_ctlreq.o
    0x2000046b   COMPRESSED   0x00000001   PAD
    0x2000046c   COMPRESSED   0x0000008a   Data   RW         8470    .data               usbd_cdc.o
    0x200004f6   COMPRESSED   0x00000002   PAD
    0x200004f8        -       0x00000264   Zero   RW          336    .bss                freertos.o
    0x2000075c        -       0x00000050   Zero   RW          448    .bss                can.o
    0x200007ac        -       0x00000118   Zero   RW          520    .bss                spi.o
    0x200008c4        -       0x00000048   Zero   RW          563    .bss                tim.o
    0x2000090c        -       0x00000150   Zero   RW          611    .bss                usart.o
    0x20000a5c        -       0x00000048   Zero   RW          806    .bss                stm32f4xx_hal_timebase_tim.o
    0x20000aa4        -       0x0000005c   Zero   RW         4596    .bss                bsp_can.o
    0x20000b00        -       0x0000000c   Zero   RW         4739    .bss                bsp_usart.o
    0x20000b0c        -       0x00000094   Zero   RW         5183    .bss                remote.o
    0x20000ba0        -       0x00000080   Zero   RW         5294    .bss                daemon.o
    0x20000c20        -       0x00000040   Zero   RW         5350    .bss                bmi088driver.o
    0x20000c60        -       0x00000110   Zero   RW         5487    .bss                ins_task.o
    0x20000d70        -       0x00000270   Zero   RW         5793    .bss                quaternionekf.o
    0x20000fe0        -       0x0000040c   Zero   RW         5914    .bss                usb.o
    0x200013ec        -       0x00000100   Zero   RW         6015    .bss                protocol.o
    0x200014ec   COMPRESSED   0x00000004   PAD
    0x200014f0        -       0x000000a2   Zero   RW         6060    .bss                chassis.o
    0x20001592   COMPRESSED   0x00000002   PAD
    0x20001594        -       0x000000f0   Zero   RW         6929    .bss                tasks.o
    0x20001684        -       0x00004e20   Zero   RW         7587    .bss                heap_4.o
    0x200064a4        -       0x000002dc   Zero   RW         7727    .bss                usb_device.o
    0x20006780        -       0x00000200   Zero   RW         7770    .bss                usbd_desc.o
    0x20006980        -       0x00001000   Zero   RW         7848    .bss                usbd_cdc_if.o
    0x20007980        -       0x00000704   Zero   RW         7938    .bss                usbd_conf.o
    0x20008084        -       0x00000060   Zero   RW         9087    .bss                c_w.l(libspace.o)
    0x200080e4   COMPRESSED   0x00000004   PAD
    0x200080e8        -       0x00008000   Zero   RW            2    HEAP                startup_stm32f407xx.o
    0x200100e8        -       0x00008000   Zero   RW            1    STACK               startup_stm32f407xx.o


    Execution Region RW_IRAM2 (Exec base: 0x2001c000, Load base: 0x08010830, Size: 0x000000d8, Max: 0x00004000, ABSOLUTE)

    Exec Addr    Load Addr    Size         Type   Attr      Idx    E Section Name        Object

    0x2001c000   0x08010830   0x0000000c   Data   RW         4597    .data               bsp_can.o
    0x2001c00c   0x0801083c   0x00000001   Data   RW         4740    .data               bsp_usart.o
    0x2001c00d   0x0801083d   0x00000003   PAD
    0x2001c010   0x08010840   0x00000008   Data   RW         4813    .data               controller.o
    0x2001c018   0x08010848   0x0000000c   Data   RW         5185    .data               remote.o
    0x2001c024   0x08010854   0x00000001   Data   RW         5295    .data               daemon.o
    0x2001c025   0x08010855   0x00000003   PAD
    0x2001c028   0x08010858   0x00000004   Data   RW         5427    .data               bmi088middleware.o
    0x2001c02c   0x0801085c   0x00000011   Data   RW         5916    .data               usb.o
    0x2001c03d   0x0801086d   0x00000001   PAD
    0x2001c03e   0x0801086e   0x00000007   Data   RW         6017    .data               protocol.o
    0x2001c045   0x08010875   0x00000003   PAD
    0x2001c048   0x08010878   0x00000040   Data   RW         6189    .data               shoot.o
    0x2001c088   0x080108b8   0x0000000c   Data   RW         7656    .data               port.o
    0x2001c094   0x080108c4   0x00000014   Data   RW         7849    .data               usbd_cdc_if.o
    0x2001c0a8        -       0x00000030   Zero   RW         4926    .bss                dji_motor.o


==============================================================================

Image component sizes


      Code (inc. data)   RO Data    RW Data    ZI Data      Debug   Object Name

         0          0          0          0          0       1676   arm.o
      2980        194          0         72         64      10856   bmi088driver.o
       116         30          0          4          0       3408   bmi088middleware.o
       632         50          0         12         92       6240   bsp_can.o
       696        126          0         72          0       5476   bsp_dwt.o
       388         28          0          1         12       5537   bsp_usart.o
       520         44          0          4         80       2658   can.o
      2254        230        604         70        162      25503   chassis.o
       142          0          0          0          0      23255   cmsis_os.o
      1458         50          0          8          0      13056   controller.o
        94          8          0          1        128       2560   daemon.o
      1310         78         12        397         48      12975   dji_motor.o
       136          6          0          0          0        982   dma.o
         0          0          0          0          0      14464   event_groups.o
       198         32        148         16        612      13696   freertos.o
       492         22          0          0          0       1387   gpio.o
       724         74          0         32      20000       7651   heap_4.o
      2772        198        104         68        272       8349   ins_task.o
      3160         26          0          4          0       9271   kalman_filter.o
       148          0          0          0          0       3786   list.o
       270         14          0          0          0     781168   main.o
       346         28         20         12          0       5164   nac.o
       894         78          0         12          0      11428   port.o
       436         42        260          7        256       3285   protocol.o
      4092        222        144        212        624      10831   quaternionekf.o
         0          0          0          0          0        400   ramp_contorller.o
       616         54         12         12        148       5644   remote.o
        24          4          0          0          0        515   robot_cmd.o
         0          0          0         64          0       2416   shoot.o
       432         38          0          0        280       2123   spi.o
        64         26        392          0      65536        860   startup_stm32f407xx.o
       136         24          0          9          0       8966   stm32f4xx_hal.o
      2236          4          0          0          0      15714   stm32f4xx_hal_can.o
       260         22          0          0          0      33662   stm32f4xx_hal_cortex.o
      1264         16          8          0          0       6454   stm32f4xx_hal_dma.o
       512         46          0          0          0       2280   stm32f4xx_hal_gpio.o
        84          6          0          0          0       1018   stm32f4xx_hal_msp.o
      3562         16          0          0          0      14184   stm32f4xx_hal_pcd.o
        90          0          0          0          0       2625   stm32f4xx_hal_pcd_ex.o
      1888         94          0          0          0       6541   stm32f4xx_hal_rcc.o
      1506         18          0          0          0       7138   stm32f4xx_hal_spi.o
      1972        142          0          0          0      13180   stm32f4xx_hal_tim.o
         4          0          0          0          0       1773   stm32f4xx_hal_tim_ex.o
       180         20          0          0         72       1644   stm32f4xx_hal_timebase_tim.o
      1448         24          0          0          0       8788   stm32f4xx_hal_uart.o
       198         66          0          0          0       8643   stm32f4xx_it.o
      3908         84          0          0          0      23476   stm32f4xx_ll_usb.o
        20          6         24          4          0       1299   system_stm32f4xx.o
      2158        270          0         60        240      20877   tasks.o
        20          0          0          0          0        991   test.o
       256         28          0          0         72       2498   tim.o
       580         64          0          0        336       2829   usart.o
       342         74          0         17       1036       6979   usb.o
        76         16          0          0        732        812   usb_device.o
      1772         52          0        138          0      14677   usbd_cdc.o
       212         22          0         20       4096       4556   usbd_cdc_if.o
      1004         24          0          0       1796      18200   usbd_conf.o
      1372          0          0          0          0      17053   usbd_core.o
      2366         30          0          1          0      18348   usbd_ctlreq.o
       386        122          0         78        512       7197   usbd_desc.o
       182          0          0          0          0       4960   usbd_ioreq.o
       426         18          0          8          0       4833   user_lib.o

    ----------------------------------------------------------------------
     55892       3010       1792       1440      97212    1278815   Object Totals
         0          0         64          0          0          0   (incl. Generated)
        78          0          0         25          6          0   (incl. Padding)

    ----------------------------------------------------------------------

      Code (inc. data)   RO Data    RW Data    ZI Data      Debug   Library Member Name

         0          0       2052          0          0       6294   arm_common_tables.o
       152         12          0          0          0       1104   arm_cos_f32.o
       186          0          0          0          0       1797   arm_mat_add_f32.o
         8          0          0          0          0        841   arm_mat_init_f32.o
       756          4          0          0          0       3732   arm_mat_inverse_f32.o
       296          4          0          0          0       2300   arm_mat_mult_f32.o
       186          0          0          0          0       1795   arm_mat_sub_f32.o
       162          0          0          0          0       1865   arm_mat_trans_f32.o
       144         12          0          0          0       1092   arm_sin_f32.o
        90          0          0          0          0          0   __dczerorl2.o
         8          0          0          0          0         68   __main.o
         0          0          0          0          0          0   __rtentry.o
        12          0          0          0          0          0   __rtentry2.o
         6          0          0          0          0          0   __rtentry4.o
        52          8          0          0          0          0   __scatter.o
        26          0          0          0          0          0   __scatter_copy.o
        28          0          0          0          0          0   __scatter_zi.o
        22          0          0          0          0        100   _rserrno.o
        10          0          0          0          0         68   defsig_exit.o
        50          0          0          0          0         88   defsig_general.o
        80         58          0          0          0         76   defsig_rtmem_inner.o
        14          0          0          0          0         80   defsig_rtmem_outer.o
        18          0          0          0          0         80   exit.o
        94          0          0          0          0         80   h1_alloc.o
        52          0          0          0          0         68   h1_extend.o
        78          0          0          0          0         80   h1_free.o
        14          0          0          0          0         84   h1_init.o
         6          0          0          0          0        152   heapauxi.o
         4          0          0          0          0        136   hguard.o
         0          0          0          0          0          0   indicate_semi.o
       138          0          0          0          0        168   init_alloc.o
         2          0          0          0          0          0   libinit.o
        14          0          0          0          0          0   libinit2.o
         2          0          0          0          0          0   libshutdown.o
         2          0          0          0          0          0   libshutdown2.o
         8          4          0          0         96         68   libspace.o
       238          0          0          0          0        100   lludivv7m.o
         0          0          0          0          0          0   maybetermalloc1.o
         8          4          0          0          0         68   rt_errno_addr_intlibspace.o
         8          4          0          0          0         68   rt_heap_descriptor_intlibspace.o
        68          0          0          0          0         68   rt_memclr.o
        78          0          0          0          0         80   rt_memclr_w.o
       138          0          0          0          0         68   rt_memcpy_v6.o
       100          0          0          0          0         80   rt_memcpy_w.o
         2          0          0          0          0          0   rtexit.o
        10          0          0          0          0          0   rtexit2.o
        12          4          0          0          0         68   sys_exit.o
        74          0          0          0          0         80   sys_stackheap_outer.o
        14          0          0          0          0         76   sys_wrch.o
         2          0          0          0          0         68   use_no_semi.o
        98          4          0          0          0        140   d2f.o
       688        140          0          0          0        256   ddiv.o
       340         12          0          0          0        152   dmul.o
       156          4          0          0          0        140   dnaninf.o
        12          0          0          0          0        116   dretinf.o
        86          4          0          0          0        132   f2d.o
       140          4          0          0          0        132   fnaninf.o
        10          0          0          0          0        116   fpinit.o
        10          0          0          0          0        116   fretinf.o
         0          0          0          0          0          0   usenofp.o
       280         46          0          0          0        176   acosf.o
       300         42          0          0          0        176   asinf.o
       684         90          0          0          0        208   atan2f.o
       336         56          0          0          0        136   cosf.o
        38          0          0          0          0        116   fpclassifyf.o
        44         12          0          0          0        464   funder.o
       340         24         32          0          0        160   rredf.o
       400         56          0          0          0        212   sinf.o
       120          0          0          0          0        272   sqrtf.o

    ----------------------------------------------------------------------
      7576        608       2084          0        100      26260   Library Totals
        22          0          0          0          4          0   (incl. Padding)

    ----------------------------------------------------------------------

      Code (inc. data)   RO Data    RW Data    ZI Data      Debug   Library Name

      1890         32       2052          0          0      20820   arm_cortexM4lf_math.lib
      1582         82          0          0         96       2220   c_w.l
      1540        168          0          0          0       1300   fz_wm.l
      2542        326         32          0          0       1920   m_wm.l

    ----------------------------------------------------------------------
      7576        608       2084          0        100      26260   Library Totals

    ----------------------------------------------------------------------

==============================================================================


      Code (inc. data)   RO Data    RW Data    ZI Data      Debug   

     63468       3618       3876       1440      97312    1260935   Grand Totals
     63468       3618       3876        456      97312    1260935   ELF Image Totals (compressed)
     63468       3618       3876        456          0          0   ROM Totals

==============================================================================

    Total RO  Size (Code + RO Data)                67344 (  65.77kB)
    Total RW  Size (RW Data + ZI Data)             98752 (  96.44kB)
    Total ROM Size (Code + RO Data + RW Data)      67800 (  66.21kB)

==============================================================================

